Jan  7 19:30:05 docker-security7 kernel: [321630.954986] device veth619a92c entered promiscuous mode
Jan  7 19:30:05 docker-security7 kernel: [321630.955160] IPv6: ADDRCONF(NETDEV_UP): veth619a92c: link is not ready
Jan  7 19:30:06 docker-security7 kernel: [321631.717155] IPv6: ADDRCONF(NETDEV_CHANGE): veth619a92c: link becomes ready
Jan  7 19:30:06 docker-security7 kernel: [321631.717214] br-73bb1cef54ae: port 1(veth619a92c) entered forwarding state
Jan  7 19:30:06 docker-security7 kernel: [321631.717222] br-73bb1cef54ae: port 1(veth619a92c) entered forwarding state
Jan  7 19:30:21 docker-security7 kernel: [321646.748199] br-73bb1cef54ae: port 1(veth619a92c) entered forwarding state
Jan  7 19:32:58 docker-security7 kernel: [321804.454481] device veth4949dd6 entered promiscuous mode
Jan  7 19:32:58 docker-security7 kernel: [321804.454845] IPv6: ADDRCONF(NETDEV_UP): veth4949dd6: link is not ready
Jan  7 19:32:59 docker-security7 kernel: [321805.380698] IPv6: ADDRCONF(NETDEV_CHANGE): veth4949dd6: link becomes ready
Jan  7 19:32:59 docker-security7 kernel: [321805.380755] br-73bb1cef54ae: port 2(veth4949dd6) entered forwarding state
Jan  7 19:32:59 docker-security7 kernel: [321805.380762] br-73bb1cef54ae: port 2(veth4949dd6) entered forwarding state
Jan  7 19:33:04 docker-security7 kernel: [321809.767700] audit: audit_backlog=326 > audit_backlog_limit=320
Jan  7 19:33:04 docker-security7 kernel: [321809.767707] audit: audit_lost=15 audit_rate_limit=0 audit_backlog_limit=320
Jan  7 19:33:04 docker-security7 kernel: [321809.767709] audit: backlog limit exceeded
Jan  7 19:33:04 docker-security7 kernel: [321809.771054] audit: audit_backlog=326 > audit_backlog_limit=320
Jan  7 19:33:04 docker-security7 kernel: [321809.771056] audit: audit_lost=16 audit_rate_limit=0 audit_backlog_limit=320
Jan  7 19:33:04 docker-security7 kernel: [321809.771057] audit: backlog limit exceeded
Jan  7 19:33:04 docker-security7 kernel: [321809.771112] audit: audit_backlog=326 > audit_backlog_limit=320
Jan  7 19:33:04 docker-security7 kernel: [321809.771113] audit: audit_lost=17 audit_rate_limit=0 audit_backlog_limit=320
Jan  7 19:33:04 docker-security7 kernel: [321809.771114] audit: backlog limit exceeded
Jan  7 19:33:04 docker-security7 kernel: [321809.771134] audit: audit_backlog=326 > audit_backlog_limit=320
Jan  7 19:33:14 docker-security7 kernel: [321820.412032] br-73bb1cef54ae: port 2(veth4949dd6) entered forwarding state
Jan  7 19:33:48 docker-security7 kernel: [321854.563088] audit_log_start: 358 callbacks suppressed
Jan  7 19:33:48 docker-security7 kernel: [321854.563097] audit: audit_backlog=326 > audit_backlog_limit=320
Jan  7 19:33:48 docker-security7 kernel: [321854.563100] audit: audit_lost=138 audit_rate_limit=0 audit_backlog_limit=320
Jan  7 19:33:48 docker-security7 kernel: [321854.563102] audit: backlog limit exceeded
Jan  7 19:33:48 docker-security7 kernel: [321854.569487] audit: audit_backlog=326 > audit_backlog_limit=320
Jan  7 19:33:48 docker-security7 kernel: [321854.569518] audit: audit_backlog=326 > audit_backlog_limit=320
Jan  7 19:33:48 docker-security7 kernel: [321854.569523] audit: audit_backlog=326 > audit_backlog_limit=320
Jan  7 19:33:48 docker-security7 kernel: [321854.569526] audit: audit_lost=139 audit_rate_limit=0 audit_backlog_limit=320
Jan  7 19:33:48 docker-security7 kernel: [321854.569533] audit: audit_lost=140 audit_rate_limit=0 audit_backlog_limit=320
Jan  7 19:33:48 docker-security7 kernel: [321854.569535] audit: backlog limit exceeded
Jan  7 19:33:48 docker-security7 kernel: [321854.569539] audit: backlog limit exceeded
Jan  7 19:39:04 docker-security7 kernel: [322169.945772] br-73bb1cef54ae: port 2(veth4949dd6) entered disabled state
Jan  7 19:39:04 docker-security7 kernel: [322170.098936] br-73bb1cef54ae: port 2(veth4949dd6) entered disabled state
Jan  7 19:39:04 docker-security7 kernel: [322170.099412] device veth4949dd6 left promiscuous mode
Jan  7 19:39:04 docker-security7 kernel: [322170.099436] br-73bb1cef54ae: port 2(veth4949dd6) entered disabled state
Jan  7 20:41:09 docker-security7 kernel: [    0.000000] Initializing cgroup subsys cpuset
Jan  7 20:41:09 docker-security7 kernel: [    0.000000] Initializing cgroup subsys cpu
Jan  7 20:41:09 docker-security7 kernel: [    0.000000] Initializing cgroup subsys cpuacct
Jan  7 20:41:09 docker-security7 kernel: [    0.000000] Linux version 3.13.0-95-generic (buildd@lgw01-58) (gcc version 4.8.4 (Ubuntu 4.8.4-2ubuntu1~14.04.3) ) #142-Ubuntu SMP Fri Aug 12 17:00:09 UTC 2016 (Ubuntu 3.13.0-95.142-generic 3.13.11-ckt39)
Jan  7 20:41:09 docker-security7 kernel: [    0.000000] Command line: BOOT_IMAGE=/boot/vmlinuz-3.13.0-95-generic root=UUID=f737ca97-7d91-4332-a1e7-36ac7ac787c1 ro console=tty1 console=ttyS0
Jan  7 20:41:09 docker-security7 kernel: [    0.000000] KERNEL supported cpus:
Jan  7 20:41:09 docker-security7 kernel: [    0.000000]   Intel GenuineIntel
Jan  7 20:41:09 docker-security7 kernel: [    0.000000]   AMD AuthenticAMD
Jan  7 20:41:09 docker-security7 kernel: [    0.000000]   Centaur CentaurHauls
Jan  7 20:41:09 docker-security7 kernel: [    0.000000] e820: BIOS-provided physical RAM map:
Jan  7 20:41:09 docker-security7 kernel: [    0.000000] BIOS-e820: [mem 0x0000000000000000-0x000000000009fbff] usable
Jan  7 20:41:09 docker-security7 kernel: [    0.000000] BIOS-e820: [mem 0x000000000009fc00-0x000000000009ffff] reserved
Jan  7 20:41:09 docker-security7 kernel: [    0.000000] BIOS-e820: [mem 0x00000000000f0000-0x00000000000fffff] reserved
Jan  7 20:41:09 docker-security7 kernel: [    0.000000] BIOS-e820: [mem 0x0000000000100000-0x00000000bfffcfff] usable
Jan  7 20:41:09 docker-security7 kernel: [    0.000000] BIOS-e820: [mem 0x00000000bfffd000-0x00000000bfffffff] reserved
Jan  7 20:41:09 docker-security7 kernel: [    0.000000] BIOS-e820: [mem 0x00000000feffc000-0x00000000feffffff] reserved
Jan  7 20:41:09 docker-security7 kernel: [    0.000000] BIOS-e820: [mem 0x00000000fffc0000-0x00000000ffffffff] reserved
Jan  7 20:41:09 docker-security7 kernel: [    0.000000] BIOS-e820: [mem 0x0000000100000000-0x000000043fffffff] usable
Jan  7 20:41:09 docker-security7 kernel: [    0.000000] NX (Execute Disable) protection: active
Jan  7 20:41:09 docker-security7 kernel: [    0.000000] SMBIOS 2.4 present.
Jan  7 20:41:09 docker-security7 kernel: [    0.000000] DMI: OpenStack Foundation OpenStack Nova, BIOS Bochs 01/01/2011
Jan  7 20:41:09 docker-security7 kernel: [    0.000000] Hypervisor detected: KVM
Jan  7 20:41:09 docker-security7 kernel: [    0.000000] e820: update [mem 0x00000000-0x00000fff] usable ==> reserved
Jan  7 20:41:09 docker-security7 kernel: [    0.000000] e820: remove [mem 0x000a0000-0x000fffff] usable
Jan  7 20:41:09 docker-security7 kernel: [    0.000000] No AGP bridge found
Jan  7 20:41:09 docker-security7 kernel: [    0.000000] e820: last_pfn = 0x440000 max_arch_pfn = 0x400000000
Jan  7 20:41:09 docker-security7 kernel: [    0.000000] MTRR default type: write-back
Jan  7 20:41:09 docker-security7 kernel: [    0.000000] MTRR fixed ranges enabled:
Jan  7 20:41:09 docker-security7 kernel: [    0.000000]   00000-9FFFF write-back
Jan  7 20:41:09 docker-security7 kernel: [    0.000000]   A0000-BFFFF uncachable
Jan  7 20:41:09 docker-security7 kernel: [    0.000000]   C0000-FFFFF write-protect
Jan  7 20:41:09 docker-security7 kernel: [    0.000000] MTRR variable ranges enabled:
Jan  7 20:41:09 docker-security7 kernel: [    0.000000]   0 base 00C0000000 mask FFC0000000 uncachable
Jan  7 20:41:09 docker-security7 kernel: [    0.000000]   1 disabled
Jan  7 20:41:09 docker-security7 kernel: [    0.000000]   2 disabled
Jan  7 20:41:09 docker-security7 kernel: [    0.000000]   3 disabled
Jan  7 20:41:09 docker-security7 kernel: [    0.000000]   4 disabled
Jan  7 20:41:09 docker-security7 kernel: [    0.000000]   5 disabled
Jan  7 20:41:09 docker-security7 kernel: [    0.000000]   6 disabled
Jan  7 20:41:09 docker-security7 kernel: [    0.000000]   7 disabled
Jan  7 20:41:09 docker-security7 kernel: [    0.000000] x86 PAT enabled: cpu 0, old 0x7040600070406, new 0x7010600070106
Jan  7 20:41:09 docker-security7 kernel: [    0.000000] e820: last_pfn = 0xbfffd max_arch_pfn = 0x400000000
Jan  7 20:41:09 docker-security7 kernel: [    0.000000] found SMP MP-table at [mem 0x000f0ac0-0x000f0acf] mapped at [ffff8800000f0ac0]
Jan  7 20:41:09 docker-security7 kernel: [    0.000000] Scanning 1 areas for low memory corruption
Jan  7 20:41:09 docker-security7 kernel: [    0.000000] Base memory trampoline at [ffff880000099000] 99000 size 24576
Jan  7 20:41:09 docker-security7 kernel: [    0.000000] Using GB pages for direct mapping
Jan  7 20:41:09 docker-security7 kernel: [    0.000000] init_memory_mapping: [mem 0x00000000-0x000fffff]
Jan  7 20:41:09 docker-security7 kernel: [    0.000000]  [mem 0x00000000-0x000fffff] page 4k
Jan  7 20:41:09 docker-security7 kernel: [    0.000000] BRK [0x01fe2000, 0x01fe2fff] PGTABLE
Jan  7 20:41:09 docker-security7 kernel: [    0.000000] BRK [0x01fe3000, 0x01fe3fff] PGTABLE
Jan  7 20:41:09 docker-security7 kernel: [    0.000000] BRK [0x01fe4000, 0x01fe4fff] PGTABLE
Jan  7 20:41:09 docker-security7 kernel: [    0.000000] init_memory_mapping: [mem 0x43fe00000-0x43fffffff]
Jan  7 20:41:09 docker-security7 kernel: [    0.000000]  [mem 0x43fe00000-0x43fffffff] page 1G
Jan  7 20:41:09 docker-security7 kernel: [    0.000000] init_memory_mapping: [mem 0x43c000000-0x43fdfffff]
Jan  7 20:41:09 docker-security7 kernel: [    0.000000]  [mem 0x43c000000-0x43fdfffff] page 1G
Jan  7 20:41:09 docker-security7 kernel: [    0.000000] init_memory_mapping: [mem 0x400000000-0x43bffffff]
Jan  7 20:41:09 docker-security7 kernel: [    0.000000]  [mem 0x400000000-0x43bffffff] page 1G
Jan  7 20:41:09 docker-security7 kernel: [    0.000000] init_memory_mapping: [mem 0x00100000-0xbfffcfff]
Jan  7 20:41:09 docker-security7 kernel: [    0.000000]  [mem 0x00100000-0x001fffff] page 4k
Jan  7 20:41:09 docker-security7 kernel: [    0.000000]  [mem 0x00200000-0x3fffffff] page 2M
Jan  7 20:41:09 docker-security7 kernel: [    0.000000]  [mem 0x40000000-0x7fffffff] page 1G
Jan  7 20:41:09 docker-security7 kernel: [    0.000000]  [mem 0x80000000-0xbfdfffff] page 2M
Jan  7 20:41:09 docker-security7 kernel: [    0.000000]  [mem 0xbfe00000-0xbfffcfff] page 4k
Jan  7 20:41:09 docker-security7 kernel: [    0.000000] init_memory_mapping: [mem 0x100000000-0x3ffffffff]
Jan  7 20:41:09 docker-security7 kernel: [    0.000000]  [mem 0x100000000-0x3ffffffff] page 1G
Jan  7 20:41:09 docker-security7 kernel: [    0.000000] RAMDISK: [mem 0x35094000-0x36841fff]
Jan  7 20:41:09 docker-security7 kernel: [    0.000000] ACPI: RSDP 00000000000f0a70 000014 (v00 BOCHS )
Jan  7 20:41:09 docker-security7 kernel: [    0.000000] ACPI: RSDT 00000000bffffba9 000034 (v01 BOCHS  BXPCRSDT 00000001 BXPC 00000001)
Jan  7 20:41:09 docker-security7 kernel: [    0.000000] ACPI: FACP 00000000bfffef00 000074 (v01 BOCHS  BXPCFACP 00000001 BXPC 00000001)
Jan  7 20:41:09 docker-security7 kernel: [    0.000000] ACPI: DSDT 00000000bfffdd80 001180 (v01 BOCHS  BXPCDSDT 00000001 BXPC 00000001)
Jan  7 20:41:09 docker-security7 kernel: [    0.000000] ACPI: FACS 00000000bfffdd40 000040
Jan  7 20:41:09 docker-security7 kernel: [    0.000000] ACPI: SSDT 00000000bfffef74 000B85 (v01 BOCHS  BXPCSSDT 00000001 BXPC 00000001)
Jan  7 20:41:09 docker-security7 kernel: [    0.000000] ACPI: APIC 00000000bffffaf9 0000B0 (v01 BOCHS  BXPCAPIC 00000001 BXPC 00000001)
Jan  7 20:41:09 docker-security7 kernel: [    0.000000] ACPI: RSDT 00000000bffffba9 000034 (v01 BOCHS  BXPCRSDT 00000001 BXPC 00000001)
Jan  7 20:41:09 docker-security7 kernel: [    0.000000] ACPI: Local APIC address 0xfee00000
Jan  7 20:41:09 docker-security7 kernel: [    0.000000] No NUMA configuration found
Jan  7 20:41:09 docker-security7 kernel: [    0.000000] Faking a node at [mem 0x0000000000000000-0x000000043fffffff]
Jan  7 20:41:09 docker-security7 kernel: [    0.000000] Initmem setup node 0 [mem 0x00000000-0x43fffffff]
Jan  7 20:41:09 docker-security7 kernel: [    0.000000]   NODE_DATA [mem 0x43fff9000-0x43fffdfff]
Jan  7 20:41:09 docker-security7 kernel: [    0.000000] kvm-clock: Using msrs 4b564d01 and 4b564d00
Jan  7 20:41:09 docker-security7 kernel: [    0.000000] kvm-clock: cpu 0, msr 4:3fff5001, boot clock
Jan  7 20:41:09 docker-security7 kernel: [    0.000000]  [ffffea0000000000-ffffea0010ffffff] PMD -> [ffff88042f600000-ffff88043f5fffff] on node 0
Jan  7 20:41:09 docker-security7 kernel: [    0.000000] Zone ranges:
Jan  7 20:41:09 docker-security7 kernel: [    0.000000]   DMA      [mem 0x00001000-0x00ffffff]
Jan  7 20:41:09 docker-security7 kernel: [    0.000000]   DMA32    [mem 0x01000000-0xffffffff]
Jan  7 20:41:09 docker-security7 kernel: [    0.000000]   Normal   [mem 0x100000000-0x43fffffff]
Jan  7 20:41:09 docker-security7 kernel: [    0.000000] Movable zone start for each node
Jan  7 20:41:09 docker-security7 kernel: [    0.000000] Early memory node ranges
Jan  7 20:41:09 docker-security7 kernel: [    0.000000]   node   0: [mem 0x00001000-0x0009efff]
Jan  7 20:41:09 docker-security7 kernel: [    0.000000]   node   0: [mem 0x00100000-0xbfffcfff]
Jan  7 20:41:09 docker-security7 kernel: [    0.000000]   node   0: [mem 0x100000000-0x43fffffff]
Jan  7 20:41:09 docker-security7 kernel: [    0.000000] On node 0 totalpages: 4194203
Jan  7 20:41:09 docker-security7 kernel: [    0.000000]   DMA zone: 64 pages used for memmap
Jan  7 20:41:09 docker-security7 kernel: [    0.000000]   DMA zone: 21 pages reserved
Jan  7 20:41:09 docker-security7 kernel: [    0.000000]   DMA zone: 3998 pages, LIFO batch:0
Jan  7 20:41:09 docker-security7 kernel: [    0.000000]   DMA32 zone: 12224 pages used for memmap
Jan  7 20:41:09 docker-security7 kernel: [    0.000000]   DMA32 zone: 782333 pages, LIFO batch:31
Jan  7 20:41:09 docker-security7 kernel: [    0.000000]   Normal zone: 53248 pages used for memmap
Jan  7 20:41:09 docker-security7 kernel: [    0.000000]   Normal zone: 3407872 pages, LIFO batch:31
Jan  7 20:41:09 docker-security7 kernel: [    0.000000] ACPI: PM-Timer IO Port: 0xb008
Jan  7 20:41:09 docker-security7 kernel: [    0.000000] ACPI: Local APIC address 0xfee00000
Jan  7 20:41:09 docker-security7 kernel: [    0.000000] ACPI: LAPIC (acpi_id[0x00] lapic_id[0x00] enabled)
Jan  7 20:41:09 docker-security7 kernel: [    0.000000] ACPI: LAPIC (acpi_id[0x01] lapic_id[0x01] enabled)
Jan  7 20:41:09 docker-security7 kernel: [    0.000000] ACPI: LAPIC (acpi_id[0x02] lapic_id[0x02] enabled)
Jan  7 20:41:09 docker-security7 kernel: [    0.000000] ACPI: LAPIC (acpi_id[0x03] lapic_id[0x03] enabled)
Jan  7 20:41:09 docker-security7 kernel: [    0.000000] ACPI: LAPIC (acpi_id[0x04] lapic_id[0x04] enabled)
Jan  7 20:41:09 docker-security7 kernel: [    0.000000] ACPI: LAPIC (acpi_id[0x05] lapic_id[0x05] enabled)
Jan  7 20:41:09 docker-security7 kernel: [    0.000000] ACPI: LAPIC (acpi_id[0x06] lapic_id[0x06] enabled)
Jan  7 20:41:09 docker-security7 kernel: [    0.000000] ACPI: LAPIC (acpi_id[0x07] lapic_id[0x07] enabled)
Jan  7 20:41:09 docker-security7 kernel: [    0.000000] ACPI: LAPIC_NMI (acpi_id[0xff] dfl dfl lint[0x1])
Jan  7 20:41:09 docker-security7 kernel: [    0.000000] ACPI: IOAPIC (id[0x00] address[0xfec00000] gsi_base[0])
Jan  7 20:41:09 docker-security7 kernel: [    0.000000] IOAPIC[0]: apic_id 0, version 17, address 0xfec00000, GSI 0-23
Jan  7 20:41:09 docker-security7 kernel: [    0.000000] ACPI: INT_SRC_OVR (bus 0 bus_irq 0 global_irq 2 dfl dfl)
Jan  7 20:41:09 docker-security7 kernel: [    0.000000] ACPI: INT_SRC_OVR (bus 0 bus_irq 5 global_irq 5 high level)
Jan  7 20:41:09 docker-security7 kernel: [    0.000000] ACPI: INT_SRC_OVR (bus 0 bus_irq 9 global_irq 9 high level)
Jan  7 20:41:09 docker-security7 kernel: [    0.000000] ACPI: INT_SRC_OVR (bus 0 bus_irq 10 global_irq 10 high level)
Jan  7 20:41:09 docker-security7 kernel: [    0.000000] ACPI: INT_SRC_OVR (bus 0 bus_irq 11 global_irq 11 high level)
Jan  7 20:41:09 docker-security7 kernel: [    0.000000] ACPI: IRQ0 used by override.
Jan  7 20:41:09 docker-security7 kernel: [    0.000000] ACPI: IRQ2 used by override.
Jan  7 20:41:09 docker-security7 kernel: [    0.000000] ACPI: IRQ5 used by override.
Jan  7 20:41:09 docker-security7 kernel: [    0.000000] ACPI: IRQ9 used by override.
Jan  7 20:41:09 docker-security7 kernel: [    0.000000] ACPI: IRQ10 used by override.
Jan  7 20:41:09 docker-security7 kernel: [    0.000000] ACPI: IRQ11 used by override.
Jan  7 20:41:09 docker-security7 kernel: [    0.000000] Using ACPI (MADT) for SMP configuration information
Jan  7 20:41:09 docker-security7 kernel: [    0.000000] smpboot: Allowing 8 CPUs, 0 hotplug CPUs
Jan  7 20:41:09 docker-security7 kernel: [    0.000000] nr_irqs_gsi: 40
Jan  7 20:41:09 docker-security7 kernel: [    0.000000] PM: Registered nosave memory: [mem 0x0009f000-0x0009ffff]
Jan  7 20:41:09 docker-security7 kernel: [    0.000000] PM: Registered nosave memory: [mem 0x000a0000-0x000effff]
Jan  7 20:41:09 docker-security7 kernel: [    0.000000] PM: Registered nosave memory: [mem 0x000f0000-0x000fffff]
Jan  7 20:41:09 docker-security7 kernel: [    0.000000] PM: Registered nosave memory: [mem 0xbfffd000-0xbfffffff]
Jan  7 20:41:09 docker-security7 kernel: [    0.000000] PM: Registered nosave memory: [mem 0xc0000000-0xfeffbfff]
Jan  7 20:41:09 docker-security7 kernel: [    0.000000] PM: Registered nosave memory: [mem 0xfeffc000-0xfeffffff]
Jan  7 20:41:09 docker-security7 kernel: [    0.000000] PM: Registered nosave memory: [mem 0xff000000-0xfffbffff]
Jan  7 20:41:09 docker-security7 kernel: [    0.000000] PM: Registered nosave memory: [mem 0xfffc0000-0xffffffff]
Jan  7 20:41:09 docker-security7 kernel: [    0.000000] e820: [mem 0xc0000000-0xfeffbfff] available for PCI devices
Jan  7 20:41:09 docker-security7 kernel: [    0.000000] Booting paravirtualized kernel on KVM
Jan  7 20:41:09 docker-security7 kernel: [    0.000000] setup_percpu: NR_CPUS:256 nr_cpumask_bits:256 nr_cpu_ids:8 nr_node_ids:1
Jan  7 20:41:09 docker-security7 kernel: [    0.000000] PERCPU: Embedded 27 pages/cpu @ffff88043fc00000 s81536 r8192 d20864 u262144
Jan  7 20:41:09 docker-security7 kernel: [    0.000000] pcpu-alloc: s81536 r8192 d20864 u262144 alloc=1*2097152
Jan  7 20:41:09 docker-security7 kernel: [    0.000000] pcpu-alloc: [0] 0 1 2 3 4 5 6 7 
Jan  7 20:41:09 docker-security7 kernel: [    0.000000] kvm-clock: cpu 0, msr 4:3fff5001, primary cpu clock
Jan  7 20:41:09 docker-security7 kernel: [    0.000000] KVM setup async PF for cpu 0
Jan  7 20:41:09 docker-security7 kernel: [    0.000000] kvm-stealtime: cpu 0, msr 43fc0d000
Jan  7 20:41:09 docker-security7 kernel: [    0.000000] Built 1 zonelists in Zone order, mobility grouping on.  Total pages: 4128646
Jan  7 20:41:09 docker-security7 kernel: [    0.000000] Policy zone: Normal
Jan  7 20:41:09 docker-security7 kernel: [    0.000000] Kernel command line: BOOT_IMAGE=/boot/vmlinuz-3.13.0-95-generic root=UUID=f737ca97-7d91-4332-a1e7-36ac7ac787c1 ro console=tty1 console=ttyS0
Jan  7 20:41:09 docker-security7 kernel: [    0.000000] PID hash table entries: 4096 (order: 3, 32768 bytes)
Jan  7 20:41:09 docker-security7 kernel: [    0.000000] Checking aperture...
Jan  7 20:41:09 docker-security7 kernel: [    0.000000] No AGP bridge found
Jan  7 20:41:09 docker-security7 kernel: [    0.000000] Calgary: detecting Calgary via BIOS EBDA area
Jan  7 20:41:09 docker-security7 kernel: [    0.000000] Calgary: Unable to locate Rio Grande table in EBDA - bailing!
Jan  7 20:41:09 docker-security7 kernel: [    0.000000] Memory: 16406836K/16776812K available (7419K kernel code, 1146K rwdata, 3416K rodata, 1336K init, 1448K bss, 369976K reserved)
Jan  7 20:41:09 docker-security7 kernel: [    0.000000] SLUB: HWalign=64, Order=0-3, MinObjects=0, CPUs=8, Nodes=1
Jan  7 20:41:09 docker-security7 kernel: [    0.000000] Hierarchical RCU implementation.
Jan  7 20:41:09 docker-security7 kernel: [    0.000000] 	RCU dyntick-idle grace-period acceleration is enabled.
Jan  7 20:41:09 docker-security7 kernel: [    0.000000] 	RCU restricting CPUs from NR_CPUS=256 to nr_cpu_ids=8.
Jan  7 20:41:09 docker-security7 kernel: [    0.000000] 	Offload RCU callbacks from all CPUs
Jan  7 20:41:09 docker-security7 kernel: [    0.000000] 	Offload RCU callbacks from CPUs: 0-7.
Jan  7 20:41:09 docker-security7 kernel: [    0.000000] NR_IRQS:16640 nr_irqs:744 16
Jan  7 20:41:09 docker-security7 kernel: [    0.000000] Console: colour VGA+ 80x25
Jan  7 20:41:09 docker-security7 kernel: [    0.000000] console [tty1] enabled
Jan  7 20:41:09 docker-security7 kernel: [    0.000000] console [ttyS0] enabled
Jan  7 20:41:09 docker-security7 kernel: [    0.000000] allocated 67108864 bytes of page_cgroup
Jan  7 20:41:09 docker-security7 kernel: [    0.000000] please try 'cgroup_disable=memory' option if you don't want memory cgroups
Jan  7 20:41:09 docker-security7 kernel: [    0.000000] tsc: Detected 2400.074 MHz processor
Jan  7 20:41:09 docker-security7 kernel: [    0.008000] Calibrating delay loop (skipped) preset value.. 4800.14 BogoMIPS (lpj=9600296)
Jan  7 20:41:09 docker-security7 kernel: [    0.008000] pid_max: default: 32768 minimum: 301
Jan  7 20:41:09 docker-security7 kernel: [    0.008000] Security Framework initialized
Jan  7 20:41:09 docker-security7 kernel: [    0.008026] AppArmor: AppArmor initialized
Jan  7 20:41:09 docker-security7 kernel: [    0.008950] Yama: becoming mindful.
Jan  7 20:41:09 docker-security7 kernel: [    0.012049] Dentry cache hash table entries: 2097152 (order: 12, 16777216 bytes)
Jan  7 20:41:09 docker-security7 kernel: [    0.020028] Inode-cache hash table entries: 1048576 (order: 11, 8388608 bytes)
Jan  7 20:41:09 docker-security7 kernel: [    0.024433] Mount-cache hash table entries: 32768 (order: 6, 262144 bytes)
Jan  7 20:41:09 docker-security7 kernel: [    0.025842] Mountpoint-cache hash table entries: 32768 (order: 6, 262144 bytes)
Jan  7 20:41:09 docker-security7 kernel: [    0.027774] Initializing cgroup subsys memory
Jan  7 20:41:09 docker-security7 kernel: [    0.028010] Initializing cgroup subsys devices
Jan  7 20:41:09 docker-security7 kernel: [    0.028989] Initializing cgroup subsys freezer
Jan  7 20:41:09 docker-security7 kernel: [    0.029976] Initializing cgroup subsys blkio
Jan  7 20:41:09 docker-security7 kernel: [    0.030929] Initializing cgroup subsys perf_event
Jan  7 20:41:09 docker-security7 kernel: [    0.032007] Initializing cgroup subsys hugetlb
Jan  7 20:41:09 docker-security7 kernel: [    0.033053] mce: CPU supports 10 MCE banks
Jan  7 20:41:09 docker-security7 kernel: [    0.034033] Last level iTLB entries: 4KB 0, 2MB 0, 4MB 0
Jan  7 20:41:09 docker-security7 kernel: [    0.034033] Last level dTLB entries: 4KB 0, 2MB 0, 4MB 0
Jan  7 20:41:09 docker-security7 kernel: [    0.034033] tlb_flushall_shift: 6
Jan  7 20:41:09 docker-security7 kernel: [    0.036214] Freeing SMP alternatives memory: 32K (ffffffff81e6e000 - ffffffff81e76000)
Jan  7 20:41:09 docker-security7 kernel: [    0.043336] ACPI: Core revision 20131115
Jan  7 20:41:09 docker-security7 kernel: [    0.045117] ACPI: All ACPI Tables successfully acquired
Jan  7 20:41:09 docker-security7 kernel: [    0.046435] ftrace: allocating 28617 entries in 112 pages
Jan  7 20:41:09 docker-security7 kernel: [    0.060334] Enabling x2apic
Jan  7 20:41:09 docker-security7 kernel: [    0.061073] Enabled x2apic
Jan  7 20:41:09 docker-security7 kernel: [    0.064005] Switched APIC routing to physical x2apic.
Jan  7 20:41:09 docker-security7 kernel: [    0.066358] ..TIMER: vector=0x30 apic1=0 pin1=2 apic2=-1 pin2=-1
Jan  7 20:41:09 docker-security7 kernel: [    0.068003] smpboot: CPU0: Intel Core i7 9xx (Nehalem Class Core i7) (fam: 06, model: 1a, stepping: 03)
Jan  7 20:41:09 docker-security7 kernel: [    0.072000] Performance Events: unsupported p6 CPU model 26 no PMU driver, software events only.
Jan  7 20:41:09 docker-security7 kernel: [    0.072507] NMI watchdog: disabled (cpu0): hardware events not enabled
Jan  7 20:41:09 docker-security7 kernel: [    0.074152] x86: Booting SMP configuration:
Jan  7 20:41:09 docker-security7 kernel: [    0.072496] kvm-clock: cpu 1, msr 4:3fff5041, secondary cpu clock
Jan  7 20:41:09 docker-security7 kernel: [    0.088016] KVM setup async PF for cpu 1
Jan  7 20:41:09 docker-security7 kernel: [    0.089353] kvm-stealtime: cpu 1, msr 43fc4d000
Jan  7 20:41:09 docker-security7 kernel: [    0.088024] kvm-clock: cpu 2, msr 4:3fff5081, secondary cpu clock
Jan  7 20:41:09 docker-security7 kernel: [    0.104030] KVM setup async PF for cpu 2
Jan  7 20:41:09 docker-security7 kernel: [    0.105220] kvm-stealtime: cpu 2, msr 43fc8d000
Jan  7 20:41:09 docker-security7 kernel: [    0.104038] kvm-clock: cpu 3, msr 4:3fff50c1, secondary cpu clock
Jan  7 20:41:09 docker-security7 kernel: [    0.120016] KVM setup async PF for cpu 3
Jan  7 20:41:09 docker-security7 kernel: [    0.121219] kvm-stealtime: cpu 3, msr 43fccd000
Jan  7 20:41:09 docker-security7 kernel: [    0.120023] kvm-clock: cpu 4, msr 4:3fff5101, secondary cpu clock
Jan  7 20:41:09 docker-security7 kernel: [    0.136015] KVM setup async PF for cpu 4
Jan  7 20:41:09 docker-security7 kernel: [    0.137167] kvm-stealtime: cpu 4, msr 43fd0d000
Jan  7 20:41:09 docker-security7 kernel: [    0.136023] kvm-clock: cpu 5, msr 4:3fff5141, secondary cpu clock
Jan  7 20:41:09 docker-security7 kernel: [    0.152015] KVM setup async PF for cpu 5
Jan  7 20:41:09 docker-security7 kernel: [    0.153173] kvm-stealtime: cpu 5, msr 43fd4d000
Jan  7 20:41:09 docker-security7 kernel: [    0.152023] kvm-clock: cpu 6, msr 4:3fff5181, secondary cpu clock
Jan  7 20:41:09 docker-security7 kernel: [    0.164016] KVM setup async PF for cpu 6
Jan  7 20:41:09 docker-security7 kernel: [    0.165194] kvm-stealtime: cpu 6, msr 43fd8d000
Jan  7 20:41:09 docker-security7 kernel: [    0.164023] kvm-clock: cpu 7, msr 4:3fff51c1, secondary cpu clock
Jan  7 20:41:09 docker-security7 kernel: [    0.075268] .... node  #0, CPUs:      #1 #2 #3 #4 #5 #6 #7
Jan  7 20:41:09 docker-security7 kernel: [    0.180030] x86: Booted up 1 node, 8 CPUs
Jan  7 20:41:09 docker-security7 kernel: [    0.180019] KVM setup async PF for cpu 7
Jan  7 20:41:09 docker-security7 kernel: [    0.180019] kvm-stealtime: cpu 7, msr 43fdcd000
Jan  7 20:41:09 docker-security7 kernel: [    0.184004] smpboot: Total of 8 processors activated (38401.18 BogoMIPS)
Jan  7 20:41:09 docker-security7 kernel: [    0.188645] devtmpfs: initialized
Jan  7 20:41:09 docker-security7 kernel: [    0.194770] EVM: security.selinux
Jan  7 20:41:09 docker-security7 kernel: [    0.195568] EVM: security.SMACK64
Jan  7 20:41:09 docker-security7 kernel: [    0.196002] EVM: security.ima
Jan  7 20:41:09 docker-security7 kernel: [    0.196730] EVM: security.capability
Jan  7 20:41:09 docker-security7 kernel: [    0.197579] pinctrl core: initialized pinctrl subsystem
Jan  7 20:41:09 docker-security7 kernel: [    0.200063] regulator-dummy: no parameters
Jan  7 20:41:09 docker-security7 kernel: [    0.201057] RTC time: 20:40:47, date: 01/07/18
Jan  7 20:41:09 docker-security7 kernel: [    0.202047] NET: Registered protocol family 16
Jan  7 20:41:09 docker-security7 kernel: [    0.203124] cpuidle: using governor ladder
Jan  7 20:41:09 docker-security7 kernel: [    0.204003] cpuidle: using governor menu
Jan  7 20:41:09 docker-security7 kernel: [    0.206406] ACPI: bus type PCI registered
Jan  7 20:41:09 docker-security7 kernel: [    0.207302] acpiphp: ACPI Hot Plug PCI Controller Driver version: 0.5
Jan  7 20:41:09 docker-security7 kernel: [    0.208115] PCI: Using configuration type 1 for base access
Jan  7 20:41:09 docker-security7 kernel: [    0.210258] bio: create slab <bio-0> at 0
Jan  7 20:41:09 docker-security7 kernel: [    0.212126] ACPI: Added _OSI(Module Device)
Jan  7 20:41:09 docker-security7 kernel: [    0.213090] ACPI: Added _OSI(Processor Device)
Jan  7 20:41:09 docker-security7 kernel: [    0.214050] ACPI: Added _OSI(3.0 _SCP Extensions)
Jan  7 20:41:09 docker-security7 kernel: [    0.215049] ACPI: Added _OSI(Processor Aggregator Device)
Jan  7 20:41:09 docker-security7 kernel: [    0.218258] ACPI: Interpreter enabled
Jan  7 20:41:09 docker-security7 kernel: [    0.219115] ACPI Exception: AE_NOT_FOUND, While evaluating Sleep State [\_S1_] (20131115/hwxface-580)
Jan  7 20:41:09 docker-security7 kernel: [    0.221361] ACPI Exception: AE_NOT_FOUND, While evaluating Sleep State [\_S2_] (20131115/hwxface-580)
Jan  7 20:41:09 docker-security7 kernel: [    0.223428] ACPI: (supports S0 S3 S4 S5)
Jan  7 20:41:09 docker-security7 kernel: [    0.224003] ACPI: Using IOAPIC for interrupt routing
Jan  7 20:41:09 docker-security7 kernel: [    0.225048] PCI: Using host bridge windows from ACPI; if necessary, use "pci=nocrs" and report a bug
Jan  7 20:41:09 docker-security7 kernel: [    0.228102] ACPI: No dock devices found.
Jan  7 20:41:09 docker-security7 kernel: [    0.231981] ACPI: PCI Root Bridge [PCI0] (domain 0000 [bus 00-ff])
Jan  7 20:41:09 docker-security7 kernel: [    0.232008] acpi PNP0A03:00: _OSC: OS supports [ASPM ClockPM Segments MSI]
Jan  7 20:41:09 docker-security7 kernel: [    0.233370] acpi PNP0A03:00: _OSC failed (AE_NOT_FOUND); disabling ASPM
Jan  7 20:41:09 docker-security7 kernel: [    0.236030] acpi PNP0A03:00: fail to add MMCONFIG information, can't access extended PCI configuration space under this bridge.
Jan  7 20:41:09 docker-security7 kernel: [    0.238564] acpiphp: Slot [3] registered
Jan  7 20:41:09 docker-security7 kernel: [    0.239474] acpiphp: Slot [4] registered
Jan  7 20:41:09 docker-security7 kernel: [    0.240028] acpiphp: Slot [5] registered
Jan  7 20:41:09 docker-security7 kernel: [    0.240936] acpiphp: Slot [6] registered
Jan  7 20:41:09 docker-security7 kernel: [    0.241843] acpiphp: Slot [7] registered
Jan  7 20:41:09 docker-security7 kernel: [    0.242777] acpiphp: Slot [8] registered
Jan  7 20:41:09 docker-security7 kernel: [    0.244025] acpiphp: Slot [9] registered
Jan  7 20:41:09 docker-security7 kernel: [    0.244927] acpiphp: Slot [10] registered
Jan  7 20:41:09 docker-security7 kernel: [    0.245845] acpiphp: Slot [11] registered
Jan  7 20:41:09 docker-security7 kernel: [    0.246772] acpiphp: Slot [12] registered
Jan  7 20:41:09 docker-security7 kernel: [    0.247688] acpiphp: Slot [13] registered
Jan  7 20:41:09 docker-security7 kernel: [    0.248028] acpiphp: Slot [14] registered
Jan  7 20:41:09 docker-security7 kernel: [    0.248945] acpiphp: Slot [15] registered
Jan  7 20:41:09 docker-security7 kernel: [    0.249865] acpiphp: Slot [16] registered
Jan  7 20:41:09 docker-security7 kernel: [    0.250782] acpiphp: Slot [17] registered
Jan  7 20:41:09 docker-security7 kernel: [    0.252025] acpiphp: Slot [18] registered
Jan  7 20:41:09 docker-security7 kernel: [    0.252939] acpiphp: Slot [19] registered
Jan  7 20:41:09 docker-security7 kernel: [    0.253849] acpiphp: Slot [20] registered
Jan  7 20:41:09 docker-security7 kernel: [    0.254794] acpiphp: Slot [21] registered
Jan  7 20:41:09 docker-security7 kernel: [    0.256026] acpiphp: Slot [22] registered
Jan  7 20:41:09 docker-security7 kernel: [    0.256935] acpiphp: Slot [23] registered
Jan  7 20:41:09 docker-security7 kernel: [    0.257845] acpiphp: Slot [24] registered
Jan  7 20:41:09 docker-security7 kernel: [    0.258765] acpiphp: Slot [25] registered
Jan  7 20:41:09 docker-security7 kernel: [    0.259676] acpiphp: Slot [26] registered
Jan  7 20:41:09 docker-security7 kernel: [    0.260025] acpiphp: Slot [27] registered
Jan  7 20:41:09 docker-security7 kernel: [    0.260935] acpiphp: Slot [28] registered
Jan  7 20:41:09 docker-security7 kernel: [    0.261860] acpiphp: Slot [29] registered
Jan  7 20:41:09 docker-security7 kernel: [    0.262778] acpiphp: Slot [30] registered
Jan  7 20:41:09 docker-security7 kernel: [    0.264025] acpiphp: Slot [31] registered
Jan  7 20:41:09 docker-security7 kernel: [    0.264927] PCI host bridge to bus 0000:00
Jan  7 20:41:09 docker-security7 kernel: [    0.265832] pci_bus 0000:00: root bus resource [bus 00-ff]
Jan  7 20:41:09 docker-security7 kernel: [    0.266974] pci_bus 0000:00: root bus resource [io  0x0000-0x0cf7]
Jan  7 20:41:09 docker-security7 kernel: [    0.268004] pci_bus 0000:00: root bus resource [io  0x0d00-0xadff]
Jan  7 20:41:09 docker-security7 kernel: [    0.269231] pci_bus 0000:00: root bus resource [io  0xae0f-0xaeff]
Jan  7 20:41:09 docker-security7 kernel: [    0.270462] pci_bus 0000:00: root bus resource [io  0xaf20-0xafdf]
Jan  7 20:41:09 docker-security7 kernel: [    0.272003] pci_bus 0000:00: root bus resource [io  0xafe4-0xffff]
Jan  7 20:41:09 docker-security7 kernel: [    0.273238] pci_bus 0000:00: root bus resource [mem 0x000a0000-0x000bffff]
Jan  7 20:41:09 docker-security7 kernel: [    0.274576] pci_bus 0000:00: root bus resource [mem 0xc0000000-0xfebfffff]
Jan  7 20:41:09 docker-security7 kernel: [    0.276040] pci 0000:00:00.0: [8086:1237] type 00 class 0x060000
Jan  7 20:41:09 docker-security7 kernel: [    0.276399] pci 0000:00:01.0: [8086:7000] type 00 class 0x060100
Jan  7 20:41:09 docker-security7 kernel: [    0.276886] pci 0000:00:01.1: [8086:7010] type 00 class 0x010180
Jan  7 20:41:09 docker-security7 kernel: [    0.280796] pci 0000:00:01.1: reg 0x20: [io  0xc0a0-0xc0af]
Jan  7 20:41:09 docker-security7 kernel: [    0.282532] pci 0000:00:01.2: [8086:7020] type 00 class 0x0c0300
Jan  7 20:41:09 docker-security7 kernel: [    0.286680] pci 0000:00:01.2: reg 0x20: [io  0xc040-0xc05f]
Jan  7 20:41:09 docker-security7 kernel: [    0.288163] pci 0000:00:01.3: [8086:7113] type 00 class 0x068000
Jan  7 20:41:09 docker-security7 kernel: [    0.288518] pci 0000:00:01.3: quirk: [io  0xb000-0xb03f] claimed by PIIX4 ACPI
Jan  7 20:41:09 docker-security7 kernel: [    0.290093] pci 0000:00:01.3: quirk: [io  0xb100-0xb10f] claimed by PIIX4 SMB
Jan  7 20:41:09 docker-security7 kernel: [    0.291720] pci 0000:00:02.0: [1013:00b8] type 00 class 0x030000
Jan  7 20:41:09 docker-security7 kernel: [    0.292824] pci 0000:00:02.0: reg 0x10: [mem 0xfc000000-0xfdffffff pref]
Jan  7 20:41:09 docker-security7 kernel: [    0.294468] pci 0000:00:02.0: reg 0x14: [mem 0xfebd0000-0xfebd0fff]
Jan  7 20:41:09 docker-security7 kernel: [    0.303336] pci 0000:00:02.0: reg 0x30: [mem 0xfebc0000-0xfebcffff pref]
Jan  7 20:41:09 docker-security7 kernel: [    0.303535] pci 0000:00:03.0: [1af4:1000] type 00 class 0x020000
Jan  7 20:41:09 docker-security7 kernel: [    0.304738] pci 0000:00:03.0: reg 0x10: [io  0xc060-0xc07f]
Jan  7 20:41:09 docker-security7 kernel: [    0.306207] pci 0000:00:03.0: reg 0x14: [mem 0xfebd1000-0xfebd1fff]
Jan  7 20:41:09 docker-security7 kernel: [    0.313451] pci 0000:00:03.0: reg 0x30: [mem 0xfeb80000-0xfebbffff pref]
Jan  7 20:41:09 docker-security7 kernel: [    0.313795] pci 0000:00:04.0: [1af4:1001] type 00 class 0x010000
Jan  7 20:41:09 docker-security7 kernel: [    0.315297] pci 0000:00:04.0: reg 0x10: [io  0xc000-0xc03f]
Jan  7 20:41:09 docker-security7 kernel: [    0.316745] pci 0000:00:04.0: reg 0x14: [mem 0xfebd2000-0xfebd2fff]
Jan  7 20:41:09 docker-security7 kernel: [    0.325055] pci 0000:00:05.0: [1af4:1002] type 00 class 0x00ff00
Jan  7 20:41:09 docker-security7 kernel: [    0.325844] pci 0000:00:05.0: reg 0x10: [io  0xc080-0xc09f]
Jan  7 20:41:09 docker-security7 kernel: [    0.330899] ACPI: PCI Interrupt Link [LNKA] (IRQs 5 *10 11)
Jan  7 20:41:09 docker-security7 kernel: [    0.332852] ACPI: PCI Interrupt Link [LNKB] (IRQs 5 *10 11)
Jan  7 20:41:09 docker-security7 kernel: [    0.334503] ACPI: PCI Interrupt Link [LNKC] (IRQs 5 10 *11)
Jan  7 20:41:09 docker-security7 kernel: [    0.336101] ACPI: PCI Interrupt Link [LNKD] (IRQs 5 10 *11)
Jan  7 20:41:09 docker-security7 kernel: [    0.337707] ACPI: PCI Interrupt Link [LNKS] (IRQs *9)
Jan  7 20:41:09 docker-security7 kernel: [    0.339702] ACPI: Enabled 16 GPEs in block 00 to 0F
Jan  7 20:41:09 docker-security7 kernel: [    0.340006] ACPI: \_SB_.PCI0: notify handler is installed
Jan  7 20:41:09 docker-security7 kernel: [    0.340028] Found 1 acpi root devices
Jan  7 20:41:09 docker-security7 kernel: [    0.340101] vgaarb: setting as boot device: PCI:0000:00:02.0
Jan  7 20:41:09 docker-security7 kernel: [    0.341187] vgaarb: device added: PCI:0000:00:02.0,decodes=io+mem,owns=io+mem,locks=none
Jan  7 20:41:09 docker-security7 kernel: [    0.344003] vgaarb: loaded
Jan  7 20:41:09 docker-security7 kernel: [    0.344680] vgaarb: bridge control possible 0000:00:02.0
Jan  7 20:41:09 docker-security7 kernel: [    0.345917] SCSI subsystem initialized
Jan  7 20:41:09 docker-security7 kernel: [    0.346839] libata version 3.00 loaded.
Jan  7 20:41:09 docker-security7 kernel: [    0.346839] ACPI: bus type USB registered
Jan  7 20:41:09 docker-security7 kernel: [    0.346839] usbcore: registered new interface driver usbfs
Jan  7 20:41:09 docker-security7 kernel: [    0.348011] usbcore: registered new interface driver hub
Jan  7 20:41:09 docker-security7 kernel: [    0.349118] usbcore: registered new device driver usb
Jan  7 20:41:09 docker-security7 kernel: [    0.349172] PCI: Using ACPI for IRQ routing
Jan  7 20:41:09 docker-security7 kernel: [    0.352003] PCI: pci_cache_line_size set to 64 bytes
Jan  7 20:41:09 docker-security7 kernel: [    0.352140] e820: reserve RAM buffer [mem 0x0009fc00-0x0009ffff]
Jan  7 20:41:09 docker-security7 kernel: [    0.352142] e820: reserve RAM buffer [mem 0xbfffd000-0xbfffffff]
Jan  7 20:41:09 docker-security7 kernel: [    0.352221] NetLabel: Initializing
Jan  7 20:41:09 docker-security7 kernel: [    0.353020] NetLabel:  domain hash size = 128
Jan  7 20:41:09 docker-security7 kernel: [    0.353960] NetLabel:  protocols = UNLABELED CIPSOv4
Jan  7 20:41:09 docker-security7 kernel: [    0.355000] NetLabel:  unlabeled traffic allowed by default
Jan  7 20:41:09 docker-security7 kernel: [    0.356189] Switched to clocksource kvm-clock
Jan  7 20:41:09 docker-security7 kernel: [    0.362304] AppArmor: AppArmor Filesystem Enabled
Jan  7 20:41:09 docker-security7 kernel: [    0.365605] pnp: PnP ACPI init
Jan  7 20:41:09 docker-security7 kernel: [    0.366364] ACPI: bus type PNP registered
Jan  7 20:41:09 docker-security7 kernel: [    0.367320] pnp 00:00: Plug and Play ACPI device, IDs PNP0b00 (active)
Jan  7 20:41:09 docker-security7 kernel: [    0.367377] pnp 00:01: Plug and Play ACPI device, IDs PNP0303 (active)
Jan  7 20:41:09 docker-security7 kernel: [    0.367423] pnp 00:02: Plug and Play ACPI device, IDs PNP0f13 (active)
Jan  7 20:41:09 docker-security7 kernel: [    0.367467] pnp 00:03: [dma 2]
Jan  7 20:41:09 docker-security7 kernel: [    0.367483] pnp 00:03: Plug and Play ACPI device, IDs PNP0700 (active)
Jan  7 20:41:09 docker-security7 kernel: [    0.367579] pnp 00:04: Plug and Play ACPI device, IDs PNP0501 (active)
Jan  7 20:41:09 docker-security7 kernel: [    0.367647] pnp 00:05: Plug and Play ACPI device, IDs PNP0501 (active)
Jan  7 20:41:09 docker-security7 kernel: [    0.367864] pnp 00:06: Plug and Play ACPI device, IDs PNP0a06 (active)
Jan  7 20:41:09 docker-security7 kernel: [    0.367869] pnp: PnP ACPI: found 7 devices
Jan  7 20:41:09 docker-security7 kernel: [    0.368791] ACPI: bus type PNP unregistered
Jan  7 20:41:09 docker-security7 kernel: [    0.383834] pci_bus 0000:00: resource 4 [io  0x0000-0x0cf7]
Jan  7 20:41:09 docker-security7 kernel: [    0.383838] pci_bus 0000:00: resource 5 [io  0x0d00-0xadff]
Jan  7 20:41:09 docker-security7 kernel: [    0.383841] pci_bus 0000:00: resource 6 [io  0xae0f-0xaeff]
Jan  7 20:41:09 docker-security7 kernel: [    0.383844] pci_bus 0000:00: resource 7 [io  0xaf20-0xafdf]
Jan  7 20:41:09 docker-security7 kernel: [    0.383847] pci_bus 0000:00: resource 8 [io  0xafe4-0xffff]
Jan  7 20:41:09 docker-security7 kernel: [    0.383850] pci_bus 0000:00: resource 9 [mem 0x000a0000-0x000bffff]
Jan  7 20:41:09 docker-security7 kernel: [    0.383852] pci_bus 0000:00: resource 10 [mem 0xc0000000-0xfebfffff]
Jan  7 20:41:09 docker-security7 kernel: [    0.383895] NET: Registered protocol family 2
Jan  7 20:41:09 docker-security7 kernel: [    0.385716] TCP established hash table entries: 131072 (order: 8, 1048576 bytes)
Jan  7 20:41:09 docker-security7 kernel: [    0.388388] TCP bind hash table entries: 65536 (order: 8, 1048576 bytes)
Jan  7 20:41:09 docker-security7 kernel: [    0.390141] TCP: Hash tables configured (established 131072 bind 65536)
Jan  7 20:41:09 docker-security7 kernel: [    0.392105] TCP: reno registered
Jan  7 20:41:09 docker-security7 kernel: [    0.393043] UDP hash table entries: 8192 (order: 6, 262144 bytes)
Jan  7 20:41:09 docker-security7 kernel: [    0.394574] UDP-Lite hash table entries: 8192 (order: 6, 262144 bytes)
Jan  7 20:41:09 docker-security7 kernel: [    0.396245] NET: Registered protocol family 1
Jan  7 20:41:09 docker-security7 kernel: [    0.397406] pci 0000:00:00.0: Limiting direct PCI/PCI transfers
Jan  7 20:41:09 docker-security7 kernel: [    0.398594] pci 0000:00:01.0: PIIX3: Enabling Passive Release
Jan  7 20:41:09 docker-security7 kernel: [    0.399763] pci 0000:00:01.0: Activating ISA DMA hang workarounds
Jan  7 20:41:09 docker-security7 kernel: [    0.401292] ACPI: PCI Interrupt Link [LNKD] enabled at IRQ 11
Jan  7 20:41:09 docker-security7 kernel: [    0.403037] pci 0000:00:02.0: Video device with shadowed ROM
Jan  7 20:41:09 docker-security7 kernel: [    0.403072] PCI: CLS 0 bytes, default 64
Jan  7 20:41:09 docker-security7 kernel: [    0.403134] Trying to unpack rootfs image as initramfs...
Jan  7 20:41:09 docker-security7 kernel: [    0.832460] Freeing initrd memory: 24248K (ffff880035094000 - ffff880036842000)
Jan  7 20:41:09 docker-security7 kernel: [    0.834124] PCI-DMA: Using software bounce buffering for IO (SWIOTLB)
Jan  7 20:41:09 docker-security7 kernel: [    0.835378] software IO TLB [mem 0xbbffd000-0xbfffd000] (64MB) mapped at [ffff8800bbffd000-ffff8800bfffcfff]
Jan  7 20:41:09 docker-security7 kernel: [    0.838255] microcode: CPU0 sig=0x106a3, pf=0x1, revision=0x1
Jan  7 20:41:09 docker-security7 kernel: [    0.839505] microcode: CPU1 sig=0x106a3, pf=0x1, revision=0x1
Jan  7 20:41:09 docker-security7 kernel: [    0.840786] microcode: CPU2 sig=0x106a3, pf=0x1, revision=0x1
Jan  7 20:41:09 docker-security7 kernel: [    0.842187] microcode: CPU3 sig=0x106a3, pf=0x1, revision=0x1
Jan  7 20:41:09 docker-security7 kernel: [    0.843399] microcode: CPU4 sig=0x106a3, pf=0x1, revision=0x1
Jan  7 20:41:09 docker-security7 kernel: [    0.844673] microcode: CPU5 sig=0x106a3, pf=0x1, revision=0x1
Jan  7 20:41:09 docker-security7 kernel: [    0.845999] microcode: CPU6 sig=0x106a3, pf=0x1, revision=0x1
Jan  7 20:41:09 docker-security7 kernel: [    0.847284] microcode: CPU7 sig=0x106a3, pf=0x1, revision=0x1
Jan  7 20:41:09 docker-security7 kernel: [    0.849264] microcode: Microcode Update Driver: v2.00 <tigran@aivazian.fsnet.co.uk>, Peter Oruba
Jan  7 20:41:09 docker-security7 kernel: [    0.851090] Scanning for low memory corruption every 60 seconds
Jan  7 20:41:09 docker-security7 kernel: [    0.852828] Initialise system trusted keyring
Jan  7 20:41:09 docker-security7 kernel: [    0.853855] audit: initializing netlink socket (disabled)
Jan  7 20:41:09 docker-security7 kernel: [    0.854970] type=2000 audit(1515357647.740:1): initialized
Jan  7 20:41:09 docker-security7 kernel: [    0.886509] HugeTLB registered 2 MB page size, pre-allocated 0 pages
Jan  7 20:41:09 docker-security7 kernel: [    0.890923] zbud: loaded
Jan  7 20:41:09 docker-security7 kernel: [    0.892098] VFS: Disk quotas dquot_6.5.2
Jan  7 20:41:09 docker-security7 kernel: [    0.893157] Dquot-cache hash table entries: 512 (order 0, 4096 bytes)
Jan  7 20:41:09 docker-security7 kernel: [    0.895585] fuse init (API version 7.22)
Jan  7 20:41:09 docker-security7 kernel: [    0.896947] msgmni has been set to 32092
Jan  7 20:41:09 docker-security7 kernel: [    0.898044] Key type big_key registered
Jan  7 20:41:09 docker-security7 kernel: [    0.903851] Key type asymmetric registered
Jan  7 20:41:09 docker-security7 kernel: [    0.905309] Asymmetric key parser 'x509' registered
Jan  7 20:41:09 docker-security7 kernel: [    0.906927] Block layer SCSI generic (bsg) driver version 0.4 loaded (major 252)
Jan  7 20:41:09 docker-security7 kernel: [    0.909606] io scheduler noop registered
Jan  7 20:41:09 docker-security7 kernel: [    0.910937] io scheduler deadline registered (default)
Jan  7 20:41:09 docker-security7 kernel: [    0.912602] io scheduler cfq registered
Jan  7 20:41:09 docker-security7 kernel: [    0.913824] pci_hotplug: PCI Hot Plug PCI Core version: 0.5
Jan  7 20:41:09 docker-security7 kernel: [    0.914987] pciehp: PCI Express Hot Plug Controller Driver version: 0.4
Jan  7 20:41:09 docker-security7 kernel: [    0.916353] intel_idle: does not run on family 6 model 26
Jan  7 20:41:09 docker-security7 kernel: [    0.916359] ipmi message handler version 39.2
Jan  7 20:41:09 docker-security7 kernel: [    0.917393] input: Power Button as /devices/LNXSYSTM:00/LNXPWRBN:00/input/input0
Jan  7 20:41:09 docker-security7 kernel: [    0.918998] ACPI: Power Button [PWRF]
Jan  7 20:41:09 docker-security7 kernel: [    0.920069] GHES: HEST is not enabled!
Jan  7 20:41:09 docker-security7 kernel: [    0.921337] ACPI: PCI Interrupt Link [LNKC] enabled at IRQ 10
Jan  7 20:41:09 docker-security7 kernel: [    0.924996] ACPI: PCI Interrupt Link [LNKA] enabled at IRQ 10
Jan  7 20:41:09 docker-security7 kernel: [    0.927363] Serial: 8250/16550 driver, 32 ports, IRQ sharing enabled
Jan  7 20:41:09 docker-security7 kernel: [    0.956905] 00:04: ttyS0 at I/O 0x3f8 (irq = 4, base_baud = 115200) is a 16550A
Jan  7 20:41:09 docker-security7 kernel: [    0.986641] 00:05: ttyS1 at I/O 0x2f8 (irq = 3, base_baud = 115200) is a 16550A
Jan  7 20:41:09 docker-security7 kernel: [    0.994788] Linux agpgart interface v0.103
Jan  7 20:41:09 docker-security7 kernel: [    0.998811] brd: module loaded
Jan  7 20:41:09 docker-security7 kernel: [    1.001379] loop: module loaded
Jan  7 20:41:09 docker-security7 kernel: [    1.002783] virtio-pci 0000:00:04.0: irq 40 for MSI/MSI-X
Jan  7 20:41:09 docker-security7 kernel: [    1.002818] virtio-pci 0000:00:04.0: irq 41 for MSI/MSI-X
Jan  7 20:41:09 docker-security7 kernel: [    1.003103] blk-mq: CPU -> queue map
Jan  7 20:41:09 docker-security7 kernel: [    1.004372]   CPU 0 -> Queue 0
Jan  7 20:41:09 docker-security7 kernel: [    1.005488]   CPU 1 -> Queue 0
Jan  7 20:41:09 docker-security7 kernel: [    1.006594]   CPU 2 -> Queue 0
Jan  7 20:41:09 docker-security7 kernel: [    1.007692]   CPU 3 -> Queue 0
Jan  7 20:41:09 docker-security7 kernel: [    1.008822]   CPU 4 -> Queue 0
Jan  7 20:41:09 docker-security7 kernel: [    1.009782]   CPU 5 -> Queue 0
Jan  7 20:41:09 docker-security7 kernel: [    1.010562]   CPU 6 -> Queue 0
Jan  7 20:41:09 docker-security7 kernel: [    1.011337]   CPU 7 -> Queue 0
Jan  7 20:41:09 docker-security7 kernel: [    1.028627]  vda: vda1
Jan  7 20:41:09 docker-security7 kernel: [    1.030497] ata_piix 0000:00:01.1: version 2.13
Jan  7 20:41:09 docker-security7 kernel: [    1.032529] scsi0 : ata_piix
Jan  7 20:41:09 docker-security7 kernel: [    1.033824] scsi1 : ata_piix
Jan  7 20:41:09 docker-security7 kernel: [    1.034654] ata1: PATA max MWDMA2 cmd 0x1f0 ctl 0x3f6 bmdma 0xc0a0 irq 14
Jan  7 20:41:09 docker-security7 kernel: [    1.036072] ata2: PATA max MWDMA2 cmd 0x170 ctl 0x376 bmdma 0xc0a8 irq 15
Jan  7 20:41:09 docker-security7 kernel: [    1.037813] libphy: Fixed MDIO Bus: probed
Jan  7 20:41:09 docker-security7 kernel: [    1.039163] tun: Universal TUN/TAP device driver, 1.6
Jan  7 20:41:09 docker-security7 kernel: [    1.040288] tun: (C) 1999-2004 Max Krasnyansky <maxk@qualcomm.com>
Jan  7 20:41:09 docker-security7 kernel: [    1.041894] virtio-pci 0000:00:03.0: irq 42 for MSI/MSI-X
Jan  7 20:41:09 docker-security7 kernel: [    1.041918] virtio-pci 0000:00:03.0: irq 43 for MSI/MSI-X
Jan  7 20:41:09 docker-security7 kernel: [    1.041942] virtio-pci 0000:00:03.0: irq 44 for MSI/MSI-X
Jan  7 20:41:09 docker-security7 kernel: [    1.057620] PPP generic driver version 2.4.2
Jan  7 20:41:09 docker-security7 kernel: [    1.059250] ehci_hcd: USB 2.0 'Enhanced' Host Controller (EHCI) Driver
Jan  7 20:41:09 docker-security7 kernel: [    1.061246] ehci-pci: EHCI PCI platform driver
Jan  7 20:41:09 docker-security7 kernel: [    1.062702] ehci-platform: EHCI generic platform driver
Jan  7 20:41:09 docker-security7 kernel: [    1.064337] ohci_hcd: USB 1.1 'Open' Host Controller (OHCI) Driver
Jan  7 20:41:09 docker-security7 kernel: [    1.066175] ohci-pci: OHCI PCI platform driver
Jan  7 20:41:09 docker-security7 kernel: [    1.067604] ohci-platform: OHCI generic platform driver
Jan  7 20:41:09 docker-security7 kernel: [    1.069248] uhci_hcd: USB Universal Host Controller Interface driver
Jan  7 20:41:09 docker-security7 kernel: [    1.072883] uhci_hcd 0000:00:01.2: UHCI Host Controller
Jan  7 20:41:09 docker-security7 kernel: [    1.073988] uhci_hcd 0000:00:01.2: new USB bus registered, assigned bus number 1
Jan  7 20:41:09 docker-security7 kernel: [    1.075689] uhci_hcd 0000:00:01.2: irq 11, io base 0x0000c040
Jan  7 20:41:09 docker-security7 kernel: [    1.076940] usb usb1: New USB device found, idVendor=1d6b, idProduct=0001
Jan  7 20:41:09 docker-security7 kernel: [    1.078277] usb usb1: New USB device strings: Mfr=3, Product=2, SerialNumber=1
Jan  7 20:41:09 docker-security7 kernel: [    1.079965] usb usb1: Product: UHCI Host Controller
Jan  7 20:41:09 docker-security7 kernel: [    1.081117] usb usb1: Manufacturer: Linux 3.13.0-95-generic uhci_hcd
Jan  7 20:41:09 docker-security7 kernel: [    1.082418] usb usb1: SerialNumber: 0000:00:01.2
Jan  7 20:41:09 docker-security7 kernel: [    1.083590] hub 1-0:1.0: USB hub found
Jan  7 20:41:09 docker-security7 kernel: [    1.084476] hub 1-0:1.0: 2 ports detected
Jan  7 20:41:09 docker-security7 kernel: [    1.085592] i8042: PNP: PS/2 Controller [PNP0303:KBD,PNP0f13:MOU] at 0x60,0x64 irq 1,12
Jan  7 20:41:09 docker-security7 kernel: [    1.088082] serio: i8042 KBD port at 0x60,0x64 irq 1
Jan  7 20:41:09 docker-security7 kernel: [    1.089167] serio: i8042 AUX port at 0x60,0x64 irq 12
Jan  7 20:41:09 docker-security7 kernel: [    1.090525] mousedev: PS/2 mouse device common for all mice
Jan  7 20:41:09 docker-security7 kernel: [    1.092169] input: AT Translated Set 2 keyboard as /devices/platform/i8042/serio0/input/input1
Jan  7 20:41:09 docker-security7 kernel: [    1.094846] rtc_cmos 00:00: RTC can wake from S4
Jan  7 20:41:09 docker-security7 kernel: [    1.096328] rtc_cmos 00:00: rtc core: registered rtc_cmos as rtc0
Jan  7 20:41:09 docker-security7 kernel: [    1.097701] rtc_cmos 00:00: alarms up to one day, 114 bytes nvram
Jan  7 20:41:09 docker-security7 kernel: [    1.099088] device-mapper: uevent: version 1.0.3
Jan  7 20:41:09 docker-security7 kernel: [    1.100326] device-mapper: ioctl: 4.27.0-ioctl (2013-10-30) initialised: dm-devel@redhat.com
Jan  7 20:41:09 docker-security7 kernel: [    1.102192] ledtrig-cpu: registered to indicate activity on CPUs
Jan  7 20:41:09 docker-security7 kernel: [    1.103569] TCP: cubic registered
Jan  7 20:41:09 docker-security7 kernel: [    1.104452] NET: Registered protocol family 10
Jan  7 20:41:09 docker-security7 kernel: [    1.105695] NET: Registered protocol family 17
Jan  7 20:41:09 docker-security7 kernel: [    1.106700] Key type dns_resolver registered
Jan  7 20:41:09 docker-security7 kernel: [    1.108185] Loading compiled-in X.509 certificates
Jan  7 20:41:09 docker-security7 kernel: [    1.110309] Loaded X.509 cert 'Magrathea: Glacier signing key: 51d5d773f107ba1bc09d336838c43cde749e4e05'
Jan  7 20:41:09 docker-security7 kernel: [    1.112372] registered taskstats version 1
Jan  7 20:41:09 docker-security7 kernel: [    1.117667] Key type trusted registered
Jan  7 20:41:09 docker-security7 kernel: [    1.125366] Key type encrypted registered
Jan  7 20:41:09 docker-security7 kernel: [    1.126838] AppArmor: AppArmor sha1 policy hashing enabled
Jan  7 20:41:09 docker-security7 kernel: [    1.128737] IMA: No TPM chip found, activating TPM-bypass!
Jan  7 20:41:09 docker-security7 kernel: [    1.130362] regulator-dummy: disabling
Jan  7 20:41:09 docker-security7 kernel: [    1.131471]   Magic number: 2:748:699
Jan  7 20:41:09 docker-security7 kernel: [    1.132633] rtc_cmos 00:00: setting system clock to 2018-01-07 20:40:47 UTC (1515357647)
Jan  7 20:41:09 docker-security7 kernel: [    1.134585] BIOS EDD facility v0.16 2004-Jun-25, 0 devices found
Jan  7 20:41:09 docker-security7 kernel: [    1.135862] EDD information not available.
Jan  7 20:41:09 docker-security7 kernel: [    1.136883] PM: Hibernation image not present or could not be loaded.
Jan  7 20:41:09 docker-security7 kernel: [    1.195026] Freeing unused kernel memory: 1336K (ffffffff81d20000 - ffffffff81e6e000)
Jan  7 20:41:09 docker-security7 kernel: [    1.197694] Write protecting the kernel read-only data: 12288k
Jan  7 20:41:09 docker-security7 kernel: [    1.200658] Freeing unused kernel memory: 760K (ffff880001742000 - ffff880001800000)
Jan  7 20:41:09 docker-security7 kernel: [    1.204643] Freeing unused kernel memory: 680K (ffff880001b56000 - ffff880001c00000)
Jan  7 20:41:09 docker-security7 kernel: [    1.258957] [drm] Initialized drm 1.1.0 20060810
Jan  7 20:41:09 docker-security7 kernel: [    1.264749] FDC 0 is a S82078B
Jan  7 20:41:09 docker-security7 kernel: [    1.275127] [TTM] Zone  kernel: Available graphics memory: 8216946 kiB
Jan  7 20:41:09 docker-security7 kernel: [    1.277305] [TTM] Zone   dma32: Available graphics memory: 2097152 kiB
Jan  7 20:41:09 docker-security7 kernel: [    1.279411] [TTM] Initializing pool allocator
Jan  7 20:41:09 docker-security7 kernel: [    1.280437] [TTM] Initializing DMA pool allocator
Jan  7 20:41:09 docker-security7 kernel: [    1.281667] [drm] fb mappable at 0x0
Jan  7 20:41:09 docker-security7 kernel: [    1.282521] [drm] vram aper at 0x0
Jan  7 20:41:09 docker-security7 kernel: [    1.283344] [drm] size 0
Jan  7 20:41:09 docker-security7 kernel: [    1.284022] [drm] fb depth is 24
Jan  7 20:41:09 docker-security7 kernel: [    1.284850] [drm]    pitch is 3072
Jan  7 20:41:09 docker-security7 kernel: [    1.286198] fbcon: cirrusdrmfb (fb0) is primary device
Jan  7 20:41:09 docker-security7 kernel: [    1.305122] Console: switching to colour frame buffer device 128x48
Jan  7 20:41:09 docker-security7 kernel: [    1.319999] cirrus 0000:00:02.0: fb0: cirrusdrmfb frame buffer device
Jan  7 20:41:09 docker-security7 kernel: [    1.321166] cirrus 0000:00:02.0: registered panic notifier
Jan  7 20:41:09 docker-security7 kernel: [    1.322235] [drm] Initialized cirrus 1.0.0 20110418 for 0000:00:02.0 on minor 0
Jan  7 20:41:09 docker-security7 kernel: [    1.396119] usb 1-1: new full-speed USB device number 2 using uhci_hcd
Jan  7 20:41:09 docker-security7 kernel: [    1.561388] usb 1-1: New USB device found, idVendor=0627, idProduct=0001
Jan  7 20:41:09 docker-security7 kernel: [    1.562986] usb 1-1: New USB device strings: Mfr=1, Product=3, SerialNumber=5
Jan  7 20:41:09 docker-security7 kernel: [    1.564693] usb 1-1: Product: QEMU USB Tablet
Jan  7 20:41:09 docker-security7 kernel: [    1.566897] usb 1-1: Manufacturer: QEMU
Jan  7 20:41:09 docker-security7 kernel: [    1.567787] usb 1-1: SerialNumber: 42
Jan  7 20:41:09 docker-security7 kernel: [    1.577979] hidraw: raw HID events driver (C) Jiri Kosina
Jan  7 20:41:09 docker-security7 kernel: [    1.587200] usbcore: registered new interface driver usbhid
Jan  7 20:41:09 docker-security7 kernel: [    1.588542] usbhid: USB HID core driver
Jan  7 20:41:09 docker-security7 kernel: [    1.592353] input: QEMU QEMU USB Tablet as /devices/pci0000:00/0000:00:01.2/usb1/1-1/1-1:1.0/input/input4
Jan  7 20:41:09 docker-security7 kernel: [    1.594850] hid-generic 0003:0627:0001.0001: input,hidraw0: USB HID v0.01 Pointer [QEMU QEMU USB Tablet] on usb-0000:00:01.2-1/input0
Jan  7 20:41:09 docker-security7 kernel: [    1.635500] EXT4-fs (vda1): mounted filesystem with ordered data mode. Opts: (null)
Jan  7 20:41:09 docker-security7 kernel: [    1.840174] tsc: Refined TSC clocksource calibration: 2400.107 MHz
Jan  7 20:41:09 docker-security7 kernel: [    2.298575] input: ImExPS/2 Generic Explorer Mouse as /devices/platform/i8042/serio1/input/input3
Jan  7 20:41:09 docker-security7 kernel: [    2.561650] random: init urandom read with 12 bits of entropy available
Jan  7 20:41:09 docker-security7 kernel: [    3.891786] EXT4-fs (vda1): re-mounted. Opts: (null)
Jan  7 20:41:09 docker-security7 kernel: [   11.046242] IPv6: ADDRCONF(NETDEV_UP): eth0: link is not ready
Jan  7 20:41:09 docker-security7 kernel: [   11.220271] IPv6: ADDRCONF(NETDEV_UP): lo: link is not ready
Jan  7 20:41:09 docker-security7 kernel: [   11.220277] IPv6: ADDRCONF(NETDEV_UP): eth0: link is not ready
Jan  7 20:41:09 docker-security7 kernel: [   13.043119] piix4_smbus 0000:00:01.3: SMBus Host Controller at 0xb100, revision 0
Jan  7 20:41:09 docker-security7 kernel: [   14.482753] type=1400 audit(1515357660.846:2): apparmor="STATUS" operation="profile_load" profile="unconfined" name="/sbin/dhclient" pid=542 comm="apparmor_parser"
Jan  7 20:41:09 docker-security7 kernel: [   14.482764] type=1400 audit(1515357660.846:3): apparmor="STATUS" operation="profile_load" profile="unconfined" name="/usr/lib/NetworkManager/nm-dhcp-client.action" pid=542 comm="apparmor_parser"
Jan  7 20:41:09 docker-security7 kernel: [   14.482770] type=1400 audit(1515357660.846:4): apparmor="STATUS" operation="profile_load" profile="unconfined" name="/usr/lib/connman/scripts/dhclient-script" pid=542 comm="apparmor_parser"
Jan  7 20:41:09 docker-security7 kernel: [   14.482794] type=1400 audit(1515357660.846:5): apparmor="STATUS" operation="profile_replace" profile="unconfined" name="/sbin/dhclient" pid=541 comm="apparmor_parser"
Jan  7 20:41:09 docker-security7 kernel: [   14.482812] type=1400 audit(1515357660.846:6): apparmor="STATUS" operation="profile_replace" profile="unconfined" name="/usr/lib/NetworkManager/nm-dhcp-client.action" pid=541 comm="apparmor_parser"
Jan  7 20:41:09 docker-security7 kernel: [   14.482823] type=1400 audit(1515357660.846:7): apparmor="STATUS" operation="profile_replace" profile="unconfined" name="/usr/lib/connman/scripts/dhclient-script" pid=541 comm="apparmor_parser"
Jan  7 20:41:09 docker-security7 kernel: [   14.483413] type=1400 audit(1515357660.846:8): apparmor="STATUS" operation="profile_replace" profile="unconfined" name="/usr/lib/NetworkManager/nm-dhcp-client.action" pid=542 comm="apparmor_parser"
Jan  7 20:41:09 docker-security7 kernel: [   14.483422] type=1400 audit(1515357660.846:9): apparmor="STATUS" operation="profile_replace" profile="unconfined" name="/usr/lib/connman/scripts/dhclient-script" pid=542 comm="apparmor_parser"
Jan  7 20:41:09 docker-security7 kernel: [   14.483481] type=1400 audit(1515357660.846:10): apparmor="STATUS" operation="profile_replace" profile="unconfined" name="/usr/lib/NetworkManager/nm-dhcp-client.action" pid=541 comm="apparmor_parser"
Jan  7 20:41:09 docker-security7 kernel: [   14.483489] type=1400 audit(1515357660.846:11): apparmor="STATUS" operation="profile_replace" profile="unconfined" name="/usr/lib/connman/scripts/dhclient-script" pid=541 comm="apparmor_parser"
Jan  7 20:41:09 docker-security7 kernel: [   23.341328] audit_printk_skb: 6 callbacks suppressed
Jan  7 20:41:09 docker-security7 kernel: [   23.341329] type=1400 audit(1515357669.706:14): apparmor="STATUS" operation="profile_replace" profile="unconfined" name="/sbin/dhclient" pid=1029 comm="apparmor_parser"
Jan  7 20:41:09 docker-security7 kernel: [   23.341335] type=1400 audit(1515357669.706:15): apparmor="STATUS" operation="profile_replace" profile="unconfined" name="/usr/lib/NetworkManager/nm-dhcp-client.action" pid=1029 comm="apparmor_parser"
Jan  7 20:41:09 docker-security7 kernel: [   23.341339] type=1400 audit(1515357669.706:16): apparmor="STATUS" operation="profile_replace" profile="unconfined" name="/usr/lib/connman/scripts/dhclient-script" pid=1029 comm="apparmor_parser"
Jan  7 20:41:09 docker-security7 kernel: [   23.341775] type=1400 audit(1515357669.706:17): apparmor="STATUS" operation="profile_replace" profile="unconfined" name="/usr/lib/NetworkManager/nm-dhcp-client.action" pid=1029 comm="apparmor_parser"
Jan  7 20:41:09 docker-security7 kernel: [   23.341779] type=1400 audit(1515357669.706:18): apparmor="STATUS" operation="profile_replace" profile="unconfined" name="/usr/lib/connman/scripts/dhclient-script" pid=1029 comm="apparmor_parser"
Jan  7 20:41:09 docker-security7 kernel: [   23.342001] type=1400 audit(1515357669.706:19): apparmor="STATUS" operation="profile_replace" profile="unconfined" name="/usr/lib/connman/scripts/dhclient-script" pid=1029 comm="apparmor_parser"
Jan  7 20:41:09 docker-security7 kernel: [   23.482267] type=1400 audit(1515357669.846:20): apparmor="STATUS" operation="profile_load" profile="unconfined" name="docker-default" pid=1028 comm="apparmor_parser"
Jan  7 20:41:09 docker-security7 kernel: [   23.522298] type=1400 audit(1515357669.886:21): apparmor="STATUS" operation="profile_load" profile="unconfined" name="server_profile" pid=1030 comm="apparmor_parser"
Jan  7 20:41:09 docker-security7 kernel: [   23.531404] type=1400 audit(1515357669.894:22): apparmor="STATUS" operation="profile_load" profile="unconfined" name="client_profile" pid=1026 comm="apparmor_parser"
Jan  7 20:41:09 docker-security7 kernel: [   23.536744] type=1400 audit(1515357669.902:23): apparmor="STATUS" operation="profile_load" profile="unconfined" name="dataset_profile" pid=1027 comm="apparmor_parser"
Jan  7 20:41:18 docker-security7 kernel: [   30.875789] ip_tables: (C) 2000-2006 Netfilter Core Team
Jan  7 20:41:19 docker-security7 kernel: [   32.216791] aufs 3.13-20140303
Jan  7 20:41:21 docker-security7 kernel: [   33.904736] Bridge firewalling registered
Jan  7 20:41:21 docker-security7 kernel: [   33.927278] nf_conntrack version 0.5.0 (16384 buckets, 65536 max)
Jan  7 20:41:21 docker-security7 kernel: [   34.234987] Initializing XFRM netlink socket
Jan  7 20:41:21 docker-security7 kernel: [   34.259726] Netfilter messages via NETLINK v0.30.
Jan  7 20:41:21 docker-security7 kernel: [   34.271239] ctnetlink v0.93: registering with nfnetlink.
Jan  7 20:41:21 docker-security7 kernel: [   34.354467] IPv6: ADDRCONF(NETDEV_UP): docker0: link is not ready
Jan  7 20:41:21 docker-security7 kernel: [   34.442358] IPv6: ADDRCONF(NETDEV_UP): br-73bb1cef54ae: link is not ready
Jan  7 20:41:22 docker-security7 kernel: [   35.239766] aufs au_opts_parse:1155:dockerd[1646]: unknown option dirperm1
Jan  7 20:42:26 docker-security7 kernel: [   99.018665] random: nonblocking pool is initialized
Jan  7 20:46:23 docker-security7 kernel: [  335.769600] cgroup: systemd-logind (1186) created nested cgroup for controller "memory" which has incomplete hierarchy support. Nested cgroups may change behavior in the future.
Jan  7 20:46:23 docker-security7 kernel: [  335.769605] cgroup: "memory" requires setting use_hierarchy to 1 on the root.
Jan  8 15:02:43 docker-security7 kernel: [    0.000000] Initializing cgroup subsys cpuset
Jan  8 15:02:43 docker-security7 kernel: [    0.000000] Initializing cgroup subsys cpu
Jan  8 15:02:43 docker-security7 kernel: [    0.000000] Initializing cgroup subsys cpuacct
Jan  8 15:02:43 docker-security7 kernel: [    0.000000] Linux version 3.13.0-95-generic (buildd@lgw01-58) (gcc version 4.8.4 (Ubuntu 4.8.4-2ubuntu1~14.04.3) ) #142-Ubuntu SMP Fri Aug 12 17:00:09 UTC 2016 (Ubuntu 3.13.0-95.142-generic 3.13.11-ckt39)
Jan  8 15:02:43 docker-security7 kernel: [    0.000000] Command line: BOOT_IMAGE=/boot/vmlinuz-3.13.0-95-generic root=UUID=f737ca97-7d91-4332-a1e7-36ac7ac787c1 ro console=tty1 console=ttyS0
Jan  8 15:02:43 docker-security7 kernel: [    0.000000] KERNEL supported cpus:
Jan  8 15:02:43 docker-security7 kernel: [    0.000000]   Intel GenuineIntel
Jan  8 15:02:43 docker-security7 kernel: [    0.000000]   AMD AuthenticAMD
Jan  8 15:02:43 docker-security7 kernel: [    0.000000]   Centaur CentaurHauls
Jan  8 15:02:43 docker-security7 kernel: [    0.000000] e820: BIOS-provided physical RAM map:
Jan  8 15:02:43 docker-security7 kernel: [    0.000000] BIOS-e820: [mem 0x0000000000000000-0x000000000009fbff] usable
Jan  8 15:02:43 docker-security7 kernel: [    0.000000] BIOS-e820: [mem 0x000000000009fc00-0x000000000009ffff] reserved
Jan  8 15:02:43 docker-security7 kernel: [    0.000000] BIOS-e820: [mem 0x00000000000f0000-0x00000000000fffff] reserved
Jan  8 15:02:43 docker-security7 kernel: [    0.000000] BIOS-e820: [mem 0x0000000000100000-0x00000000bfffcfff] usable
Jan  8 15:02:43 docker-security7 kernel: [    0.000000] BIOS-e820: [mem 0x00000000bfffd000-0x00000000bfffffff] reserved
Jan  8 15:02:43 docker-security7 kernel: [    0.000000] BIOS-e820: [mem 0x00000000feffc000-0x00000000feffffff] reserved
Jan  8 15:02:43 docker-security7 kernel: [    0.000000] BIOS-e820: [mem 0x00000000fffc0000-0x00000000ffffffff] reserved
Jan  8 15:02:43 docker-security7 kernel: [    0.000000] BIOS-e820: [mem 0x0000000100000000-0x000000043fffffff] usable
Jan  8 15:02:43 docker-security7 kernel: [    0.000000] NX (Execute Disable) protection: active
Jan  8 15:02:43 docker-security7 kernel: [    0.000000] SMBIOS 2.4 present.
Jan  8 15:02:43 docker-security7 kernel: [    0.000000] DMI: OpenStack Foundation OpenStack Nova, BIOS Bochs 01/01/2011
Jan  8 15:02:43 docker-security7 kernel: [    0.000000] Hypervisor detected: KVM
Jan  8 15:02:43 docker-security7 kernel: [    0.000000] e820: update [mem 0x00000000-0x00000fff] usable ==> reserved
Jan  8 15:02:43 docker-security7 kernel: [    0.000000] e820: remove [mem 0x000a0000-0x000fffff] usable
Jan  8 15:02:43 docker-security7 kernel: [    0.000000] No AGP bridge found
Jan  8 15:02:43 docker-security7 kernel: [    0.000000] e820: last_pfn = 0x440000 max_arch_pfn = 0x400000000
Jan  8 15:02:43 docker-security7 kernel: [    0.000000] MTRR default type: write-back
Jan  8 15:02:43 docker-security7 kernel: [    0.000000] MTRR fixed ranges enabled:
Jan  8 15:02:43 docker-security7 kernel: [    0.000000]   00000-9FFFF write-back
Jan  8 15:02:43 docker-security7 kernel: [    0.000000]   A0000-BFFFF uncachable
Jan  8 15:02:43 docker-security7 kernel: [    0.000000]   C0000-FFFFF write-protect
Jan  8 15:02:43 docker-security7 kernel: [    0.000000] MTRR variable ranges enabled:
Jan  8 15:02:43 docker-security7 kernel: [    0.000000]   0 base 00C0000000 mask FFC0000000 uncachable
Jan  8 15:02:43 docker-security7 kernel: [    0.000000]   1 disabled
Jan  8 15:02:43 docker-security7 kernel: [    0.000000]   2 disabled
Jan  8 15:02:43 docker-security7 kernel: [    0.000000]   3 disabled
Jan  8 15:02:43 docker-security7 kernel: [    0.000000]   4 disabled
Jan  8 15:02:43 docker-security7 kernel: [    0.000000]   5 disabled
Jan  8 15:02:43 docker-security7 kernel: [    0.000000]   6 disabled
Jan  8 15:02:43 docker-security7 kernel: [    0.000000]   7 disabled
Jan  8 15:02:43 docker-security7 kernel: [    0.000000] x86 PAT enabled: cpu 0, old 0x7040600070406, new 0x7010600070106
Jan  8 15:02:43 docker-security7 kernel: [    0.000000] e820: last_pfn = 0xbfffd max_arch_pfn = 0x400000000
Jan  8 15:02:43 docker-security7 kernel: [    0.000000] found SMP MP-table at [mem 0x000f0ac0-0x000f0acf] mapped at [ffff8800000f0ac0]
Jan  8 15:02:43 docker-security7 kernel: [    0.000000] Scanning 1 areas for low memory corruption
Jan  8 15:02:43 docker-security7 kernel: [    0.000000] Base memory trampoline at [ffff880000099000] 99000 size 24576
Jan  8 15:02:43 docker-security7 kernel: [    0.000000] Using GB pages for direct mapping
Jan  8 15:02:43 docker-security7 kernel: [    0.000000] init_memory_mapping: [mem 0x00000000-0x000fffff]
Jan  8 15:02:43 docker-security7 kernel: [    0.000000]  [mem 0x00000000-0x000fffff] page 4k
Jan  8 15:02:43 docker-security7 kernel: [    0.000000] BRK [0x01fe2000, 0x01fe2fff] PGTABLE
Jan  8 15:02:43 docker-security7 kernel: [    0.000000] BRK [0x01fe3000, 0x01fe3fff] PGTABLE
Jan  8 15:02:43 docker-security7 kernel: [    0.000000] BRK [0x01fe4000, 0x01fe4fff] PGTABLE
Jan  8 15:02:43 docker-security7 kernel: [    0.000000] init_memory_mapping: [mem 0x43fe00000-0x43fffffff]
Jan  8 15:02:43 docker-security7 kernel: [    0.000000]  [mem 0x43fe00000-0x43fffffff] page 1G
Jan  8 15:02:43 docker-security7 kernel: [    0.000000] init_memory_mapping: [mem 0x43c000000-0x43fdfffff]
Jan  8 15:02:43 docker-security7 kernel: [    0.000000]  [mem 0x43c000000-0x43fdfffff] page 1G
Jan  8 15:02:43 docker-security7 kernel: [    0.000000] init_memory_mapping: [mem 0x400000000-0x43bffffff]
Jan  8 15:02:43 docker-security7 kernel: [    0.000000]  [mem 0x400000000-0x43bffffff] page 1G
Jan  8 15:02:43 docker-security7 kernel: [    0.000000] init_memory_mapping: [mem 0x00100000-0xbfffcfff]
Jan  8 15:02:43 docker-security7 kernel: [    0.000000]  [mem 0x00100000-0x001fffff] page 4k
Jan  8 15:02:43 docker-security7 kernel: [    0.000000]  [mem 0x00200000-0x3fffffff] page 2M
Jan  8 15:02:43 docker-security7 kernel: [    0.000000]  [mem 0x40000000-0x7fffffff] page 1G
Jan  8 15:02:43 docker-security7 kernel: [    0.000000]  [mem 0x80000000-0xbfdfffff] page 2M
Jan  8 15:02:43 docker-security7 kernel: [    0.000000]  [mem 0xbfe00000-0xbfffcfff] page 4k
Jan  8 15:02:43 docker-security7 kernel: [    0.000000] init_memory_mapping: [mem 0x100000000-0x3ffffffff]
Jan  8 15:02:43 docker-security7 kernel: [    0.000000]  [mem 0x100000000-0x3ffffffff] page 1G
Jan  8 15:02:43 docker-security7 kernel: [    0.000000] RAMDISK: [mem 0x35094000-0x36841fff]
Jan  8 15:02:43 docker-security7 kernel: [    0.000000] ACPI: RSDP 00000000000f0a70 000014 (v00 BOCHS )
Jan  8 15:02:43 docker-security7 kernel: [    0.000000] ACPI: RSDT 00000000bffffba9 000034 (v01 BOCHS  BXPCRSDT 00000001 BXPC 00000001)
Jan  8 15:02:43 docker-security7 kernel: [    0.000000] ACPI: FACP 00000000bfffef00 000074 (v01 BOCHS  BXPCFACP 00000001 BXPC 00000001)
Jan  8 15:02:43 docker-security7 kernel: [    0.000000] ACPI: DSDT 00000000bfffdd80 001180 (v01 BOCHS  BXPCDSDT 00000001 BXPC 00000001)
Jan  8 15:02:43 docker-security7 kernel: [    0.000000] ACPI: FACS 00000000bfffdd40 000040
Jan  8 15:02:43 docker-security7 kernel: [    0.000000] ACPI: SSDT 00000000bfffef74 000B85 (v01 BOCHS  BXPCSSDT 00000001 BXPC 00000001)
Jan  8 15:02:43 docker-security7 kernel: [    0.000000] ACPI: APIC 00000000bffffaf9 0000B0 (v01 BOCHS  BXPCAPIC 00000001 BXPC 00000001)
Jan  8 15:02:43 docker-security7 kernel: [    0.000000] ACPI: RSDT 00000000bffffba9 000034 (v01 BOCHS  BXPCRSDT 00000001 BXPC 00000001)
Jan  8 15:02:43 docker-security7 kernel: [    0.000000] ACPI: Local APIC address 0xfee00000
Jan  8 15:02:43 docker-security7 kernel: [    0.000000] No NUMA configuration found
Jan  8 15:02:43 docker-security7 kernel: [    0.000000] Faking a node at [mem 0x0000000000000000-0x000000043fffffff]
Jan  8 15:02:43 docker-security7 kernel: [    0.000000] Initmem setup node 0 [mem 0x00000000-0x43fffffff]
Jan  8 15:02:43 docker-security7 kernel: [    0.000000]   NODE_DATA [mem 0x43fff9000-0x43fffdfff]
Jan  8 15:02:43 docker-security7 kernel: [    0.000000] kvm-clock: Using msrs 4b564d01 and 4b564d00
Jan  8 15:02:43 docker-security7 kernel: [    0.000000] kvm-clock: cpu 0, msr 4:3fff5001, boot clock
Jan  8 15:02:43 docker-security7 kernel: [    0.000000]  [ffffea0000000000-ffffea0010ffffff] PMD -> [ffff88042f600000-ffff88043f5fffff] on node 0
Jan  8 15:02:43 docker-security7 kernel: [    0.000000] Zone ranges:
Jan  8 15:02:43 docker-security7 kernel: [    0.000000]   DMA      [mem 0x00001000-0x00ffffff]
Jan  8 15:02:43 docker-security7 kernel: [    0.000000]   DMA32    [mem 0x01000000-0xffffffff]
Jan  8 15:02:43 docker-security7 kernel: [    0.000000]   Normal   [mem 0x100000000-0x43fffffff]
Jan  8 15:02:43 docker-security7 kernel: [    0.000000] Movable zone start for each node
Jan  8 15:02:43 docker-security7 kernel: [    0.000000] Early memory node ranges
Jan  8 15:02:43 docker-security7 kernel: [    0.000000]   node   0: [mem 0x00001000-0x0009efff]
Jan  8 15:02:43 docker-security7 kernel: [    0.000000]   node   0: [mem 0x00100000-0xbfffcfff]
Jan  8 15:02:43 docker-security7 kernel: [    0.000000]   node   0: [mem 0x100000000-0x43fffffff]
Jan  8 15:02:43 docker-security7 kernel: [    0.000000] On node 0 totalpages: 4194203
Jan  8 15:02:43 docker-security7 kernel: [    0.000000]   DMA zone: 64 pages used for memmap
Jan  8 15:02:43 docker-security7 kernel: [    0.000000]   DMA zone: 21 pages reserved
Jan  8 15:02:43 docker-security7 kernel: [    0.000000]   DMA zone: 3998 pages, LIFO batch:0
Jan  8 15:02:43 docker-security7 kernel: [    0.000000]   DMA32 zone: 12224 pages used for memmap
Jan  8 15:02:43 docker-security7 kernel: [    0.000000]   DMA32 zone: 782333 pages, LIFO batch:31
Jan  8 15:02:43 docker-security7 kernel: [    0.000000]   Normal zone: 53248 pages used for memmap
Jan  8 15:02:43 docker-security7 kernel: [    0.000000]   Normal zone: 3407872 pages, LIFO batch:31
Jan  8 15:02:43 docker-security7 kernel: [    0.000000] ACPI: PM-Timer IO Port: 0xb008
Jan  8 15:02:43 docker-security7 kernel: [    0.000000] ACPI: Local APIC address 0xfee00000
Jan  8 15:02:43 docker-security7 kernel: [    0.000000] ACPI: LAPIC (acpi_id[0x00] lapic_id[0x00] enabled)
Jan  8 15:02:43 docker-security7 kernel: [    0.000000] ACPI: LAPIC (acpi_id[0x01] lapic_id[0x01] enabled)
Jan  8 15:02:43 docker-security7 kernel: [    0.000000] ACPI: LAPIC (acpi_id[0x02] lapic_id[0x02] enabled)
Jan  8 15:02:43 docker-security7 kernel: [    0.000000] ACPI: LAPIC (acpi_id[0x03] lapic_id[0x03] enabled)
Jan  8 15:02:43 docker-security7 kernel: [    0.000000] ACPI: LAPIC (acpi_id[0x04] lapic_id[0x04] enabled)
Jan  8 15:02:43 docker-security7 kernel: [    0.000000] ACPI: LAPIC (acpi_id[0x05] lapic_id[0x05] enabled)
Jan  8 15:02:43 docker-security7 kernel: [    0.000000] ACPI: LAPIC (acpi_id[0x06] lapic_id[0x06] enabled)
Jan  8 15:02:43 docker-security7 kernel: [    0.000000] ACPI: LAPIC (acpi_id[0x07] lapic_id[0x07] enabled)
Jan  8 15:02:43 docker-security7 kernel: [    0.000000] ACPI: LAPIC_NMI (acpi_id[0xff] dfl dfl lint[0x1])
Jan  8 15:02:43 docker-security7 kernel: [    0.000000] ACPI: IOAPIC (id[0x00] address[0xfec00000] gsi_base[0])
Jan  8 15:02:43 docker-security7 kernel: [    0.000000] IOAPIC[0]: apic_id 0, version 17, address 0xfec00000, GSI 0-23
Jan  8 15:02:43 docker-security7 kernel: [    0.000000] ACPI: INT_SRC_OVR (bus 0 bus_irq 0 global_irq 2 dfl dfl)
Jan  8 15:02:43 docker-security7 kernel: [    0.000000] ACPI: INT_SRC_OVR (bus 0 bus_irq 5 global_irq 5 high level)
Jan  8 15:02:43 docker-security7 kernel: [    0.000000] ACPI: INT_SRC_OVR (bus 0 bus_irq 9 global_irq 9 high level)
Jan  8 15:02:43 docker-security7 kernel: [    0.000000] ACPI: INT_SRC_OVR (bus 0 bus_irq 10 global_irq 10 high level)
Jan  8 15:02:43 docker-security7 kernel: [    0.000000] ACPI: INT_SRC_OVR (bus 0 bus_irq 11 global_irq 11 high level)
Jan  8 15:02:43 docker-security7 kernel: [    0.000000] ACPI: IRQ0 used by override.
Jan  8 15:02:43 docker-security7 kernel: [    0.000000] ACPI: IRQ2 used by override.
Jan  8 15:02:43 docker-security7 kernel: [    0.000000] ACPI: IRQ5 used by override.
Jan  8 15:02:43 docker-security7 kernel: [    0.000000] ACPI: IRQ9 used by override.
Jan  8 15:02:43 docker-security7 kernel: [    0.000000] ACPI: IRQ10 used by override.
Jan  8 15:02:43 docker-security7 kernel: [    0.000000] ACPI: IRQ11 used by override.
Jan  8 15:02:43 docker-security7 kernel: [    0.000000] Using ACPI (MADT) for SMP configuration information
Jan  8 15:02:43 docker-security7 kernel: [    0.000000] smpboot: Allowing 8 CPUs, 0 hotplug CPUs
Jan  8 15:02:43 docker-security7 kernel: [    0.000000] nr_irqs_gsi: 40
Jan  8 15:02:43 docker-security7 kernel: [    0.000000] PM: Registered nosave memory: [mem 0x0009f000-0x0009ffff]
Jan  8 15:02:43 docker-security7 kernel: [    0.000000] PM: Registered nosave memory: [mem 0x000a0000-0x000effff]
Jan  8 15:02:43 docker-security7 kernel: [    0.000000] PM: Registered nosave memory: [mem 0x000f0000-0x000fffff]
Jan  8 15:02:43 docker-security7 kernel: [    0.000000] PM: Registered nosave memory: [mem 0xbfffd000-0xbfffffff]
Jan  8 15:02:43 docker-security7 kernel: [    0.000000] PM: Registered nosave memory: [mem 0xc0000000-0xfeffbfff]
Jan  8 15:02:43 docker-security7 kernel: [    0.000000] PM: Registered nosave memory: [mem 0xfeffc000-0xfeffffff]
Jan  8 15:02:43 docker-security7 kernel: [    0.000000] PM: Registered nosave memory: [mem 0xff000000-0xfffbffff]
Jan  8 15:02:43 docker-security7 kernel: [    0.000000] PM: Registered nosave memory: [mem 0xfffc0000-0xffffffff]
Jan  8 15:02:43 docker-security7 kernel: [    0.000000] e820: [mem 0xc0000000-0xfeffbfff] available for PCI devices
Jan  8 15:02:43 docker-security7 kernel: [    0.000000] Booting paravirtualized kernel on KVM
Jan  8 15:02:43 docker-security7 kernel: [    0.000000] setup_percpu: NR_CPUS:256 nr_cpumask_bits:256 nr_cpu_ids:8 nr_node_ids:1
Jan  8 15:02:43 docker-security7 kernel: [    0.000000] PERCPU: Embedded 27 pages/cpu @ffff88043fc00000 s81536 r8192 d20864 u262144
Jan  8 15:02:43 docker-security7 kernel: [    0.000000] pcpu-alloc: s81536 r8192 d20864 u262144 alloc=1*2097152
Jan  8 15:02:43 docker-security7 kernel: [    0.000000] pcpu-alloc: [0] 0 1 2 3 4 5 6 7 
Jan  8 15:02:43 docker-security7 kernel: [    0.000000] kvm-clock: cpu 0, msr 4:3fff5001, primary cpu clock
Jan  8 15:02:43 docker-security7 kernel: [    0.000000] KVM setup async PF for cpu 0
Jan  8 15:02:43 docker-security7 kernel: [    0.000000] kvm-stealtime: cpu 0, msr 43fc0d000
Jan  8 15:02:43 docker-security7 kernel: [    0.000000] Built 1 zonelists in Zone order, mobility grouping on.  Total pages: 4128646
Jan  8 15:02:43 docker-security7 kernel: [    0.000000] Policy zone: Normal
Jan  8 15:02:43 docker-security7 kernel: [    0.000000] Kernel command line: BOOT_IMAGE=/boot/vmlinuz-3.13.0-95-generic root=UUID=f737ca97-7d91-4332-a1e7-36ac7ac787c1 ro console=tty1 console=ttyS0
Jan  8 15:02:43 docker-security7 kernel: [    0.000000] PID hash table entries: 4096 (order: 3, 32768 bytes)
Jan  8 15:02:43 docker-security7 kernel: [    0.000000] Checking aperture...
Jan  8 15:02:43 docker-security7 kernel: [    0.000000] No AGP bridge found
Jan  8 15:02:43 docker-security7 kernel: [    0.000000] Calgary: detecting Calgary via BIOS EBDA area
Jan  8 15:02:43 docker-security7 kernel: [    0.000000] Calgary: Unable to locate Rio Grande table in EBDA - bailing!
Jan  8 15:02:43 docker-security7 kernel: [    0.000000] Memory: 16406836K/16776812K available (7419K kernel code, 1146K rwdata, 3416K rodata, 1336K init, 1448K bss, 369976K reserved)
Jan  8 15:02:43 docker-security7 kernel: [    0.000000] SLUB: HWalign=64, Order=0-3, MinObjects=0, CPUs=8, Nodes=1
Jan  8 15:02:43 docker-security7 kernel: [    0.000000] Hierarchical RCU implementation.
Jan  8 15:02:43 docker-security7 kernel: [    0.000000] 	RCU dyntick-idle grace-period acceleration is enabled.
Jan  8 15:02:43 docker-security7 kernel: [    0.000000] 	RCU restricting CPUs from NR_CPUS=256 to nr_cpu_ids=8.
Jan  8 15:02:43 docker-security7 kernel: [    0.000000] 	Offload RCU callbacks from all CPUs
Jan  8 15:02:43 docker-security7 kernel: [    0.000000] 	Offload RCU callbacks from CPUs: 0-7.
Jan  8 15:02:43 docker-security7 kernel: [    0.000000] NR_IRQS:16640 nr_irqs:744 16
Jan  8 15:02:43 docker-security7 kernel: [    0.000000] Console: colour VGA+ 80x25
Jan  8 15:02:43 docker-security7 kernel: [    0.000000] console [tty1] enabled
Jan  8 15:02:43 docker-security7 kernel: [    0.000000] console [ttyS0] enabled
Jan  8 15:02:43 docker-security7 kernel: [    0.000000] allocated 67108864 bytes of page_cgroup
Jan  8 15:02:43 docker-security7 kernel: [    0.000000] please try 'cgroup_disable=memory' option if you don't want memory cgroups
Jan  8 15:02:43 docker-security7 kernel: [    0.000000] tsc: Detected 2400.074 MHz processor
Jan  8 15:02:43 docker-security7 kernel: [    0.008000] Calibrating delay loop (skipped) preset value.. 4800.14 BogoMIPS (lpj=9600296)
Jan  8 15:02:43 docker-security7 kernel: [    0.008000] pid_max: default: 32768 minimum: 301
Jan  8 15:02:43 docker-security7 kernel: [    0.008000] Security Framework initialized
Jan  8 15:02:43 docker-security7 kernel: [    0.008026] AppArmor: AppArmor initialized
Jan  8 15:02:43 docker-security7 kernel: [    0.008978] Yama: becoming mindful.
Jan  8 15:02:43 docker-security7 kernel: [    0.012049] Dentry cache hash table entries: 2097152 (order: 12, 16777216 bytes)
Jan  8 15:02:43 docker-security7 kernel: [    0.020399] Inode-cache hash table entries: 1048576 (order: 11, 8388608 bytes)
Jan  8 15:02:43 docker-security7 kernel: [    0.024456] Mount-cache hash table entries: 32768 (order: 6, 262144 bytes)
Jan  8 15:02:43 docker-security7 kernel: [    0.025898] Mountpoint-cache hash table entries: 32768 (order: 6, 262144 bytes)
Jan  8 15:02:43 docker-security7 kernel: [    0.028069] Initializing cgroup subsys memory
Jan  8 15:02:43 docker-security7 kernel: [    0.029056] Initializing cgroup subsys devices
Jan  8 15:02:43 docker-security7 kernel: [    0.030056] Initializing cgroup subsys freezer
Jan  8 15:02:43 docker-security7 kernel: [    0.031041] Initializing cgroup subsys blkio
Jan  8 15:02:43 docker-security7 kernel: [    0.032005] Initializing cgroup subsys perf_event
Jan  8 15:02:43 docker-security7 kernel: [    0.033039] Initializing cgroup subsys hugetlb
Jan  8 15:02:43 docker-security7 kernel: [    0.034114] mce: CPU supports 10 MCE banks
Jan  8 15:02:43 docker-security7 kernel: [    0.035100] Last level iTLB entries: 4KB 0, 2MB 0, 4MB 0
Jan  8 15:02:43 docker-security7 kernel: [    0.035100] Last level dTLB entries: 4KB 0, 2MB 0, 4MB 0
Jan  8 15:02:43 docker-security7 kernel: [    0.035100] tlb_flushall_shift: 6
Jan  8 15:02:43 docker-security7 kernel: [    0.036213] Freeing SMP alternatives memory: 32K (ffffffff81e6e000 - ffffffff81e76000)
Jan  8 15:02:43 docker-security7 kernel: [    0.043759] ACPI: Core revision 20131115
Jan  8 15:02:43 docker-security7 kernel: [    0.045118] ACPI: All ACPI Tables successfully acquired
Jan  8 15:02:43 docker-security7 kernel: [    0.046432] ftrace: allocating 28617 entries in 112 pages
Jan  8 15:02:43 docker-security7 kernel: [    0.060324] Enabling x2apic
Jan  8 15:02:43 docker-security7 kernel: [    0.061099] Enabled x2apic
Jan  8 15:02:43 docker-security7 kernel: [    0.064005] Switched APIC routing to physical x2apic.
Jan  8 15:02:43 docker-security7 kernel: [    0.066398] ..TIMER: vector=0x30 apic1=0 pin1=2 apic2=-1 pin2=-1
Jan  8 15:02:43 docker-security7 kernel: [    0.068003] smpboot: CPU0: Intel Core i7 9xx (Nehalem Class Core i7) (fam: 06, model: 1a, stepping: 03)
Jan  8 15:02:43 docker-security7 kernel: [    0.072000] Performance Events: unsupported p6 CPU model 26 no PMU driver, software events only.
Jan  8 15:02:43 docker-security7 kernel: [    0.072517] NMI watchdog: disabled (cpu0): hardware events not enabled
Jan  8 15:02:43 docker-security7 kernel: [    0.074198] x86: Booting SMP configuration:
Jan  8 15:02:43 docker-security7 kernel: [    0.072505] kvm-clock: cpu 1, msr 4:3fff5041, secondary cpu clock
Jan  8 15:02:43 docker-security7 kernel: [    0.088020] KVM setup async PF for cpu 1
Jan  8 15:02:43 docker-security7 kernel: [    0.089363] kvm-stealtime: cpu 1, msr 43fc4d000
Jan  8 15:02:43 docker-security7 kernel: [    0.088028] kvm-clock: cpu 2, msr 4:3fff5081, secondary cpu clock
Jan  8 15:02:43 docker-security7 kernel: [    0.104021] KVM setup async PF for cpu 2
Jan  8 15:02:43 docker-security7 kernel: [    0.105178] kvm-stealtime: cpu 2, msr 43fc8d000
Jan  8 15:02:43 docker-security7 kernel: [    0.104029] kvm-clock: cpu 3, msr 4:3fff50c1, secondary cpu clock
Jan  8 15:02:43 docker-security7 kernel: [    0.120016] KVM setup async PF for cpu 3
Jan  8 15:02:43 docker-security7 kernel: [    0.121164] kvm-stealtime: cpu 3, msr 43fccd000
Jan  8 15:02:43 docker-security7 kernel: [    0.120023] kvm-clock: cpu 4, msr 4:3fff5101, secondary cpu clock
Jan  8 15:02:43 docker-security7 kernel: [    0.136016] KVM setup async PF for cpu 4
Jan  8 15:02:43 docker-security7 kernel: [    0.137179] kvm-stealtime: cpu 4, msr 43fd0d000
Jan  8 15:02:43 docker-security7 kernel: [    0.136023] kvm-clock: cpu 5, msr 4:3fff5141, secondary cpu clock
Jan  8 15:02:43 docker-security7 kernel: [    0.152017] KVM setup async PF for cpu 5
Jan  8 15:02:43 docker-security7 kernel: [    0.153209] kvm-stealtime: cpu 5, msr 43fd4d000
Jan  8 15:02:43 docker-security7 kernel: [    0.152024] kvm-clock: cpu 6, msr 4:3fff5181, secondary cpu clock
Jan  8 15:02:43 docker-security7 kernel: [    0.168017] KVM setup async PF for cpu 6
Jan  8 15:02:43 docker-security7 kernel: [    0.169232] kvm-stealtime: cpu 6, msr 43fd8d000
Jan  8 15:02:43 docker-security7 kernel: [    0.168025] kvm-clock: cpu 7, msr 4:3fff51c1, secondary cpu clock
Jan  8 15:02:43 docker-security7 kernel: [    0.075320] .... node  #0, CPUs:      #1 #2 #3 #4 #5 #6 #7
Jan  8 15:02:43 docker-security7 kernel: [    0.180027] x86: Booted up 1 node, 8 CPUs
Jan  8 15:02:43 docker-security7 kernel: [    0.180019] KVM setup async PF for cpu 7
Jan  8 15:02:43 docker-security7 kernel: [    0.180023] kvm-stealtime: cpu 7, msr 43fdcd000
Jan  8 15:02:43 docker-security7 kernel: [    0.184004] smpboot: Total of 8 processors activated (38401.18 BogoMIPS)
Jan  8 15:02:43 docker-security7 kernel: [    0.190207] devtmpfs: initialized
Jan  8 15:02:43 docker-security7 kernel: [    0.196450] EVM: security.selinux
Jan  8 15:02:43 docker-security7 kernel: [    0.197254] EVM: security.SMACK64
Jan  8 15:02:43 docker-security7 kernel: [    0.198053] EVM: security.ima
Jan  8 15:02:43 docker-security7 kernel: [    0.198795] EVM: security.capability
Jan  8 15:02:43 docker-security7 kernel: [    0.200688] pinctrl core: initialized pinctrl subsystem
Jan  8 15:02:43 docker-security7 kernel: [    0.201864] regulator-dummy: no parameters
Jan  8 15:02:43 docker-security7 kernel: [    0.202858] RTC time: 15:02:20, date: 01/08/18
Jan  8 15:02:43 docker-security7 kernel: [    0.203867] NET: Registered protocol family 16
Jan  8 15:02:43 docker-security7 kernel: [    0.204113] cpuidle: using governor ladder
Jan  8 15:02:43 docker-security7 kernel: [    0.205055] cpuidle: using governor menu
Jan  8 15:02:43 docker-security7 kernel: [    0.208351] ACPI: bus type PCI registered
Jan  8 15:02:43 docker-security7 kernel: [    0.209252] acpiphp: ACPI Hot Plug PCI Controller Driver version: 0.5
Jan  8 15:02:43 docker-security7 kernel: [    0.210655] PCI: Using configuration type 1 for base access
Jan  8 15:02:43 docker-security7 kernel: [    0.212865] bio: create slab <bio-0> at 0
Jan  8 15:02:43 docker-security7 kernel: [    0.212994] ACPI: Added _OSI(Module Device)
Jan  8 15:02:43 docker-security7 kernel: [    0.213064] ACPI: Added _OSI(Processor Device)
Jan  8 15:02:43 docker-security7 kernel: [    0.216003] ACPI: Added _OSI(3.0 _SCP Extensions)
Jan  8 15:02:43 docker-security7 kernel: [    0.217027] ACPI: Added _OSI(Processor Aggregator Device)
Jan  8 15:02:43 docker-security7 kernel: [    0.220823] ACPI: Interpreter enabled
Jan  8 15:02:43 docker-security7 kernel: [    0.221684] ACPI Exception: AE_NOT_FOUND, While evaluating Sleep State [\_S1_] (20131115/hwxface-580)
Jan  8 15:02:43 docker-security7 kernel: [    0.223786] ACPI Exception: AE_NOT_FOUND, While evaluating Sleep State [\_S2_] (20131115/hwxface-580)
Jan  8 15:02:43 docker-security7 kernel: [    0.225397] ACPI: (supports S0 S3 S4 S5)
Jan  8 15:02:43 docker-security7 kernel: [    0.226284] ACPI: Using IOAPIC for interrupt routing
Jan  8 15:02:43 docker-security7 kernel: [    0.227344] PCI: Using host bridge windows from ACPI; if necessary, use "pci=nocrs" and report a bug
Jan  8 15:02:43 docker-security7 kernel: [    0.228301] ACPI: No dock devices found.
Jan  8 15:02:43 docker-security7 kernel: [    0.234000] ACPI: PCI Root Bridge [PCI0] (domain 0000 [bus 00-ff])
Jan  8 15:02:43 docker-security7 kernel: [    0.235247] acpi PNP0A03:00: _OSC: OS supports [ASPM ClockPM Segments MSI]
Jan  8 15:02:43 docker-security7 kernel: [    0.236008] acpi PNP0A03:00: _OSC failed (AE_NOT_FOUND); disabling ASPM
Jan  8 15:02:43 docker-security7 kernel: [    0.237416] acpi PNP0A03:00: fail to add MMCONFIG information, can't access extended PCI configuration space under this bridge.
Jan  8 15:02:43 docker-security7 kernel: [    0.240257] acpiphp: Slot [3] registered
Jan  8 15:02:43 docker-security7 kernel: [    0.241183] acpiphp: Slot [4] registered
Jan  8 15:02:43 docker-security7 kernel: [    0.242130] acpiphp: Slot [5] registered
Jan  8 15:02:43 docker-security7 kernel: [    0.243057] acpiphp: Slot [6] registered
Jan  8 15:02:43 docker-security7 kernel: [    0.244028] acpiphp: Slot [7] registered
Jan  8 15:02:43 docker-security7 kernel: [    0.244950] acpiphp: Slot [8] registered
Jan  8 15:02:43 docker-security7 kernel: [    0.245882] acpiphp: Slot [9] registered
Jan  8 15:02:43 docker-security7 kernel: [    0.246800] acpiphp: Slot [10] registered
Jan  8 15:02:43 docker-security7 kernel: [    0.248028] acpiphp: Slot [11] registered
Jan  8 15:02:43 docker-security7 kernel: [    0.248966] acpiphp: Slot [12] registered
Jan  8 15:02:43 docker-security7 kernel: [    0.249912] acpiphp: Slot [13] registered
Jan  8 15:02:43 docker-security7 kernel: [    0.250845] acpiphp: Slot [14] registered
Jan  8 15:02:43 docker-security7 kernel: [    0.251787] acpiphp: Slot [15] registered
Jan  8 15:02:43 docker-security7 kernel: [    0.252028] acpiphp: Slot [16] registered
Jan  8 15:02:43 docker-security7 kernel: [    0.252962] acpiphp: Slot [17] registered
Jan  8 15:02:43 docker-security7 kernel: [    0.253977] acpiphp: Slot [18] registered
Jan  8 15:02:43 docker-security7 kernel: [    0.254919] acpiphp: Slot [19] registered
Jan  8 15:02:43 docker-security7 kernel: [    0.256025] acpiphp: Slot [20] registered
Jan  8 15:02:43 docker-security7 kernel: [    0.256969] acpiphp: Slot [21] registered
Jan  8 15:02:43 docker-security7 kernel: [    0.257914] acpiphp: Slot [22] registered
Jan  8 15:02:43 docker-security7 kernel: [    0.258846] acpiphp: Slot [23] registered
Jan  8 15:02:43 docker-security7 kernel: [    0.260028] acpiphp: Slot [24] registered
Jan  8 15:02:43 docker-security7 kernel: [    0.260963] acpiphp: Slot [25] registered
Jan  8 15:02:43 docker-security7 kernel: [    0.261918] acpiphp: Slot [26] registered
Jan  8 15:02:43 docker-security7 kernel: [    0.262848] acpiphp: Slot [27] registered
Jan  8 15:02:43 docker-security7 kernel: [    0.264025] acpiphp: Slot [28] registered
Jan  8 15:02:43 docker-security7 kernel: [    0.264963] acpiphp: Slot [29] registered
Jan  8 15:02:43 docker-security7 kernel: [    0.265917] acpiphp: Slot [30] registered
Jan  8 15:02:43 docker-security7 kernel: [    0.266844] acpiphp: Slot [31] registered
Jan  8 15:02:43 docker-security7 kernel: [    0.267764] PCI host bridge to bus 0000:00
Jan  8 15:02:43 docker-security7 kernel: [    0.268005] pci_bus 0000:00: root bus resource [bus 00-ff]
Jan  8 15:02:43 docker-security7 kernel: [    0.269153] pci_bus 0000:00: root bus resource [io  0x0000-0x0cf7]
Jan  8 15:02:43 docker-security7 kernel: [    0.270402] pci_bus 0000:00: root bus resource [io  0x0d00-0xadff]
Jan  8 15:02:43 docker-security7 kernel: [    0.272004] pci_bus 0000:00: root bus resource [io  0xae0f-0xaeff]
Jan  8 15:02:43 docker-security7 kernel: [    0.273255] pci_bus 0000:00: root bus resource [io  0xaf20-0xafdf]
Jan  8 15:02:43 docker-security7 kernel: [    0.274511] pci_bus 0000:00: root bus resource [io  0xafe4-0xffff]
Jan  8 15:02:43 docker-security7 kernel: [    0.276004] pci_bus 0000:00: root bus resource [mem 0x000a0000-0x000bffff]
Jan  8 15:02:43 docker-security7 kernel: [    0.277369] pci_bus 0000:00: root bus resource [mem 0xc0000000-0xfebfffff]
Jan  8 15:02:43 docker-security7 kernel: [    0.278780] pci 0000:00:00.0: [8086:1237] type 00 class 0x060000
Jan  8 15:02:43 docker-security7 kernel: [    0.279137] pci 0000:00:01.0: [8086:7000] type 00 class 0x060100
Jan  8 15:02:43 docker-security7 kernel: [    0.279617] pci 0000:00:01.1: [8086:7010] type 00 class 0x010180
Jan  8 15:02:43 docker-security7 kernel: [    0.284005] pci 0000:00:01.1: reg 0x20: [io  0xc0a0-0xc0af]
Jan  8 15:02:43 docker-security7 kernel: [    0.285734] pci 0000:00:01.2: [8086:7020] type 00 class 0x0c0300
Jan  8 15:02:43 docker-security7 kernel: [    0.289544] pci 0000:00:01.2: reg 0x20: [io  0xc040-0xc05f]
Jan  8 15:02:43 docker-security7 kernel: [    0.291272] pci 0000:00:01.3: [8086:7113] type 00 class 0x068000
Jan  8 15:02:43 docker-security7 kernel: [    0.291621] pci 0000:00:01.3: quirk: [io  0xb000-0xb03f] claimed by PIIX4 ACPI
Jan  8 15:02:43 docker-security7 kernel: [    0.292014] pci 0000:00:01.3: quirk: [io  0xb100-0xb10f] claimed by PIIX4 SMB
Jan  8 15:02:43 docker-security7 kernel: [    0.293626] pci 0000:00:02.0: [1013:00b8] type 00 class 0x030000
Jan  8 15:02:43 docker-security7 kernel: [    0.296012] pci 0000:00:02.0: reg 0x10: [mem 0xfc000000-0xfdffffff pref]
Jan  8 15:02:43 docker-security7 kernel: [    0.297647] pci 0000:00:02.0: reg 0x14: [mem 0xfebd0000-0xfebd0fff]
Jan  8 15:02:43 docker-security7 kernel: [    0.306506] pci 0000:00:02.0: reg 0x30: [mem 0xfebc0000-0xfebcffff pref]
Jan  8 15:02:43 docker-security7 kernel: [    0.306703] pci 0000:00:03.0: [1af4:1000] type 00 class 0x020000
Jan  8 15:02:43 docker-security7 kernel: [    0.308004] pci 0000:00:03.0: reg 0x10: [io  0xc060-0xc07f]
Jan  8 15:02:43 docker-security7 kernel: [    0.309464] pci 0000:00:03.0: reg 0x14: [mem 0xfebd1000-0xfebd1fff]
Jan  8 15:02:43 docker-security7 kernel: [    0.316733] pci 0000:00:03.0: reg 0x30: [mem 0xfeb80000-0xfebbffff pref]
Jan  8 15:02:43 docker-security7 kernel: [    0.317061] pci 0000:00:04.0: [1af4:1001] type 00 class 0x010000
Jan  8 15:02:43 docker-security7 kernel: [    0.318565] pci 0000:00:04.0: reg 0x10: [io  0xc000-0xc03f]
Jan  8 15:02:43 docker-security7 kernel: [    0.320004] pci 0000:00:04.0: reg 0x14: [mem 0xfebd2000-0xfebd2fff]
Jan  8 15:02:43 docker-security7 kernel: [    0.328265] pci 0000:00:05.0: [1af4:1002] type 00 class 0x00ff00
Jan  8 15:02:43 docker-security7 kernel: [    0.329053] pci 0000:00:05.0: reg 0x10: [io  0xc080-0xc09f]
Jan  8 15:02:43 docker-security7 kernel: [    0.336470] ACPI: PCI Interrupt Link [LNKA] (IRQs 5 *10 11)
Jan  8 15:02:43 docker-security7 kernel: [    0.338258] ACPI: PCI Interrupt Link [LNKB] (IRQs 5 *10 11)
Jan  8 15:02:43 docker-security7 kernel: [    0.340122] ACPI: PCI Interrupt Link [LNKC] (IRQs 5 10 *11)
Jan  8 15:02:43 docker-security7 kernel: [    0.342112] ACPI: PCI Interrupt Link [LNKD] (IRQs 5 10 *11)
Jan  8 15:02:43 docker-security7 kernel: [    0.344066] ACPI: PCI Interrupt Link [LNKS] (IRQs *9)
Jan  8 15:02:43 docker-security7 kernel: [    0.346453] ACPI: Enabled 16 GPEs in block 00 to 0F
Jan  8 15:02:43 docker-security7 kernel: [    0.348007] ACPI: \_SB_.PCI0: notify handler is installed
Jan  8 15:02:43 docker-security7 kernel: [    0.348033] Found 1 acpi root devices
Jan  8 15:02:43 docker-security7 kernel: [    0.348125] vgaarb: setting as boot device: PCI:0000:00:02.0
Jan  8 15:02:43 docker-security7 kernel: [    0.349456] vgaarb: device added: PCI:0000:00:02.0,decodes=io+mem,owns=io+mem,locks=none
Jan  8 15:02:43 docker-security7 kernel: [    0.351238] vgaarb: loaded
Jan  8 15:02:43 docker-security7 kernel: [    0.352003] vgaarb: bridge control possible 0000:00:02.0
Jan  8 15:02:43 docker-security7 kernel: [    0.353276] SCSI subsystem initialized
Jan  8 15:02:43 docker-security7 kernel: [    0.354219] libata version 3.00 loaded.
Jan  8 15:02:43 docker-security7 kernel: [    0.354219] ACPI: bus type USB registered
Jan  8 15:02:43 docker-security7 kernel: [    0.354219] usbcore: registered new interface driver usbfs
Jan  8 15:02:43 docker-security7 kernel: [    0.356012] usbcore: registered new interface driver hub
Jan  8 15:02:43 docker-security7 kernel: [    0.357146] usbcore: registered new device driver usb
Jan  8 15:02:43 docker-security7 kernel: [    0.357228] PCI: Using ACPI for IRQ routing
Jan  8 15:02:43 docker-security7 kernel: [    0.360003] PCI: pci_cache_line_size set to 64 bytes
Jan  8 15:02:43 docker-security7 kernel: [    0.360141] e820: reserve RAM buffer [mem 0x0009fc00-0x0009ffff]
Jan  8 15:02:43 docker-security7 kernel: [    0.360143] e820: reserve RAM buffer [mem 0xbfffd000-0xbfffffff]
Jan  8 15:02:43 docker-security7 kernel: [    0.360225] NetLabel: Initializing
Jan  8 15:02:43 docker-security7 kernel: [    0.361036] NetLabel:  domain hash size = 128
Jan  8 15:02:43 docker-security7 kernel: [    0.362008] NetLabel:  protocols = UNLABELED CIPSOv4
Jan  8 15:02:43 docker-security7 kernel: [    0.363060] NetLabel:  unlabeled traffic allowed by default
Jan  8 15:02:43 docker-security7 kernel: [    0.364181] Switched to clocksource kvm-clock
Jan  8 15:02:43 docker-security7 kernel: [    0.370370] AppArmor: AppArmor Filesystem Enabled
Jan  8 15:02:43 docker-security7 kernel: [    0.371420] pnp: PnP ACPI init
Jan  8 15:02:43 docker-security7 kernel: [    0.372193] ACPI: bus type PNP registered
Jan  8 15:02:43 docker-security7 kernel: [    0.373176] pnp 00:00: Plug and Play ACPI device, IDs PNP0b00 (active)
Jan  8 15:02:43 docker-security7 kernel: [    0.373230] pnp 00:01: Plug and Play ACPI device, IDs PNP0303 (active)
Jan  8 15:02:43 docker-security7 kernel: [    0.373276] pnp 00:02: Plug and Play ACPI device, IDs PNP0f13 (active)
Jan  8 15:02:43 docker-security7 kernel: [    0.373319] pnp 00:03: [dma 2]
Jan  8 15:02:43 docker-security7 kernel: [    0.373334] pnp 00:03: Plug and Play ACPI device, IDs PNP0700 (active)
Jan  8 15:02:43 docker-security7 kernel: [    0.373430] pnp 00:04: Plug and Play ACPI device, IDs PNP0501 (active)
Jan  8 15:02:43 docker-security7 kernel: [    0.373497] pnp 00:05: Plug and Play ACPI device, IDs PNP0501 (active)
Jan  8 15:02:43 docker-security7 kernel: [    0.373714] pnp 00:06: Plug and Play ACPI device, IDs PNP0a06 (active)
Jan  8 15:02:43 docker-security7 kernel: [    0.373719] pnp: PnP ACPI: found 7 devices
Jan  8 15:02:43 docker-security7 kernel: [    0.374632] ACPI: bus type PNP unregistered
Jan  8 15:02:43 docker-security7 kernel: [    0.384082] pci_bus 0000:00: resource 4 [io  0x0000-0x0cf7]
Jan  8 15:02:43 docker-security7 kernel: [    0.384085] pci_bus 0000:00: resource 5 [io  0x0d00-0xadff]
Jan  8 15:02:43 docker-security7 kernel: [    0.384087] pci_bus 0000:00: resource 6 [io  0xae0f-0xaeff]
Jan  8 15:02:43 docker-security7 kernel: [    0.384089] pci_bus 0000:00: resource 7 [io  0xaf20-0xafdf]
Jan  8 15:02:43 docker-security7 kernel: [    0.384091] pci_bus 0000:00: resource 8 [io  0xafe4-0xffff]
Jan  8 15:02:43 docker-security7 kernel: [    0.384092] pci_bus 0000:00: resource 9 [mem 0x000a0000-0x000bffff]
Jan  8 15:02:43 docker-security7 kernel: [    0.384094] pci_bus 0000:00: resource 10 [mem 0xc0000000-0xfebfffff]
Jan  8 15:02:43 docker-security7 kernel: [    0.384124] NET: Registered protocol family 2
Jan  8 15:02:43 docker-security7 kernel: [    0.385413] TCP established hash table entries: 131072 (order: 8, 1048576 bytes)
Jan  8 15:02:43 docker-security7 kernel: [    0.387792] TCP bind hash table entries: 65536 (order: 8, 1048576 bytes)
Jan  8 15:02:43 docker-security7 kernel: [    0.389407] TCP: Hash tables configured (established 131072 bind 65536)
Jan  8 15:02:43 docker-security7 kernel: [    0.391173] TCP: reno registered
Jan  8 15:02:43 docker-security7 kernel: [    0.392028] UDP hash table entries: 8192 (order: 6, 262144 bytes)
Jan  8 15:02:43 docker-security7 kernel: [    0.393395] UDP-Lite hash table entries: 8192 (order: 6, 262144 bytes)
