Apr  2 11:03:25 ubuntu kernel: [    0.000000] Initializing cgroup subsys cpuset
Apr  2 11:03:25 ubuntu kernel: [    0.000000] Initializing cgroup subsys cpu
Apr  2 11:03:25 ubuntu kernel: [    0.000000] Initializing cgroup subsys cpuacct
Apr  2 11:03:25 ubuntu kernel: [    0.000000] Linux version 3.13.0-48-generic (buildd@orlo) (gcc version 4.8.2 (Ubuntu 4.8.2-19ubuntu1) ) #80-Ubuntu SMP Thu Mar 12 11:16:15 UTC 2015 (Ubuntu 3.13.0-48.80-generic 3.13.11-ckt16)
Apr  2 11:03:25 ubuntu kernel: [    0.000000] Command line: BOOT_IMAGE=/boot/vmlinuz-3.13.0-48-generic root=LABEL=cloudimg-rootfs ro console=tty1 console=ttyS0
Apr  2 11:03:25 ubuntu kernel: [    0.000000] KERNEL supported cpus:
Apr  2 11:03:25 ubuntu kernel: [    0.000000]   Intel GenuineIntel
Apr  2 11:03:25 ubuntu kernel: [    0.000000]   AMD AuthenticAMD
Apr  2 11:03:25 ubuntu kernel: [    0.000000]   Centaur CentaurHauls
Apr  2 11:03:25 ubuntu kernel: [    0.000000] e820: BIOS-provided physical RAM map:
Apr  2 11:03:25 ubuntu kernel: [    0.000000] BIOS-e820: [mem 0x0000000000000000-0x000000000009fbff] usable
Apr  2 11:03:25 ubuntu kernel: [    0.000000] BIOS-e820: [mem 0x000000000009fc00-0x000000000009ffff] reserved
Apr  2 11:03:25 ubuntu kernel: [    0.000000] BIOS-e820: [mem 0x00000000000f0000-0x00000000000fffff] reserved
Apr  2 11:03:25 ubuntu kernel: [    0.000000] BIOS-e820: [mem 0x0000000000100000-0x000000003fffdfff] usable
Apr  2 11:03:25 ubuntu kernel: [    0.000000] BIOS-e820: [mem 0x000000003fffe000-0x000000003fffffff] reserved
Apr  2 11:03:25 ubuntu kernel: [    0.000000] BIOS-e820: [mem 0x00000000feffc000-0x00000000feffffff] reserved
Apr  2 11:03:25 ubuntu kernel: [    0.000000] BIOS-e820: [mem 0x00000000fffc0000-0x00000000ffffffff] reserved
Apr  2 11:03:25 ubuntu kernel: [    0.000000] NX (Execute Disable) protection: active
Apr  2 11:03:25 ubuntu kernel: [    0.000000] SMBIOS 2.4 present.
Apr  2 11:03:25 ubuntu kernel: [    0.000000] DMI: QEMU Standard PC (i440FX + PIIX, 1996), BIOS Bochs 01/01/2011
Apr  2 11:03:25 ubuntu kernel: [    0.000000] Hypervisor detected: KVM
Apr  2 11:03:25 ubuntu kernel: [    0.000000] e820: update [mem 0x00000000-0x00000fff] usable ==> reserved
Apr  2 11:03:25 ubuntu kernel: [    0.000000] e820: remove [mem 0x000a0000-0x000fffff] usable
Apr  2 11:03:25 ubuntu kernel: [    0.000000] No AGP bridge found
Apr  2 11:03:25 ubuntu kernel: [    0.000000] e820: last_pfn = 0x3fffe max_arch_pfn = 0x400000000
Apr  2 11:03:25 ubuntu kernel: [    0.000000] MTRR default type: write-back
Apr  2 11:03:25 ubuntu kernel: [    0.000000] MTRR fixed ranges enabled:
Apr  2 11:03:25 ubuntu kernel: [    0.000000]   00000-9FFFF write-back
Apr  2 11:03:25 ubuntu kernel: [    0.000000]   A0000-BFFFF uncachable
Apr  2 11:03:25 ubuntu kernel: [    0.000000]   C0000-FFFFF write-protect
Apr  2 11:03:25 ubuntu kernel: [    0.000000] MTRR variable ranges enabled:
Apr  2 11:03:25 ubuntu kernel: [    0.000000]   0 base 0080000000 mask FF80000000 uncachable
Apr  2 11:03:25 ubuntu kernel: [    0.000000]   1 disabled
Apr  2 11:03:25 ubuntu kernel: [    0.000000]   2 disabled
Apr  2 11:03:25 ubuntu kernel: [    0.000000]   3 disabled
Apr  2 11:03:25 ubuntu kernel: [    0.000000]   4 disabled
Apr  2 11:03:25 ubuntu kernel: [    0.000000]   5 disabled
Apr  2 11:03:25 ubuntu kernel: [    0.000000]   6 disabled
Apr  2 11:03:25 ubuntu kernel: [    0.000000]   7 disabled
Apr  2 11:03:25 ubuntu kernel: [    0.000000] x86 PAT enabled: cpu 0, old 0x7040600070406, new 0x7010600070106
Apr  2 11:03:25 ubuntu kernel: [    0.000000] found SMP MP-table at [mem 0x000f0b20-0x000f0b2f] mapped at [ffff8800000f0b20]
Apr  2 11:03:25 ubuntu kernel: [    0.000000] Scanning 1 areas for low memory corruption
Apr  2 11:03:25 ubuntu kernel: [    0.000000] Base memory trampoline at [ffff880000099000] 99000 size 24576
Apr  2 11:03:25 ubuntu kernel: [    0.000000] init_memory_mapping: [mem 0x00000000-0x000fffff]
Apr  2 11:03:25 ubuntu kernel: [    0.000000]  [mem 0x00000000-0x000fffff] page 4k
Apr  2 11:03:25 ubuntu kernel: [    0.000000] BRK [0x01fe1000, 0x01fe1fff] PGTABLE
Apr  2 11:03:25 ubuntu kernel: [    0.000000] BRK [0x01fe2000, 0x01fe2fff] PGTABLE
Apr  2 11:03:25 ubuntu kernel: [    0.000000] BRK [0x01fe3000, 0x01fe3fff] PGTABLE
Apr  2 11:03:25 ubuntu kernel: [    0.000000] init_memory_mapping: [mem 0x3fc00000-0x3fdfffff]
Apr  2 11:03:25 ubuntu kernel: [    0.000000]  [mem 0x3fc00000-0x3fdfffff] page 2M
Apr  2 11:03:25 ubuntu kernel: [    0.000000] init_memory_mapping: [mem 0x3c000000-0x3fbfffff]
Apr  2 11:03:25 ubuntu kernel: [    0.000000]  [mem 0x3c000000-0x3fbfffff] page 2M
Apr  2 11:03:25 ubuntu kernel: [    0.000000] init_memory_mapping: [mem 0x00100000-0x3bffffff]
Apr  2 11:03:25 ubuntu kernel: [    0.000000]  [mem 0x00100000-0x001fffff] page 4k
Apr  2 11:03:25 ubuntu kernel: [    0.000000]  [mem 0x00200000-0x3bffffff] page 2M
Apr  2 11:03:25 ubuntu kernel: [    0.000000] init_memory_mapping: [mem 0x3fe00000-0x3fffdfff]
Apr  2 11:03:25 ubuntu kernel: [    0.000000]  [mem 0x3fe00000-0x3fffdfff] page 4k
Apr  2 11:03:25 ubuntu kernel: [    0.000000] BRK [0x01fe4000, 0x01fe4fff] PGTABLE
Apr  2 11:03:25 ubuntu kernel: [    0.000000] RAMDISK: [mem 0x37214000-0x37901fff]
Apr  2 11:03:25 ubuntu kernel: [    0.000000] ACPI: RSDP 00000000000f0990 000014 (v00 BOCHS )
Apr  2 11:03:25 ubuntu kernel: [    0.000000] ACPI: RSDT 000000003ffffb63 000034 (v01 BOCHS  BXPCRSDT 00000001 BXPC 00000001)
Apr  2 11:03:25 ubuntu kernel: [    0.000000] ACPI: FACP 000000003ffff1c0 000074 (v01 BOCHS  BXPCFACP 00000001 BXPC 00000001)
Apr  2 11:03:25 ubuntu kernel: [    0.000000] ACPI: DSDT 000000003fffe040 001180 (v01 BOCHS  BXPCDSDT 00000001 BXPC 00000001)
Apr  2 11:03:25 ubuntu kernel: [    0.000000] ACPI: FACS 000000003fffe000 000040
Apr  2 11:03:25 ubuntu kernel: [    0.000000] ACPI: SSDT 000000003ffff234 0008B7 (v01 BOCHS  BXPCSSDT 00000001 BXPC 00000001)
Apr  2 11:03:25 ubuntu kernel: [    0.000000] ACPI: APIC 000000003ffffaeb 000078 (v01 BOCHS  BXPCAPIC 00000001 BXPC 00000001)
Apr  2 11:03:25 ubuntu kernel: [    0.000000] ACPI: RSDT 000000003ffffb63 000034 (v01 BOCHS  BXPCRSDT 00000001 BXPC 00000001)
Apr  2 11:03:25 ubuntu kernel: [    0.000000] ACPI: Local APIC address 0xfee00000
Apr  2 11:03:25 ubuntu kernel: [    0.000000] No NUMA configuration found
Apr  2 11:03:25 ubuntu kernel: [    0.000000] Faking a node at [mem 0x0000000000000000-0x000000003fffdfff]
Apr  2 11:03:25 ubuntu kernel: [    0.000000] Initmem setup node 0 [mem 0x00000000-0x3fffdfff]
Apr  2 11:03:25 ubuntu kernel: [    0.000000]   NODE_DATA [mem 0x3fff9000-0x3fffdfff]
Apr  2 11:03:25 ubuntu kernel: [    0.000000] kvm-clock: Using msrs 4b564d01 and 4b564d00
Apr  2 11:03:25 ubuntu kernel: [    0.000000] kvm-clock: cpu 0, msr 0:3fff5001, boot clock
Apr  2 11:03:25 ubuntu kernel: [    0.000000]  [ffffea0000000000-ffffea0000ffffff] PMD -> [ffff88003e600000-ffff88003f5fffff] on node 0
Apr  2 11:03:25 ubuntu kernel: [    0.000000] Zone ranges:
Apr  2 11:03:25 ubuntu kernel: [    0.000000]   DMA      [mem 0x00001000-0x00ffffff]
Apr  2 11:03:25 ubuntu kernel: [    0.000000]   DMA32    [mem 0x01000000-0xffffffff]
Apr  2 11:03:25 ubuntu kernel: [    0.000000]   Normal   empty
Apr  2 11:03:25 ubuntu kernel: [    0.000000] Movable zone start for each node
Apr  2 11:03:25 ubuntu kernel: [    0.000000] Early memory node ranges
Apr  2 11:03:25 ubuntu kernel: [    0.000000]   node   0: [mem 0x00001000-0x0009efff]
Apr  2 11:03:25 ubuntu kernel: [    0.000000]   node   0: [mem 0x00100000-0x3fffdfff]
Apr  2 11:03:25 ubuntu kernel: [    0.000000] On node 0 totalpages: 262044
Apr  2 11:03:25 ubuntu kernel: [    0.000000]   DMA zone: 64 pages used for memmap
Apr  2 11:03:25 ubuntu kernel: [    0.000000]   DMA zone: 21 pages reserved
Apr  2 11:03:25 ubuntu kernel: [    0.000000]   DMA zone: 3998 pages, LIFO batch:0
Apr  2 11:03:25 ubuntu kernel: [    0.000000]   DMA32 zone: 4032 pages used for memmap
Apr  2 11:03:25 ubuntu kernel: [    0.000000]   DMA32 zone: 258046 pages, LIFO batch:31
Apr  2 11:03:25 ubuntu kernel: [    0.000000] ACPI: PM-Timer IO Port: 0xb008
Apr  2 11:03:25 ubuntu kernel: [    0.000000] ACPI: Local APIC address 0xfee00000
Apr  2 11:03:25 ubuntu kernel: [    0.000000] ACPI: LAPIC (acpi_id[0x00] lapic_id[0x00] enabled)
Apr  2 11:03:25 ubuntu kernel: [    0.000000] ACPI: LAPIC_NMI (acpi_id[0xff] dfl dfl lint[0x1])
Apr  2 11:03:25 ubuntu kernel: [    0.000000] ACPI: IOAPIC (id[0x00] address[0xfec00000] gsi_base[0])
Apr  2 11:03:25 ubuntu kernel: [    0.000000] IOAPIC[0]: apic_id 0, version 17, address 0xfec00000, GSI 0-23
Apr  2 11:03:25 ubuntu kernel: [    0.000000] ACPI: INT_SRC_OVR (bus 0 bus_irq 0 global_irq 2 dfl dfl)
Apr  2 11:03:25 ubuntu kernel: [    0.000000] ACPI: INT_SRC_OVR (bus 0 bus_irq 5 global_irq 5 high level)
Apr  2 11:03:25 ubuntu kernel: [    0.000000] ACPI: INT_SRC_OVR (bus 0 bus_irq 9 global_irq 9 high level)
Apr  2 11:03:25 ubuntu kernel: [    0.000000] ACPI: INT_SRC_OVR (bus 0 bus_irq 10 global_irq 10 high level)
Apr  2 11:03:25 ubuntu kernel: [    0.000000] ACPI: INT_SRC_OVR (bus 0 bus_irq 11 global_irq 11 high level)
Apr  2 11:03:25 ubuntu kernel: [    0.000000] ACPI: IRQ0 used by override.
Apr  2 11:03:25 ubuntu kernel: [    0.000000] ACPI: IRQ2 used by override.
Apr  2 11:03:25 ubuntu kernel: [    0.000000] ACPI: IRQ5 used by override.
Apr  2 11:03:25 ubuntu kernel: [    0.000000] ACPI: IRQ9 used by override.
Apr  2 11:03:25 ubuntu kernel: [    0.000000] ACPI: IRQ10 used by override.
Apr  2 11:03:25 ubuntu kernel: [    0.000000] ACPI: IRQ11 used by override.
Apr  2 11:03:25 ubuntu kernel: [    0.000000] Using ACPI (MADT) for SMP configuration information
Apr  2 11:03:25 ubuntu kernel: [    0.000000] smpboot: Allowing 1 CPUs, 0 hotplug CPUs
Apr  2 11:03:25 ubuntu kernel: [    0.000000] nr_irqs_gsi: 40
Apr  2 11:03:25 ubuntu kernel: [    0.000000] PM: Registered nosave memory: [mem 0x0009f000-0x0009ffff]
Apr  2 11:03:25 ubuntu kernel: [    0.000000] PM: Registered nosave memory: [mem 0x000a0000-0x000effff]
Apr  2 11:03:25 ubuntu kernel: [    0.000000] PM: Registered nosave memory: [mem 0x000f0000-0x000fffff]
Apr  2 11:03:25 ubuntu kernel: [    0.000000] e820: [mem 0x40000000-0xfeffbfff] available for PCI devices
Apr  2 11:03:25 ubuntu kernel: [    0.000000] Booting paravirtualized kernel on KVM
Apr  2 11:03:25 ubuntu kernel: [    0.000000] setup_percpu: NR_CPUS:256 nr_cpumask_bits:256 nr_cpu_ids:1 nr_node_ids:1
Apr  2 11:03:25 ubuntu kernel: [    0.000000] PERCPU: Embedded 28 pages/cpu @ffff88003fc00000 s82368 r8192 d24128 u2097152
Apr  2 11:03:25 ubuntu kernel: [    0.000000] pcpu-alloc: s82368 r8192 d24128 u2097152 alloc=1*2097152
Apr  2 11:03:25 ubuntu kernel: [    0.000000] pcpu-alloc: [0] 0 
Apr  2 11:03:25 ubuntu kernel: [    0.000000] kvm-clock: cpu 0, msr 0:3fff5001, primary cpu clock
Apr  2 11:03:25 ubuntu kernel: [    0.000000] KVM setup async PF for cpu 0
Apr  2 11:03:25 ubuntu kernel: [    0.000000] kvm-stealtime: cpu 0, msr 3fc0d000
Apr  2 11:03:25 ubuntu kernel: [    0.000000] Built 1 zonelists in Node order, mobility grouping on.  Total pages: 257927
Apr  2 11:03:25 ubuntu kernel: [    0.000000] Policy zone: DMA32
Apr  2 11:03:25 ubuntu kernel: [    0.000000] Kernel command line: BOOT_IMAGE=/boot/vmlinuz-3.13.0-48-generic root=LABEL=cloudimg-rootfs ro console=tty1 console=ttyS0
Apr  2 11:03:25 ubuntu kernel: [    0.000000] PID hash table entries: 4096 (order: 3, 32768 bytes)
Apr  2 11:03:25 ubuntu kernel: [    0.000000] Checking aperture...
Apr  2 11:03:25 ubuntu kernel: [    0.000000] No AGP bridge found
Apr  2 11:03:25 ubuntu kernel: [    0.000000] Calgary: detecting Calgary via BIOS EBDA area
Apr  2 11:03:25 ubuntu kernel: [    0.000000] Calgary: Unable to locate Rio Grande table in EBDA - bailing!
Apr  2 11:03:25 ubuntu kernel: [    0.000000] Memory: 1007928K/1048176K available (7385K kernel code, 1145K rwdata, 3408K rodata, 1336K init, 1444K bss, 40248K reserved)
Apr  2 11:03:25 ubuntu kernel: [    0.000000] SLUB: HWalign=64, Order=0-3, MinObjects=0, CPUs=1, Nodes=1
Apr  2 11:03:25 ubuntu kernel: [    0.000000] Hierarchical RCU implementation.
Apr  2 11:03:25 ubuntu kernel: [    0.000000] 	RCU dyntick-idle grace-period acceleration is enabled.
Apr  2 11:03:25 ubuntu kernel: [    0.000000] 	RCU restricting CPUs from NR_CPUS=256 to nr_cpu_ids=1.
Apr  2 11:03:25 ubuntu kernel: [    0.000000] 	Offload RCU callbacks from all CPUs
Apr  2 11:03:25 ubuntu kernel: [    0.000000] 	Offload RCU callbacks from CPUs: 0.
Apr  2 11:03:25 ubuntu kernel: [    0.000000] NR_IRQS:16640 nr_irqs:256 16
Apr  2 11:03:25 ubuntu kernel: [    0.000000] Console: colour VGA+ 80x25
Apr  2 11:03:25 ubuntu kernel: [    0.000000] console [tty1] enabled
Apr  2 11:03:25 ubuntu kernel: [    0.000000] console [ttyS0] enabled
Apr  2 11:03:25 ubuntu kernel: [    0.000000] allocated 4194304 bytes of page_cgroup
Apr  2 11:03:25 ubuntu kernel: [    0.000000] please try 'cgroup_disable=memory' option if you don't want memory cgroups
Apr  2 11:03:25 ubuntu kernel: [    0.000000] tsc: Detected 2400.082 MHz processor
Apr  2 11:03:25 ubuntu kernel: [    0.012000] Calibrating delay loop (skipped) preset value.. 4800.16 BogoMIPS (lpj=9600328)
Apr  2 11:03:25 ubuntu kernel: [    0.016009] pid_max: default: 32768 minimum: 301
Apr  2 11:03:25 ubuntu kernel: [    0.020086] Security Framework initialized
Apr  2 11:03:25 ubuntu kernel: [    0.024060] AppArmor: AppArmor initialized
Apr  2 11:03:25 ubuntu kernel: [    0.028008] Yama: becoming mindful.
Apr  2 11:03:25 ubuntu kernel: [    0.032206] Dentry cache hash table entries: 131072 (order: 8, 1048576 bytes)
Apr  2 11:03:25 ubuntu kernel: [    0.036950] Inode-cache hash table entries: 65536 (order: 7, 524288 bytes)
Apr  2 11:03:25 ubuntu kernel: [    0.040489] Mount-cache hash table entries: 2048 (order: 2, 16384 bytes)
Apr  2 11:03:25 ubuntu kernel: [    0.044016] Mountpoint-cache hash table entries: 2048 (order: 2, 16384 bytes)
Apr  2 11:03:25 ubuntu kernel: [    0.048334] Initializing cgroup subsys memory
Apr  2 11:03:25 ubuntu kernel: [    0.052014] Initializing cgroup subsys devices
Apr  2 11:03:25 ubuntu kernel: [    0.056009] Initializing cgroup subsys freezer
Apr  2 11:03:25 ubuntu kernel: [    0.060017] Initializing cgroup subsys blkio
Apr  2 11:03:25 ubuntu kernel: [    0.064008] Initializing cgroup subsys perf_event
Apr  2 11:03:25 ubuntu kernel: [    0.068016] Initializing cgroup subsys hugetlb
Apr  2 11:03:25 ubuntu kernel: [    0.072121] mce: CPU supports 10 MCE banks
Apr  2 11:03:25 ubuntu kernel: [    0.076059] Last level iTLB entries: 4KB 0, 2MB 0, 4MB 0
Apr  2 11:03:25 ubuntu kernel: [    0.076059] Last level dTLB entries: 4KB 0, 2MB 0, 4MB 0
Apr  2 11:03:25 ubuntu kernel: [    0.076059] tlb_flushall_shift: 6
Apr  2 11:03:25 ubuntu kernel: [    0.103703] Freeing SMP alternatives memory: 32K (ffffffff81e6e000 - ffffffff81e76000)
Apr  2 11:03:25 ubuntu kernel: [    0.110371] ACPI: Core revision 20131115
Apr  2 11:03:25 ubuntu kernel: [    0.113071] ACPI: All ACPI Tables successfully acquired
Apr  2 11:03:25 ubuntu kernel: [    0.120579] ftrace: allocating 28562 entries in 112 pages
Apr  2 11:03:25 ubuntu kernel: [    0.136473] Enabling x2apic
Apr  2 11:03:25 ubuntu kernel: [    0.140000] Enabled x2apic
Apr  2 11:03:25 ubuntu kernel: [    0.140008] Switched APIC routing to physical x2apic.
Apr  2 11:03:25 ubuntu kernel: [    0.149194] ..TIMER: vector=0x30 apic1=0 pin1=2 apic2=-1 pin2=-1
Apr  2 11:03:25 ubuntu kernel: [    0.152014] smpboot: CPU0: Intel Core i7 9xx (Nehalem Class Core i7) (fam: 06, model: 1a, stepping: 03)
Apr  2 11:03:25 ubuntu kernel: [    0.168000] Performance Events: unsupported p6 CPU model 26 no PMU driver, software events only.
Apr  2 11:03:25 ubuntu kernel: [    0.176821] x86: Booted up 1 node, 1 CPUs
Apr  2 11:03:25 ubuntu kernel: [    0.180007] smpboot: Total of 1 processors activated (4800.16 BogoMIPS)
Apr  2 11:03:25 ubuntu kernel: [    0.188100] NMI watchdog: disabled (cpu0): hardware events not enabled
Apr  2 11:03:25 ubuntu kernel: [    0.193195] devtmpfs: initialized
Apr  2 11:03:25 ubuntu kernel: [    0.204044] EVM: security.selinux
Apr  2 11:03:25 ubuntu kernel: [    0.207732] EVM: security.SMACK64
Apr  2 11:03:25 ubuntu kernel: [    0.208006] EVM: security.ima
Apr  2 11:03:25 ubuntu kernel: [    0.212017] EVM: security.capability
Apr  2 11:03:25 ubuntu kernel: [    0.217973] pinctrl core: initialized pinctrl subsystem
Apr  2 11:03:25 ubuntu kernel: [    0.220217] regulator-dummy: no parameters
Apr  2 11:03:25 ubuntu kernel: [    0.224126] RTC time: 10:56:35, date: 04/02/15
Apr  2 11:03:25 ubuntu kernel: [    0.228132] NET: Registered protocol family 16
Apr  2 11:03:25 ubuntu kernel: [    0.232299] cpuidle: using governor ladder
Apr  2 11:03:25 ubuntu kernel: [    0.236006] cpuidle: using governor menu
Apr  2 11:03:25 ubuntu kernel: [    0.240231] ACPI: bus type PCI registered
Apr  2 11:03:25 ubuntu kernel: [    0.244017] acpiphp: ACPI Hot Plug PCI Controller Driver version: 0.5
Apr  2 11:03:25 ubuntu kernel: [    0.248231] PCI: Using configuration type 1 for base access
Apr  2 11:03:25 ubuntu kernel: [    0.253523] bio: create slab <bio-0> at 0
Apr  2 11:03:25 ubuntu kernel: [    0.256485] ACPI: Added _OSI(Module Device)
Apr  2 11:03:25 ubuntu kernel: [    0.264004] ACPI: Added _OSI(Processor Device)
Apr  2 11:03:25 ubuntu kernel: [    0.268008] ACPI: Added _OSI(3.0 _SCP Extensions)
Apr  2 11:03:25 ubuntu kernel: [    0.272007] ACPI: Added _OSI(Processor Aggregator Device)
Apr  2 11:03:25 ubuntu kernel: [    0.278723] ACPI: Interpreter enabled
Apr  2 11:03:25 ubuntu kernel: [    0.280030] ACPI Exception: AE_NOT_FOUND, While evaluating Sleep State [\_S1_] (20131115/hwxface-580)
Apr  2 11:03:25 ubuntu kernel: [    0.292011] ACPI Exception: AE_NOT_FOUND, While evaluating Sleep State [\_S2_] (20131115/hwxface-580)
Apr  2 11:03:25 ubuntu kernel: [    0.304008] ACPI Exception: AE_NOT_FOUND, While evaluating Sleep State [\_S3_] (20131115/hwxface-580)
Apr  2 11:03:25 ubuntu kernel: [    0.316026] ACPI Exception: AE_NOT_FOUND, While evaluating Sleep State [\_S4_] (20131115/hwxface-580)
Apr  2 11:03:25 ubuntu kernel: [    0.326812] ACPI: (supports S0 S5)
Apr  2 11:03:25 ubuntu kernel: [    0.328008] ACPI: Using IOAPIC for interrupt routing
Apr  2 11:03:25 ubuntu kernel: [    0.332068] PCI: Using host bridge windows from ACPI; if necessary, use "pci=nocrs" and report a bug
Apr  2 11:03:25 ubuntu kernel: [    0.336311] ACPI: No dock devices found.
Apr  2 11:03:25 ubuntu kernel: [    0.343159] ACPI: PCI Root Bridge [PCI0] (domain 0000 [bus 00-ff])
Apr  2 11:03:25 ubuntu kernel: [    0.344020] acpi PNP0A03:00: _OSC: OS supports [ASPM ClockPM Segments MSI]
Apr  2 11:03:25 ubuntu kernel: [    0.348012] acpi PNP0A03:00: _OSC failed (AE_NOT_FOUND); disabling ASPM
Apr  2 11:03:25 ubuntu kernel: [    0.352205] acpi PNP0A03:00: fail to add MMCONFIG information, can't access extended PCI configuration space under this bridge.
Apr  2 11:03:25 ubuntu kernel: [    0.356539] acpiphp: Slot [3] registered
Apr  2 11:03:25 ubuntu kernel: [    0.360044] acpiphp: Slot [4] registered
Apr  2 11:03:25 ubuntu kernel: [    0.364064] acpiphp: Slot [6] registered
Apr  2 11:03:25 ubuntu kernel: [    0.368080] acpiphp: Slot [7] registered
Apr  2 11:03:25 ubuntu kernel: [    0.376012] acpiphp: Slot [8] registered
Apr  2 11:03:25 ubuntu kernel: [    0.380040] acpiphp: Slot [9] registered
Apr  2 11:03:25 ubuntu kernel: [    0.384047] acpiphp: Slot [10] registered
Apr  2 11:03:25 ubuntu kernel: [    0.388043] acpiphp: Slot [11] registered
Apr  2 11:03:25 ubuntu kernel: [    0.392051] acpiphp: Slot [12] registered
Apr  2 11:03:25 ubuntu kernel: [    0.396043] acpiphp: Slot [13] registered
Apr  2 11:03:25 ubuntu kernel: [    0.400056] acpiphp: Slot [14] registered
Apr  2 11:03:25 ubuntu kernel: [    0.404040] acpiphp: Slot [15] registered
Apr  2 11:03:25 ubuntu kernel: [    0.408037] acpiphp: Slot [16] registered
Apr  2 11:03:25 ubuntu kernel: [    0.412039] acpiphp: Slot [17] registered
Apr  2 11:03:25 ubuntu kernel: [    0.416049] acpiphp: Slot [18] registered
Apr  2 11:03:25 ubuntu kernel: [    0.420038] acpiphp: Slot [19] registered
Apr  2 11:03:25 ubuntu kernel: [    0.424087] acpiphp: Slot [20] registered
Apr  2 11:03:25 ubuntu kernel: [    0.428068] acpiphp: Slot [21] registered
Apr  2 11:03:25 ubuntu kernel: [    0.432078] acpiphp: Slot [22] registered
Apr  2 11:03:25 ubuntu kernel: [    0.436049] acpiphp: Slot [23] registered
Apr  2 11:03:25 ubuntu kernel: [    0.440033] acpiphp: Slot [24] registered
Apr  2 11:03:25 ubuntu kernel: [    0.444077] acpiphp: Slot [25] registered
Apr  2 11:03:25 ubuntu kernel: [    0.448049] acpiphp: Slot [26] registered
Apr  2 11:03:25 ubuntu kernel: [    0.452070] acpiphp: Slot [27] registered
Apr  2 11:03:25 ubuntu kernel: [    0.456047] acpiphp: Slot [28] registered
Apr  2 11:03:25 ubuntu kernel: [    0.460063] acpiphp: Slot [29] registered
Apr  2 11:03:25 ubuntu kernel: [    0.464039] acpiphp: Slot [30] registered
Apr  2 11:03:25 ubuntu kernel: [    0.468050] acpiphp: Slot [31] registered
Apr  2 11:03:25 ubuntu kernel: [    0.472019] PCI host bridge to bus 0000:00
Apr  2 11:03:25 ubuntu kernel: [    0.476010] pci_bus 0000:00: root bus resource [bus 00-ff]
Apr  2 11:03:25 ubuntu kernel: [    0.480007] pci_bus 0000:00: root bus resource [io  0x0000-0x0cf7]
Apr  2 11:03:25 ubuntu kernel: [    0.484009] pci_bus 0000:00: root bus resource [io  0x0d00-0xadff]
Apr  2 11:03:25 ubuntu kernel: [    0.488006] pci_bus 0000:00: root bus resource [io  0xae0f-0xaeff]
Apr  2 11:03:25 ubuntu kernel: [    0.492007] pci_bus 0000:00: root bus resource [io  0xaf20-0xafdf]
Apr  2 11:03:25 ubuntu kernel: [    0.496038] pci_bus 0000:00: root bus resource [io  0xafe4-0xffff]
Apr  2 11:03:25 ubuntu kernel: [    0.500006] pci_bus 0000:00: root bus resource [mem 0x000a0000-0x000bffff]
Apr  2 11:03:25 ubuntu kernel: [    0.504008] pci_bus 0000:00: root bus resource [mem 0x40000000-0xfebfffff]
Apr  2 11:03:25 ubuntu kernel: [    0.508105] pci 0000:00:00.0: [8086:1237] type 00 class 0x060000
Apr  2 11:03:25 ubuntu kernel: [    0.508691] pci 0000:00:01.0: [8086:7000] type 00 class 0x060100
Apr  2 11:03:25 ubuntu kernel: [    0.512204] pci 0000:00:01.1: [8086:7010] type 00 class 0x010180
Apr  2 11:03:25 ubuntu kernel: [    0.517579] pci 0000:00:01.1: reg 0x20: [io  0xc120-0xc12f]
Apr  2 11:03:25 ubuntu kernel: [    0.519758] pci 0000:00:01.3: [8086:7113] type 00 class 0x068000
Apr  2 11:03:25 ubuntu kernel: [    0.520290] pci 0000:00:01.3: quirk: [io  0xb000-0xb03f] claimed by PIIX4 ACPI
Apr  2 11:03:25 ubuntu kernel: [    0.524019] pci 0000:00:01.3: quirk: [io  0xb100-0xb10f] claimed by PIIX4 SMB
Apr  2 11:03:25 ubuntu kernel: [    0.528288] pci 0000:00:02.0: [1b36:0100] type 00 class 0x030000
Apr  2 11:03:25 ubuntu kernel: [    0.536056] pci 0000:00:02.0: reg 0x10: [mem 0xf4000000-0xf7ffffff]
Apr  2 11:03:25 ubuntu kernel: [    0.540109] pci 0000:00:02.0: reg 0x14: [mem 0xf8000000-0xfbffffff]
Apr  2 11:03:25 ubuntu kernel: [    0.546715] pci 0000:00:02.0: reg 0x18: [mem 0xfc054000-0xfc055fff]
Apr  2 11:03:25 ubuntu kernel: [    0.549963] pci 0000:00:02.0: reg 0x1c: [io  0xc040-0xc05f]
Apr  2 11:03:25 ubuntu kernel: [    0.565991] pci 0000:00:02.0: reg 0x30: [mem 0xfc040000-0xfc04ffff pref]
Apr  2 11:03:25 ubuntu kernel: [    0.566537] pci 0000:00:03.0: [1af4:1000] type 00 class 0x020000
Apr  2 11:03:25 ubuntu kernel: [    0.568853] pci 0000:00:03.0: reg 0x10: [io  0xc060-0xc07f]
Apr  2 11:03:25 ubuntu kernel: [    0.570539] pci 0000:00:03.0: reg 0x14: [mem 0xfc056000-0xfc056fff]
Apr  2 11:03:25 ubuntu kernel: [    0.578765] pci 0000:00:03.0: reg 0x30: [mem 0xfc000000-0xfc03ffff pref]
Apr  2 11:03:25 ubuntu kernel: [    0.579160] pci 0000:00:04.0: [8086:2668] type 00 class 0x040300
Apr  2 11:03:25 ubuntu kernel: [    0.580616] pci 0000:00:04.0: reg 0x10: [mem 0xfc050000-0xfc053fff]
Apr  2 11:03:25 ubuntu kernel: [    0.586760] pci 0000:00:05.0: [8086:2934] type 00 class 0x0c0300
Apr  2 11:03:25 ubuntu kernel: [    0.591057] pci 0000:00:05.0: reg 0x20: [io  0xc080-0xc09f]
Apr  2 11:03:25 ubuntu kernel: [    0.593067] pci 0000:00:05.1: [8086:2935] type 00 class 0x0c0300
Apr  2 11:03:25 ubuntu kernel: [    0.597483] pci 0000:00:05.1: reg 0x20: [io  0xc0a0-0xc0bf]
Apr  2 11:03:25 ubuntu kernel: [    0.599355] pci 0000:00:05.2: [8086:2936] type 00 class 0x0c0300
Apr  2 11:03:25 ubuntu kernel: [    0.603496] pci 0000:00:05.2: reg 0x20: [io  0xc0c0-0xc0df]
Apr  2 11:03:25 ubuntu kernel: [    0.605754] pci 0000:00:05.7: [8086:293a] type 00 class 0x0c0320
Apr  2 11:03:25 ubuntu kernel: [    0.606622] pci 0000:00:05.7: reg 0x10: [mem 0xfc057000-0xfc057fff]
Apr  2 11:03:25 ubuntu kernel: [    0.612179] pci 0000:00:06.0: [1af4:1003] type 00 class 0x078000
Apr  2 11:03:25 ubuntu kernel: [    0.614179] pci 0000:00:06.0: reg 0x10: [io  0xc0e0-0xc0ff]
Apr  2 11:03:25 ubuntu kernel: [    0.615876] pci 0000:00:06.0: reg 0x14: [mem 0xfc058000-0xfc058fff]
Apr  2 11:03:25 ubuntu kernel: [    0.626860] pci 0000:00:07.0: [1af4:1001] type 00 class 0x010000
Apr  2 11:03:25 ubuntu kernel: [    0.628848] pci 0000:00:07.0: reg 0x10: [io  0xc000-0xc03f]
Apr  2 11:03:25 ubuntu kernel: [    0.630515] pci 0000:00:07.0: reg 0x14: [mem 0xfc059000-0xfc059fff]
Apr  2 11:03:25 ubuntu kernel: [    0.641718] pci 0000:00:08.0: [1af4:1002] type 00 class 0x00ff00
Apr  2 11:03:25 ubuntu kernel: [    0.643057] pci 0000:00:08.0: reg 0x10: [io  0xc100-0xc11f]
Apr  2 11:03:25 ubuntu kernel: [    0.651159] ACPI: PCI Interrupt Link [LNKA] (IRQs 5 *10 11)
Apr  2 11:03:25 ubuntu kernel: [    0.657806] ACPI: PCI Interrupt Link [LNKB] (IRQs 5 *10 11)
Apr  2 11:03:25 ubuntu kernel: [    0.661559] ACPI: PCI Interrupt Link [LNKC] (IRQs 5 10 *11)
Apr  2 11:03:25 ubuntu kernel: [    0.668780] ACPI: PCI Interrupt Link [LNKD] (IRQs 5 10 *11)
Apr  2 11:03:25 ubuntu kernel: [    0.673837] ACPI: PCI Interrupt Link [LNKS] (IRQs *9)
Apr  2 11:03:25 ubuntu kernel: [    0.677832] ACPI: Enabled 16 GPEs in block 00 to 0F
Apr  2 11:03:25 ubuntu kernel: [    0.680017] ACPI: \_SB_.PCI0: notify handler is installed
Apr  2 11:03:25 ubuntu kernel: [    0.680046] Found 1 acpi root devices
Apr  2 11:03:25 ubuntu kernel: [    0.680619] vgaarb: setting as boot device: PCI:0000:00:02.0
Apr  2 11:03:25 ubuntu kernel: [    0.684000] vgaarb: device added: PCI:0000:00:02.0,decodes=io+mem,owns=io+mem,locks=none
Apr  2 11:03:25 ubuntu kernel: [    0.684010] vgaarb: loaded
Apr  2 11:03:25 ubuntu kernel: [    0.688005] vgaarb: bridge control possible 0000:00:02.0
Apr  2 11:03:25 ubuntu kernel: [    0.692735] SCSI subsystem initialized
Apr  2 11:03:25 ubuntu kernel: [    0.696527] libata version 3.00 loaded.
Apr  2 11:03:25 ubuntu kernel: [    0.700194] ACPI: bus type USB registered
Apr  2 11:03:25 ubuntu kernel: [    0.704290] usbcore: registered new interface driver usbfs
Apr  2 11:03:25 ubuntu kernel: [    0.708051] usbcore: registered new interface driver hub
Apr  2 11:03:25 ubuntu kernel: [    0.716035] usbcore: registered new device driver usb
Apr  2 11:03:25 ubuntu kernel: [    0.720297] PCI: Using ACPI for IRQ routing
Apr  2 11:03:25 ubuntu kernel: [    0.724013] PCI: pci_cache_line_size set to 64 bytes
Apr  2 11:03:25 ubuntu kernel: [    0.724266] e820: reserve RAM buffer [mem 0x0009fc00-0x0009ffff]
Apr  2 11:03:25 ubuntu kernel: [    0.724272] e820: reserve RAM buffer [mem 0x3fffe000-0x3fffffff]
Apr  2 11:03:25 ubuntu kernel: [    0.724521] NetLabel: Initializing
Apr  2 11:03:25 ubuntu kernel: [    0.728008] NetLabel:  domain hash size = 128
Apr  2 11:03:25 ubuntu kernel: [    0.731754] NetLabel:  protocols = UNLABELED CIPSOv4
Apr  2 11:03:25 ubuntu kernel: [    0.732041] NetLabel:  unlabeled traffic allowed by default
Apr  2 11:03:25 ubuntu kernel: [    0.736332] Switched to clocksource kvm-clock
Apr  2 11:03:25 ubuntu kernel: [    0.752367] AppArmor: AppArmor Filesystem Enabled
Apr  2 11:03:25 ubuntu kernel: [    0.756503] pnp: PnP ACPI init
Apr  2 11:03:25 ubuntu kernel: [    0.760828] ACPI: bus type PNP registered
Apr  2 11:03:25 ubuntu kernel: [    0.768736] pnp 00:00: Plug and Play ACPI device, IDs PNP0b00 (active)
Apr  2 11:03:25 ubuntu kernel: [    0.768825] pnp 00:01: Plug and Play ACPI device, IDs PNP0303 (active)
Apr  2 11:03:25 ubuntu kernel: [    0.768901] pnp 00:02: Plug and Play ACPI device, IDs PNP0f13 (active)
Apr  2 11:03:25 ubuntu kernel: [    0.768963] pnp 00:03: [dma 2]
Apr  2 11:03:25 ubuntu kernel: [    0.768985] pnp 00:03: Plug and Play ACPI device, IDs PNP0700 (active)
Apr  2 11:03:25 ubuntu kernel: [    0.769121] pnp 00:04: Plug and Play ACPI device, IDs PNP0501 (active)
Apr  2 11:03:25 ubuntu kernel: [    0.769473] pnp 00:05: Plug and Play ACPI device, IDs PNP0a06 (active)
Apr  2 11:03:25 ubuntu kernel: [    0.769484] pnp: PnP ACPI: found 6 devices
Apr  2 11:03:25 ubuntu kernel: [    0.777465] ACPI: bus type PNP unregistered
Apr  2 11:03:25 ubuntu kernel: [    0.791517] pci_bus 0000:00: resource 4 [io  0x0000-0x0cf7]
Apr  2 11:03:25 ubuntu kernel: [    0.791521] pci_bus 0000:00: resource 5 [io  0x0d00-0xadff]
Apr  2 11:03:25 ubuntu kernel: [    0.791523] pci_bus 0000:00: resource 6 [io  0xae0f-0xaeff]
Apr  2 11:03:25 ubuntu kernel: [    0.791525] pci_bus 0000:00: resource 7 [io  0xaf20-0xafdf]
Apr  2 11:03:25 ubuntu kernel: [    0.791527] pci_bus 0000:00: resource 8 [io  0xafe4-0xffff]
Apr  2 11:03:25 ubuntu kernel: [    0.791529] pci_bus 0000:00: resource 9 [mem 0x000a0000-0x000bffff]
Apr  2 11:03:25 ubuntu kernel: [    0.791531] pci_bus 0000:00: resource 10 [mem 0x40000000-0xfebfffff]
Apr  2 11:03:25 ubuntu kernel: [    0.791644] NET: Registered protocol family 2
Apr  2 11:03:25 ubuntu kernel: [    0.799346] TCP established hash table entries: 8192 (order: 4, 65536 bytes)
Apr  2 11:03:25 ubuntu kernel: [    0.811330] TCP bind hash table entries: 8192 (order: 5, 131072 bytes)
Apr  2 11:03:25 ubuntu kernel: [    0.821032] TCP: Hash tables configured (established 8192 bind 8192)
Apr  2 11:03:25 ubuntu kernel: [    0.831598] TCP: reno registered
Apr  2 11:03:25 ubuntu kernel: [    0.838644] UDP hash table entries: 512 (order: 2, 16384 bytes)
Apr  2 11:03:25 ubuntu kernel: [    0.848129] UDP-Lite hash table entries: 512 (order: 2, 16384 bytes)
Apr  2 11:03:25 ubuntu kernel: [    0.858582] NET: Registered protocol family 1
Apr  2 11:03:25 ubuntu kernel: [    0.868201] pci 0000:00:00.0: Limiting direct PCI/PCI transfers
Apr  2 11:03:25 ubuntu kernel: [    0.875336] pci 0000:00:01.0: PIIX3: Enabling Passive Release
Apr  2 11:03:25 ubuntu kernel: [    0.881798] pci 0000:00:01.0: Activating ISA DMA hang workarounds
Apr  2 11:03:25 ubuntu kernel: [    0.888905] pci 0000:00:02.0: Video device with shadowed ROM
Apr  2 11:03:25 ubuntu kernel: [    0.889371] ACPI: PCI Interrupt Link [LNKA] enabled at IRQ 10
Apr  2 11:03:25 ubuntu kernel: [    0.899209] ACPI: PCI Interrupt Link [LNKB] enabled at IRQ 11
Apr  2 11:03:25 ubuntu kernel: [    0.907491] ACPI: PCI Interrupt Link [LNKC] enabled at IRQ 11
Apr  2 11:03:25 ubuntu kernel: [    0.915488] ACPI: PCI Interrupt Link [LNKD] enabled at IRQ 10
Apr  2 11:03:25 ubuntu kernel: [    0.923508] PCI: CLS 0 bytes, default 64
Apr  2 11:03:25 ubuntu kernel: [    0.923708] Trying to unpack rootfs image as initramfs...
Apr  2 11:03:25 ubuntu kernel: [    1.099005] Freeing initrd memory: 7096K (ffff880037214000 - ffff880037902000)
Apr  2 11:03:25 ubuntu kernel: [    1.106246] microcode: CPU0 sig=0x106a3, pf=0x1, revision=0x1
Apr  2 11:03:25 ubuntu kernel: [    1.113026] microcode: Microcode Update Driver: v2.00 <tigran@aivazian.fsnet.co.uk>, Peter Oruba
Apr  2 11:03:25 ubuntu kernel: [    1.121903] Scanning for low memory corruption every 60 seconds
Apr  2 11:03:25 ubuntu kernel: [    1.128756] Initialise system trusted keyring
Apr  2 11:03:25 ubuntu kernel: [    1.133544] audit: initializing netlink socket (disabled)
Apr  2 11:03:25 ubuntu kernel: [    1.140188] type=2000 audit(1427972196.010:1): initialized
Apr  2 11:03:25 ubuntu kernel: [    1.178493] HugeTLB registered 2 MB page size, pre-allocated 0 pages
Apr  2 11:03:25 ubuntu kernel: [    1.185895] zbud: loaded
Apr  2 11:03:25 ubuntu kernel: [    1.188807] VFS: Disk quotas dquot_6.5.2
Apr  2 11:03:25 ubuntu kernel: [    1.193003] Dquot-cache hash table entries: 512 (order 0, 4096 bytes)
Apr  2 11:03:25 ubuntu kernel: [    1.200553] fuse init (API version 7.22)
Apr  2 11:03:25 ubuntu kernel: [    1.206648] msgmni has been set to 1982
Apr  2 11:03:25 ubuntu kernel: [    1.211159] Key type big_key registered
Apr  2 11:03:25 ubuntu kernel: [    1.215488] Key type asymmetric registered
Apr  2 11:03:25 ubuntu kernel: [    1.219257] Asymmetric key parser 'x509' registered
Apr  2 11:03:25 ubuntu kernel: [    1.224000] Block layer SCSI generic (bsg) driver version 0.4 loaded (major 252)
Apr  2 11:03:25 ubuntu kernel: [    1.231488] io scheduler noop registered
Apr  2 11:03:25 ubuntu kernel: [    1.236557] io scheduler deadline registered (default)
Apr  2 11:03:25 ubuntu kernel: [    1.241359] io scheduler cfq registered
Apr  2 11:03:25 ubuntu kernel: [    1.244946] pci_hotplug: PCI Hot Plug PCI Core version: 0.5
Apr  2 11:03:25 ubuntu kernel: [    1.250168] pciehp: PCI Express Hot Plug Controller Driver version: 0.4
Apr  2 11:03:25 ubuntu kernel: [    1.256455] intel_idle: does not run on family 6 model 26
Apr  2 11:03:25 ubuntu kernel: [    1.256467] ipmi message handler version 39.2
Apr  2 11:03:25 ubuntu kernel: [    1.260610] input: Power Button as /devices/LNXSYSTM:00/LNXPWRBN:00/input/input0
Apr  2 11:03:25 ubuntu kernel: [    1.268714] ACPI: Power Button [PWRF]
Apr  2 11:03:25 ubuntu kernel: [    1.272333] GHES: HEST is not enabled!
Apr  2 11:03:25 ubuntu kernel: [    1.281274] Serial: 8250/16550 driver, 32 ports, IRQ sharing enabled
Apr  2 11:03:25 ubuntu kernel: [    1.315057] 00:04: ttyS0 at I/O 0x3f8 (irq = 4, base_baud = 115200) is a 16550A
Apr  2 11:03:25 ubuntu kernel: [    1.323927] virtio-pci 0000:00:06.0: irq 40 for MSI/MSI-X
Apr  2 11:03:25 ubuntu kernel: [    1.323951] virtio-pci 0000:00:06.0: irq 41 for MSI/MSI-X
Apr  2 11:03:25 ubuntu kernel: [    1.382768] Linux agpgart interface v0.103
Apr  2 11:03:25 ubuntu kernel: [    1.396220] brd: module loaded
Apr  2 11:03:25 ubuntu kernel: [    1.402049] loop: module loaded
Apr  2 11:03:25 ubuntu kernel: [    1.406985] virtio-pci 0000:00:07.0: irq 42 for MSI/MSI-X
Apr  2 11:03:25 ubuntu kernel: [    1.407020] virtio-pci 0000:00:07.0: irq 43 for MSI/MSI-X
Apr  2 11:03:25 ubuntu kernel: [    1.407333] blk-mq: CPU -> queue map
Apr  2 11:03:25 ubuntu kernel: [    1.412410]   CPU 0 -> Queue 0
Apr  2 11:03:25 ubuntu kernel: [    1.420605]  vda: vda1
Apr  2 11:03:25 ubuntu kernel: [    1.426263] ata_piix 0000:00:01.1: version 2.13
Apr  2 11:03:25 ubuntu kernel: [    1.428607] scsi0 : ata_piix
Apr  2 11:03:25 ubuntu kernel: [    1.432958] scsi1 : ata_piix
Apr  2 11:03:25 ubuntu kernel: [    1.437658] ata1: PATA max MWDMA2 cmd 0x1f0 ctl 0x3f6 bmdma 0xc120 irq 14
Apr  2 11:03:25 ubuntu kernel: [    1.449909] ata2: PATA max MWDMA2 cmd 0x170 ctl 0x376 bmdma 0xc128 irq 15
Apr  2 11:03:25 ubuntu kernel: [    1.459260] libphy: Fixed MDIO Bus: probed
Apr  2 11:03:25 ubuntu kernel: [    1.464811] tun: Universal TUN/TAP device driver, 1.6
Apr  2 11:03:25 ubuntu kernel: [    1.471259] tun: (C) 1999-2004 Max Krasnyansky <maxk@qualcomm.com>
Apr  2 11:03:25 ubuntu kernel: [    1.480628] virtio-pci 0000:00:03.0: irq 44 for MSI/MSI-X
Apr  2 11:03:25 ubuntu kernel: [    1.480655] virtio-pci 0000:00:03.0: irq 45 for MSI/MSI-X
Apr  2 11:03:25 ubuntu kernel: [    1.480682] virtio-pci 0000:00:03.0: irq 46 for MSI/MSI-X
Apr  2 11:03:25 ubuntu kernel: [    1.537533] PPP generic driver version 2.4.2
Apr  2 11:03:25 ubuntu kernel: [    1.544059] ehci_hcd: USB 2.0 'Enhanced' Host Controller (EHCI) Driver
Apr  2 11:03:25 ubuntu kernel: [    1.551282] ehci-pci: EHCI PCI platform driver
Apr  2 11:03:25 ubuntu kernel: [    1.559630] ehci-pci 0000:00:05.7: EHCI Host Controller
Apr  2 11:03:25 ubuntu kernel: [    1.565901] ehci-pci 0000:00:05.7: new USB bus registered, assigned bus number 1
Apr  2 11:03:25 ubuntu kernel: [    1.577992] ehci-pci 0000:00:05.7: irq 10, io mem 0xfc057000
Apr  2 11:03:25 ubuntu kernel: [    1.596050] ehci-pci 0000:00:05.7: USB 2.0 started, EHCI 1.00
Apr  2 11:03:25 ubuntu kernel: [    1.603687] usb usb1: New USB device found, idVendor=1d6b, idProduct=0002
Apr  2 11:03:25 ubuntu kernel: [    1.611206] usb usb1: New USB device strings: Mfr=3, Product=2, SerialNumber=1
Apr  2 11:03:25 ubuntu kernel: [    1.621110] usb usb1: Product: EHCI Host Controller
Apr  2 11:03:25 ubuntu kernel: [    1.626859] usb usb1: Manufacturer: Linux 3.13.0-48-generic ehci_hcd
Apr  2 11:03:25 ubuntu kernel: [    1.634514] usb usb1: SerialNumber: 0000:00:05.7
Apr  2 11:03:25 ubuntu kernel: [    1.643347] hub 1-0:1.0: USB hub found
Apr  2 11:03:25 ubuntu kernel: [    1.651558] hub 1-0:1.0: 6 ports detected
Apr  2 11:03:25 ubuntu kernel: [    1.657219] ehci-platform: EHCI generic platform driver
Apr  2 11:03:25 ubuntu kernel: [    1.664420] ohci_hcd: USB 1.1 'Open' Host Controller (OHCI) Driver
Apr  2 11:03:25 ubuntu kernel: [    1.674291] ohci-pci: OHCI PCI platform driver
Apr  2 11:03:25 ubuntu kernel: [    1.682223] ohci-platform: OHCI generic platform driver
Apr  2 11:03:25 ubuntu kernel: [    1.688441] uhci_hcd: USB Universal Host Controller Interface driver
Apr  2 11:03:25 ubuntu kernel: [    1.697542] uhci_hcd 0000:00:05.0: UHCI Host Controller
Apr  2 11:03:25 ubuntu kernel: [    1.703754] uhci_hcd 0000:00:05.0: new USB bus registered, assigned bus number 2
Apr  2 11:03:25 ubuntu kernel: [    1.714993] uhci_hcd 0000:00:05.0: irq 10, io base 0x0000c080
Apr  2 11:03:25 ubuntu kernel: [    1.721366] usb usb2: New USB device found, idVendor=1d6b, idProduct=0001
Apr  2 11:03:25 ubuntu kernel: [    1.728725] usb usb2: New USB device strings: Mfr=3, Product=2, SerialNumber=1
Apr  2 11:03:25 ubuntu kernel: [    1.736704] usb usb2: Product: UHCI Host Controller
Apr  2 11:03:25 ubuntu kernel: [    1.743510] usb usb2: Manufacturer: Linux 3.13.0-48-generic uhci_hcd
Apr  2 11:03:25 ubuntu kernel: [    1.750773] usb usb2: SerialNumber: 0000:00:05.0
Apr  2 11:03:25 ubuntu kernel: [    1.756768] hub 2-0:1.0: USB hub found
Apr  2 11:03:25 ubuntu kernel: [    1.761871] hub 2-0:1.0: 2 ports detected
Apr  2 11:03:25 ubuntu kernel: [    1.768542] uhci_hcd 0000:00:05.1: UHCI Host Controller
Apr  2 11:03:25 ubuntu kernel: [    1.787855] uhci_hcd 0000:00:05.1: new USB bus registered, assigned bus number 3
Apr  2 11:03:25 ubuntu kernel: [    1.796289] uhci_hcd 0000:00:05.1: irq 11, io base 0x0000c0a0
Apr  2 11:03:25 ubuntu kernel: [    1.803019] usb usb3: New USB device found, idVendor=1d6b, idProduct=0001
Apr  2 11:03:25 ubuntu kernel: [    1.811082] usb usb3: New USB device strings: Mfr=3, Product=2, SerialNumber=1
Apr  2 11:03:25 ubuntu kernel: [    1.820650] usb usb3: Product: UHCI Host Controller
Apr  2 11:03:25 ubuntu kernel: [    1.827529] usb usb3: Manufacturer: Linux 3.13.0-48-generic uhci_hcd
Apr  2 11:03:25 ubuntu kernel: [    1.835010] usb usb3: SerialNumber: 0000:00:05.1
Apr  2 11:03:25 ubuntu kernel: [    1.840821] hub 3-0:1.0: USB hub found
Apr  2 11:03:25 ubuntu kernel: [    1.846879] hub 3-0:1.0: 2 ports detected
Apr  2 11:03:25 ubuntu kernel: [    1.854167] uhci_hcd 0000:00:05.2: UHCI Host Controller
Apr  2 11:03:25 ubuntu kernel: [    1.860103] uhci_hcd 0000:00:05.2: new USB bus registered, assigned bus number 4
Apr  2 11:03:25 ubuntu kernel: [    1.873695] uhci_hcd 0000:00:05.2: irq 11, io base 0x0000c0c0
Apr  2 11:03:25 ubuntu kernel: [    1.883405] usb usb4: New USB device found, idVendor=1d6b, idProduct=0001
Apr  2 11:03:25 ubuntu kernel: [    1.891722] usb usb4: New USB device strings: Mfr=3, Product=2, SerialNumber=1
Apr  2 11:03:25 ubuntu kernel: [    1.901031] usb usb4: Product: UHCI Host Controller
Apr  2 11:03:25 ubuntu kernel: [    1.908743] usb usb4: Manufacturer: Linux 3.13.0-48-generic uhci_hcd
Apr  2 11:03:25 ubuntu kernel: [    1.916442] usb usb4: SerialNumber: 0000:00:05.2
Apr  2 11:03:25 ubuntu kernel: [    1.922895] hub 4-0:1.0: USB hub found
Apr  2 11:03:25 ubuntu kernel: [    1.928866] hub 4-0:1.0: 2 ports detected
Apr  2 11:03:25 ubuntu kernel: [    1.935326] i8042: PNP: PS/2 Controller [PNP0303:KBD,PNP0f13:MOU] at 0x60,0x64 irq 1,12
Apr  2 11:03:25 ubuntu kernel: [    1.948881] serio: i8042 KBD port at 0x60,0x64 irq 1
Apr  2 11:03:25 ubuntu kernel: [    1.955819] serio: i8042 AUX port at 0x60,0x64 irq 12
Apr  2 11:03:25 ubuntu kernel: [    1.964535] mousedev: PS/2 mouse device common for all mice
Apr  2 11:03:25 ubuntu kernel: [    1.973605] input: AT Translated Set 2 keyboard as /devices/platform/i8042/serio0/input/input1
Apr  2 11:03:25 ubuntu kernel: [    1.985600] rtc_cmos 00:00: RTC can wake from S4
Apr  2 11:03:25 ubuntu kernel: [    1.992411] rtc_cmos 00:00: rtc core: registered rtc_cmos as rtc0
Apr  2 11:03:25 ubuntu kernel: [    1.999954] rtc_cmos 00:00: alarms up to one day, 114 bytes nvram
Apr  2 11:03:25 ubuntu kernel: [    2.010028] device-mapper: uevent: version 1.0.3
Apr  2 11:03:25 ubuntu kernel: [    2.016515] device-mapper: ioctl: 4.27.0-ioctl (2013-10-30) initialised: dm-devel@redhat.com
Apr  2 11:03:25 ubuntu kernel: [    2.027746] ledtrig-cpu: registered to indicate activity on CPUs
Apr  2 11:03:25 ubuntu kernel: [    2.037486] TCP: cubic registered
Apr  2 11:03:25 ubuntu kernel: [    2.042984] NET: Registered protocol family 10
Apr  2 11:03:25 ubuntu kernel: [    2.085366] NET: Registered protocol family 17
Apr  2 11:03:25 ubuntu kernel: [    2.091529] Key type dns_resolver registered
Apr  2 11:03:25 ubuntu kernel: [    2.097078] Loading compiled-in X.509 certificates
Apr  2 11:03:25 ubuntu kernel: [    2.104333] tsc: Refined TSC clocksource calibration: 2400.119 MHz
Apr  2 11:03:25 ubuntu kernel: [    2.112328] Loaded X.509 cert 'Magrathea: Glacier signing key: 4eb2de249917cbf39cb85692e54cebade594d680'
Apr  2 11:03:25 ubuntu kernel: [    2.125864] registered taskstats version 1
Apr  2 11:03:25 ubuntu kernel: [    2.134800] Key type trusted registered
Apr  2 11:03:25 ubuntu kernel: [    2.143672] Key type encrypted registered
Apr  2 11:03:25 ubuntu kernel: [    2.151716] AppArmor: AppArmor sha1 policy hashing enabled
Apr  2 11:03:25 ubuntu kernel: [    2.158516] IMA: No TPM chip found, activating TPM-bypass!
Apr  2 11:03:25 ubuntu kernel: [    2.166588] regulator-dummy: disabling
Apr  2 11:03:25 ubuntu kernel: [    2.171469]   Magic number: 11:87:931
Apr  2 11:03:25 ubuntu kernel: [    2.178072] rtc_cmos 00:00: setting system clock to 2015-04-02 10:56:37 UTC (1427972197)
Apr  2 11:03:25 ubuntu kernel: [    2.189223] BIOS EDD facility v0.16 2004-Jun-25, 0 devices found
Apr  2 11:03:25 ubuntu kernel: [    2.196814] EDD information not available.
Apr  2 11:03:25 ubuntu kernel: [    2.202020] PM: Hibernation image not present or could not be loaded.
Apr  2 11:03:25 ubuntu kernel: [    2.204560] Freeing unused kernel memory: 1336K (ffffffff81d20000 - ffffffff81e6e000)
Apr  2 11:03:25 ubuntu kernel: [    2.215733] Write protecting the kernel read-only data: 12288k
Apr  2 11:03:25 ubuntu kernel: [    2.226581] Freeing unused kernel memory: 796K (ffff880001739000 - ffff880001800000)
Apr  2 11:03:25 ubuntu kernel: [    2.239852] Freeing unused kernel memory: 688K (ffff880001b54000 - ffff880001c00000)
Apr  2 11:03:25 ubuntu kernel: [    2.328947] FDC 0 is a S82078B
Apr  2 11:03:25 ubuntu kernel: [    3.378216] input: ImExPS/2 Generic Explorer Mouse as /devices/platform/i8042/serio1/input/input3
Apr  2 11:03:25 ubuntu kernel: [    3.794230] EXT4-fs (vda1): INFO: recovery required on readonly filesystem
Apr  2 11:03:25 ubuntu kernel: [    3.802373] EXT4-fs (vda1): write access will be enabled during recovery
Apr  2 11:03:25 ubuntu kernel: [    4.805570] EXT4-fs (vda1): recovery complete
Apr  2 11:03:25 ubuntu kernel: [    5.011039] EXT4-fs (vda1): mounted filesystem with ordered data mode. Opts: (null)
Apr  2 11:03:25 ubuntu kernel: [    5.204609] random: init urandom read with 13 bits of entropy available
Apr  2 11:03:25 ubuntu kernel: [    5.450411] EXT4-fs (vda1): re-mounted. Opts: (null)
Apr  2 11:03:25 ubuntu kernel: [    6.650407] IPv6: ADDRCONF(NETDEV_UP): eth0: link is not ready
Apr  2 11:03:25 ubuntu kernel: [    6.657523] IPv6: ADDRCONF(NETDEV_UP): lo: link is not ready
Apr  2 11:03:25 ubuntu kernel: [    6.657528] IPv6: ADDRCONF(NETDEV_UP): eth0: link is not ready
Apr  2 11:03:25 ubuntu kernel: [    7.001964] type=1400 audit(1427972202.318:2): apparmor="STATUS" operation="profile_load" profile="unconfined" name="/sbin/dhclient" pid=432 comm="apparmor_parser"
Apr  2 11:03:25 ubuntu kernel: [    7.001976] type=1400 audit(1427972202.318:3): apparmor="STATUS" operation="profile_load" profile="unconfined" name="/usr/lib/NetworkManager/nm-dhcp-client.action" pid=432 comm="apparmor_parser"
Apr  2 11:03:25 ubuntu kernel: [    7.001981] type=1400 audit(1427972202.318:4): apparmor="STATUS" operation="profile_load" profile="unconfined" name="/usr/lib/connman/scripts/dhclient-script" pid=432 comm="apparmor_parser"
Apr  2 11:03:25 ubuntu kernel: [    7.002529] type=1400 audit(1427972202.318:5): apparmor="STATUS" operation="profile_replace" profile="unconfined" name="/usr/lib/NetworkManager/nm-dhcp-client.action" pid=432 comm="apparmor_parser"
Apr  2 11:03:25 ubuntu kernel: [    7.002542] type=1400 audit(1427972202.318:6): apparmor="STATUS" operation="profile_replace" profile="unconfined" name="/usr/lib/connman/scripts/dhclient-script" pid=432 comm="apparmor_parser"
Apr  2 11:03:25 ubuntu kernel: [    7.002792] type=1400 audit(1427972202.318:7): apparmor="STATUS" operation="profile_replace" profile="unconfined" name="/usr/lib/connman/scripts/dhclient-script" pid=432 comm="apparmor_parser"
Apr  2 11:03:25 ubuntu kernel: [   67.832025] random: nonblocking pool is initialized
Apr  2 11:03:25 ubuntu kernel: [  393.673069] EXT4-fs (vda1): resizing filesystem from 360448 to 576256 blocks
Apr  2 11:03:25 ubuntu kernel: [  393.673264] EXT4-fs (vda1): resized filesystem to 576256
Apr  2 11:03:25 ubuntu kernel: [  410.469059] type=1400 audit(1427972605.786:8): apparmor="STATUS" operation="profile_replace" profile="unconfined" name="/sbin/dhclient" pid=965 comm="apparmor_parser"
Apr  2 11:03:25 ubuntu kernel: [  410.469075] type=1400 audit(1427972605.786:9): apparmor="STATUS" operation="profile_replace" profile="unconfined" name="/usr/lib/NetworkManager/nm-dhcp-client.action" pid=965 comm="apparmor_parser"
Apr  2 11:03:25 ubuntu kernel: [  410.469084] type=1400 audit(1427972605.786:10): apparmor="STATUS" operation="profile_replace" profile="unconfined" name="/usr/lib/connman/scripts/dhclient-script" pid=965 comm="apparmor_parser"
Apr  2 11:03:25 ubuntu kernel: [  410.469605] type=1400 audit(1427972605.786:11): apparmor="STATUS" operation="profile_replace" profile="unconfined" name="/usr/lib/NetworkManager/nm-dhcp-client.action" pid=965 comm="apparmor_parser"
Apr  2 11:03:25 ubuntu kernel: [  410.469611] type=1400 audit(1427972605.786:12): apparmor="STATUS" operation="profile_replace" profile="unconfined" name="/usr/lib/connman/scripts/dhclient-script" pid=965 comm="apparmor_parser"
Apr  2 11:03:25 ubuntu kernel: [  410.469851] type=1400 audit(1427972605.786:13): apparmor="STATUS" operation="profile_replace" profile="unconfined" name="/usr/lib/connman/scripts/dhclient-script" pid=965 comm="apparmor_parser"
Apr  2 11:03:26 ubuntu kernel: [  411.071727] type=1400 audit(1427972606.386:14): apparmor="STATUS" operation="profile_load" profile="unconfined" name="/usr/sbin/tcpdump" pid=967 comm="apparmor_parser"
Apr  2 12:10:02 ubuntu kernel: [    0.000000] Initializing cgroup subsys cpuset
Apr  2 12:10:02 ubuntu kernel: [    0.000000] Initializing cgroup subsys cpu
Apr  2 12:10:02 ubuntu kernel: [    0.000000] Initializing cgroup subsys cpuacct
Apr  2 12:10:02 ubuntu kernel: [    0.000000] Linux version 3.13.0-48-generic (buildd@orlo) (gcc version 4.8.2 (Ubuntu 4.8.2-19ubuntu1) ) #80-Ubuntu SMP Thu Mar 12 11:16:15 UTC 2015 (Ubuntu 3.13.0-48.80-generic 3.13.11-ckt16)
Apr  2 12:10:02 ubuntu kernel: [    0.000000] Command line: BOOT_IMAGE=/boot/vmlinuz-3.13.0-48-generic root=LABEL=cloudimg-rootfs ro console=tty1 console=ttyS0
Apr  2 12:10:02 ubuntu kernel: [    0.000000] KERNEL supported cpus:
Apr  2 12:10:02 ubuntu kernel: [    0.000000]   Intel GenuineIntel
Apr  2 12:10:02 ubuntu kernel: [    0.000000]   AMD AuthenticAMD
Apr  2 12:10:02 ubuntu kernel: [    0.000000]   Centaur CentaurHauls
Apr  2 12:10:02 ubuntu kernel: [    0.000000] e820: BIOS-provided physical RAM map:
Apr  2 12:10:02 ubuntu kernel: [    0.000000] BIOS-e820: [mem 0x0000000000000000-0x000000000009fbff] usable
Apr  2 12:10:02 ubuntu kernel: [    0.000000] BIOS-e820: [mem 0x000000000009fc00-0x000000000009ffff] reserved
Apr  2 12:10:02 ubuntu kernel: [    0.000000] BIOS-e820: [mem 0x00000000000f0000-0x00000000000fffff] reserved
Apr  2 12:10:02 ubuntu kernel: [    0.000000] BIOS-e820: [mem 0x0000000000100000-0x000000003fffdfff] usable
Apr  2 12:10:02 ubuntu kernel: [    0.000000] BIOS-e820: [mem 0x000000003fffe000-0x000000003fffffff] reserved
Apr  2 12:10:02 ubuntu kernel: [    0.000000] BIOS-e820: [mem 0x00000000feffc000-0x00000000feffffff] reserved
Apr  2 12:10:02 ubuntu kernel: [    0.000000] BIOS-e820: [mem 0x00000000fffc0000-0x00000000ffffffff] reserved
Apr  2 12:10:02 ubuntu kernel: [    0.000000] NX (Execute Disable) protection: active
Apr  2 12:10:02 ubuntu kernel: [    0.000000] SMBIOS 2.4 present.
Apr  2 12:10:02 ubuntu kernel: [    0.000000] DMI: QEMU Standard PC (i440FX + PIIX, 1996), BIOS Bochs 01/01/2011
Apr  2 12:10:02 ubuntu kernel: [    0.000000] Hypervisor detected: KVM
Apr  2 12:10:02 ubuntu kernel: [    0.000000] e820: update [mem 0x00000000-0x00000fff] usable ==> reserved
Apr  2 12:10:02 ubuntu kernel: [    0.000000] e820: remove [mem 0x000a0000-0x000fffff] usable
Apr  2 12:10:02 ubuntu kernel: [    0.000000] No AGP bridge found
Apr  2 12:10:02 ubuntu kernel: [    0.000000] e820: last_pfn = 0x3fffe max_arch_pfn = 0x400000000
Apr  2 12:10:02 ubuntu kernel: [    0.000000] MTRR default type: write-back
Apr  2 12:10:02 ubuntu kernel: [    0.000000] MTRR fixed ranges enabled:
Apr  2 12:10:02 ubuntu kernel: [    0.000000]   00000-9FFFF write-back
Apr  2 12:10:02 ubuntu kernel: [    0.000000]   A0000-BFFFF uncachable
Apr  2 12:10:02 ubuntu kernel: [    0.000000]   C0000-FFFFF write-protect
Apr  2 12:10:02 ubuntu kernel: [    0.000000] MTRR variable ranges enabled:
Apr  2 12:10:02 ubuntu kernel: [    0.000000]   0 base 0080000000 mask FF80000000 uncachable
Apr  2 12:10:02 ubuntu kernel: [    0.000000]   1 disabled
Apr  2 12:10:02 ubuntu kernel: [    0.000000]   2 disabled
Apr  2 12:10:02 ubuntu kernel: [    0.000000]   3 disabled
Apr  2 12:10:02 ubuntu kernel: [    0.000000]   4 disabled
Apr  2 12:10:02 ubuntu kernel: [    0.000000]   5 disabled
Apr  2 12:10:02 ubuntu kernel: [    0.000000]   6 disabled
Apr  2 12:10:02 ubuntu kernel: [    0.000000]   7 disabled
Apr  2 12:10:02 ubuntu kernel: [    0.000000] x86 PAT enabled: cpu 0, old 0x7040600070406, new 0x7010600070106
Apr  2 12:10:02 ubuntu kernel: [    0.000000] found SMP MP-table at [mem 0x000f0b20-0x000f0b2f] mapped at [ffff8800000f0b20]
Apr  2 12:10:02 ubuntu kernel: [    0.000000] Scanning 1 areas for low memory corruption
Apr  2 12:10:02 ubuntu kernel: [    0.000000] Base memory trampoline at [ffff880000099000] 99000 size 24576
Apr  2 12:10:02 ubuntu kernel: [    0.000000] init_memory_mapping: [mem 0x00000000-0x000fffff]
Apr  2 12:10:02 ubuntu kernel: [    0.000000]  [mem 0x00000000-0x000fffff] page 4k
Apr  2 12:10:02 ubuntu kernel: [    0.000000] BRK [0x01fe1000, 0x01fe1fff] PGTABLE
Apr  2 12:10:02 ubuntu kernel: [    0.000000] BRK [0x01fe2000, 0x01fe2fff] PGTABLE
Apr  2 12:10:02 ubuntu kernel: [    0.000000] BRK [0x01fe3000, 0x01fe3fff] PGTABLE
Apr  2 12:10:02 ubuntu kernel: [    0.000000] init_memory_mapping: [mem 0x3fc00000-0x3fdfffff]
Apr  2 12:10:02 ubuntu kernel: [    0.000000]  [mem 0x3fc00000-0x3fdfffff] page 2M
Apr  2 12:10:02 ubuntu kernel: [    0.000000] init_memory_mapping: [mem 0x3c000000-0x3fbfffff]
Apr  2 12:10:02 ubuntu kernel: [    0.000000]  [mem 0x3c000000-0x3fbfffff] page 2M
Apr  2 12:10:02 ubuntu kernel: [    0.000000] init_memory_mapping: [mem 0x00100000-0x3bffffff]
Apr  2 12:10:02 ubuntu kernel: [    0.000000]  [mem 0x00100000-0x001fffff] page 4k
Apr  2 12:10:02 ubuntu kernel: [    0.000000]  [mem 0x00200000-0x3bffffff] page 2M
Apr  2 12:10:02 ubuntu kernel: [    0.000000] init_memory_mapping: [mem 0x3fe00000-0x3fffdfff]
Apr  2 12:10:02 ubuntu kernel: [    0.000000]  [mem 0x3fe00000-0x3fffdfff] page 4k
Apr  2 12:10:02 ubuntu kernel: [    0.000000] BRK [0x01fe4000, 0x01fe4fff] PGTABLE
Apr  2 12:10:02 ubuntu kernel: [    0.000000] RAMDISK: [mem 0x37214000-0x37901fff]
Apr  2 12:10:02 ubuntu kernel: [    0.000000] ACPI: RSDP 00000000000f0990 000014 (v00 BOCHS )
Apr  2 12:10:02 ubuntu kernel: [    0.000000] ACPI: RSDT 000000003ffffb63 000034 (v01 BOCHS  BXPCRSDT 00000001 BXPC 00000001)
Apr  2 12:10:02 ubuntu kernel: [    0.000000] ACPI: FACP 000000003ffff1c0 000074 (v01 BOCHS  BXPCFACP 00000001 BXPC 00000001)
Apr  2 12:10:02 ubuntu kernel: [    0.000000] ACPI: DSDT 000000003fffe040 001180 (v01 BOCHS  BXPCDSDT 00000001 BXPC 00000001)
Apr  2 12:10:02 ubuntu kernel: [    0.000000] ACPI: FACS 000000003fffe000 000040
Apr  2 12:10:02 ubuntu kernel: [    0.000000] ACPI: SSDT 000000003ffff234 0008B7 (v01 BOCHS  BXPCSSDT 00000001 BXPC 00000001)
Apr  2 12:10:02 ubuntu kernel: [    0.000000] ACPI: APIC 000000003ffffaeb 000078 (v01 BOCHS  BXPCAPIC 00000001 BXPC 00000001)
Apr  2 12:10:02 ubuntu kernel: [    0.000000] ACPI: RSDT 000000003ffffb63 000034 (v01 BOCHS  BXPCRSDT 00000001 BXPC 00000001)
Apr  2 12:10:02 ubuntu kernel: [    0.000000] ACPI: Local APIC address 0xfee00000
Apr  2 12:10:02 ubuntu kernel: [    0.000000] No NUMA configuration found
Apr  2 12:10:02 ubuntu kernel: [    0.000000] Faking a node at [mem 0x0000000000000000-0x000000003fffdfff]
Apr  2 12:10:02 ubuntu kernel: [    0.000000] Initmem setup node 0 [mem 0x00000000-0x3fffdfff]
Apr  2 12:10:02 ubuntu kernel: [    0.000000]   NODE_DATA [mem 0x3fff9000-0x3fffdfff]
Apr  2 12:10:02 ubuntu kernel: [    0.000000] kvm-clock: Using msrs 4b564d01 and 4b564d00
Apr  2 12:10:02 ubuntu kernel: [    0.000000] kvm-clock: cpu 0, msr 0:3fff5001, boot clock
Apr  2 12:10:02 ubuntu kernel: [    0.000000]  [ffffea0000000000-ffffea0000ffffff] PMD -> [ffff88003e600000-ffff88003f5fffff] on node 0
Apr  2 12:10:02 ubuntu kernel: [    0.000000] Zone ranges:
Apr  2 12:10:02 ubuntu kernel: [    0.000000]   DMA      [mem 0x00001000-0x00ffffff]
Apr  2 12:10:02 ubuntu kernel: [    0.000000]   DMA32    [mem 0x01000000-0xffffffff]
Apr  2 12:10:02 ubuntu kernel: [    0.000000]   Normal   empty
Apr  2 12:10:02 ubuntu kernel: [    0.000000] Movable zone start for each node
Apr  2 12:10:02 ubuntu kernel: [    0.000000] Early memory node ranges
Apr  2 12:10:02 ubuntu kernel: [    0.000000]   node   0: [mem 0x00001000-0x0009efff]
Apr  2 12:10:02 ubuntu kernel: [    0.000000]   node   0: [mem 0x00100000-0x3fffdfff]
Apr  2 12:10:02 ubuntu kernel: [    0.000000] On node 0 totalpages: 262044
Apr  2 12:10:02 ubuntu kernel: [    0.000000]   DMA zone: 64 pages used for memmap
Apr  2 12:10:02 ubuntu kernel: [    0.000000]   DMA zone: 21 pages reserved
Apr  2 12:10:02 ubuntu kernel: [    0.000000]   DMA zone: 3998 pages, LIFO batch:0
Apr  2 12:10:02 ubuntu kernel: [    0.000000]   DMA32 zone: 4032 pages used for memmap
Apr  2 12:10:02 ubuntu kernel: [    0.000000]   DMA32 zone: 258046 pages, LIFO batch:31
Apr  2 12:10:02 ubuntu kernel: [    0.000000] ACPI: PM-Timer IO Port: 0xb008
Apr  2 12:10:02 ubuntu kernel: [    0.000000] ACPI: Local APIC address 0xfee00000
Apr  2 12:10:02 ubuntu kernel: [    0.000000] ACPI: LAPIC (acpi_id[0x00] lapic_id[0x00] enabled)
Apr  2 12:10:02 ubuntu kernel: [    0.000000] ACPI: LAPIC_NMI (acpi_id[0xff] dfl dfl lint[0x1])
Apr  2 12:10:02 ubuntu kernel: [    0.000000] ACPI: IOAPIC (id[0x00] address[0xfec00000] gsi_base[0])
Apr  2 12:10:02 ubuntu kernel: [    0.000000] IOAPIC[0]: apic_id 0, version 17, address 0xfec00000, GSI 0-23
Apr  2 12:10:02 ubuntu kernel: [    0.000000] ACPI: INT_SRC_OVR (bus 0 bus_irq 0 global_irq 2 dfl dfl)
Apr  2 12:10:02 ubuntu kernel: [    0.000000] ACPI: INT_SRC_OVR (bus 0 bus_irq 5 global_irq 5 high level)
Apr  2 12:10:02 ubuntu kernel: [    0.000000] ACPI: INT_SRC_OVR (bus 0 bus_irq 9 global_irq 9 high level)
Apr  2 12:10:02 ubuntu kernel: [    0.000000] ACPI: INT_SRC_OVR (bus 0 bus_irq 10 global_irq 10 high level)
Apr  2 12:10:02 ubuntu kernel: [    0.000000] ACPI: INT_SRC_OVR (bus 0 bus_irq 11 global_irq 11 high level)
Apr  2 12:10:02 ubuntu kernel: [    0.000000] ACPI: IRQ0 used by override.
Apr  2 12:10:02 ubuntu kernel: [    0.000000] ACPI: IRQ2 used by override.
Apr  2 12:10:02 ubuntu kernel: [    0.000000] ACPI: IRQ5 used by override.
Apr  2 12:10:02 ubuntu kernel: [    0.000000] ACPI: IRQ9 used by override.
Apr  2 12:10:02 ubuntu kernel: [    0.000000] ACPI: IRQ10 used by override.
Apr  2 12:10:02 ubuntu kernel: [    0.000000] ACPI: IRQ11 used by override.
Apr  2 12:10:02 ubuntu kernel: [    0.000000] Using ACPI (MADT) for SMP configuration information
Apr  2 12:10:02 ubuntu kernel: [    0.000000] smpboot: Allowing 1 CPUs, 0 hotplug CPUs
Apr  2 12:10:02 ubuntu kernel: [    0.000000] nr_irqs_gsi: 40
Apr  2 12:10:02 ubuntu kernel: [    0.000000] PM: Registered nosave memory: [mem 0x0009f000-0x0009ffff]
Apr  2 12:10:02 ubuntu kernel: [    0.000000] PM: Registered nosave memory: [mem 0x000a0000-0x000effff]
Apr  2 12:10:02 ubuntu kernel: [    0.000000] PM: Registered nosave memory: [mem 0x000f0000-0x000fffff]
Apr  2 12:10:02 ubuntu kernel: [    0.000000] e820: [mem 0x40000000-0xfeffbfff] available for PCI devices
Apr  2 12:10:02 ubuntu kernel: [    0.000000] Booting paravirtualized kernel on KVM
Apr  2 12:10:02 ubuntu kernel: [    0.000000] setup_percpu: NR_CPUS:256 nr_cpumask_bits:256 nr_cpu_ids:1 nr_node_ids:1
Apr  2 12:10:02 ubuntu kernel: [    0.000000] PERCPU: Embedded 28 pages/cpu @ffff88003fc00000 s82368 r8192 d24128 u2097152
Apr  2 12:10:02 ubuntu kernel: [    0.000000] pcpu-alloc: s82368 r8192 d24128 u2097152 alloc=1*2097152
Apr  2 12:10:02 ubuntu kernel: [    0.000000] pcpu-alloc: [0] 0 
Apr  2 12:10:02 ubuntu kernel: [    0.000000] kvm-clock: cpu 0, msr 0:3fff5001, primary cpu clock
Apr  2 12:10:02 ubuntu kernel: [    0.000000] KVM setup async PF for cpu 0
Apr  2 12:10:02 ubuntu kernel: [    0.000000] kvm-stealtime: cpu 0, msr 3fc0d000
Apr  2 12:10:02 ubuntu kernel: [    0.000000] Built 1 zonelists in Node order, mobility grouping on.  Total pages: 257927
Apr  2 12:10:02 ubuntu kernel: [    0.000000] Policy zone: DMA32
Apr  2 12:10:02 ubuntu kernel: [    0.000000] Kernel command line: BOOT_IMAGE=/boot/vmlinuz-3.13.0-48-generic root=LABEL=cloudimg-rootfs ro console=tty1 console=ttyS0
Apr  2 12:10:02 ubuntu kernel: [    0.000000] PID hash table entries: 4096 (order: 3, 32768 bytes)
Apr  2 12:10:02 ubuntu kernel: [    0.000000] Checking aperture...
Apr  2 12:10:02 ubuntu kernel: [    0.000000] No AGP bridge found
Apr  2 12:10:02 ubuntu kernel: [    0.000000] Calgary: detecting Calgary via BIOS EBDA area
Apr  2 12:10:02 ubuntu kernel: [    0.000000] Calgary: Unable to locate Rio Grande table in EBDA - bailing!
Apr  2 12:10:02 ubuntu kernel: [    0.000000] Memory: 1007928K/1048176K available (7385K kernel code, 1145K rwdata, 3408K rodata, 1336K init, 1444K bss, 40248K reserved)
Apr  2 12:10:02 ubuntu kernel: [    0.000000] SLUB: HWalign=64, Order=0-3, MinObjects=0, CPUs=1, Nodes=1
Apr  2 12:10:02 ubuntu kernel: [    0.000000] Hierarchical RCU implementation.
Apr  2 12:10:02 ubuntu kernel: [    0.000000] 	RCU dyntick-idle grace-period acceleration is enabled.
Apr  2 12:10:02 ubuntu kernel: [    0.000000] 	RCU restricting CPUs from NR_CPUS=256 to nr_cpu_ids=1.
Apr  2 12:10:02 ubuntu kernel: [    0.000000] 	Offload RCU callbacks from all CPUs
Apr  2 12:10:02 ubuntu kernel: [    0.000000] 	Offload RCU callbacks from CPUs: 0.
Apr  2 12:10:02 ubuntu kernel: [    0.000000] NR_IRQS:16640 nr_irqs:256 16
Apr  2 12:10:02 ubuntu kernel: [    0.000000] Console: colour VGA+ 80x25
Apr  2 12:10:02 ubuntu kernel: [    0.000000] console [tty1] enabled
Apr  2 12:10:02 ubuntu kernel: [    0.000000] console [ttyS0] enabled
Apr  2 12:10:02 ubuntu kernel: [    0.000000] allocated 4194304 bytes of page_cgroup
Apr  2 12:10:02 ubuntu kernel: [    0.000000] please try 'cgroup_disable=memory' option if you don't want memory cgroups
Apr  2 12:10:02 ubuntu kernel: [    0.000000] tsc: Detected 2400.082 MHz processor
Apr  2 12:10:02 ubuntu kernel: [    0.012000] Calibrating delay loop (skipped) preset value.. 4800.16 BogoMIPS (lpj=9600328)
Apr  2 12:10:02 ubuntu kernel: [    0.014640] pid_max: default: 32768 minimum: 301
Apr  2 12:10:02 ubuntu kernel: [    0.016057] Security Framework initialized
Apr  2 12:10:02 ubuntu kernel: [    0.020070] AppArmor: AppArmor initialized
Apr  2 12:10:02 ubuntu kernel: [    0.024006] Yama: becoming mindful.
Apr  2 12:10:02 ubuntu kernel: [    0.028185] Dentry cache hash table entries: 131072 (order: 8, 1048576 bytes)
Apr  2 12:10:02 ubuntu kernel: [    0.032966] Inode-cache hash table entries: 65536 (order: 7, 524288 bytes)
Apr  2 12:10:02 ubuntu kernel: [    0.036483] Mount-cache hash table entries: 2048 (order: 2, 16384 bytes)
Apr  2 12:10:02 ubuntu kernel: [    0.040015] Mountpoint-cache hash table entries: 2048 (order: 2, 16384 bytes)
Apr  2 12:10:02 ubuntu kernel: [    0.044378] Initializing cgroup subsys memory
Apr  2 12:10:02 ubuntu kernel: [    0.048013] Initializing cgroup subsys devices
Apr  2 12:10:02 ubuntu kernel: [    0.052008] Initializing cgroup subsys freezer
Apr  2 12:10:02 ubuntu kernel: [    0.056009] Initializing cgroup subsys blkio
Apr  2 12:10:02 ubuntu kernel: [    0.060008] Initializing cgroup subsys perf_event
Apr  2 12:10:02 ubuntu kernel: [    0.064009] Initializing cgroup subsys hugetlb
Apr  2 12:10:02 ubuntu kernel: [    0.068106] mce: CPU supports 10 MCE banks
Apr  2 12:10:02 ubuntu kernel: [    0.072058] Last level iTLB entries: 4KB 0, 2MB 0, 4MB 0
Apr  2 12:10:02 ubuntu kernel: [    0.072058] Last level dTLB entries: 4KB 0, 2MB 0, 4MB 0
Apr  2 12:10:02 ubuntu kernel: [    0.072058] tlb_flushall_shift: 6
Apr  2 12:10:02 ubuntu kernel: [    0.099416] Freeing SMP alternatives memory: 32K (ffffffff81e6e000 - ffffffff81e76000)
Apr  2 12:10:02 ubuntu kernel: [    0.106830] ACPI: Core revision 20131115
Apr  2 12:10:02 ubuntu kernel: [    0.108875] ACPI: All ACPI Tables successfully acquired
Apr  2 12:10:02 ubuntu kernel: [    0.116474] ftrace: allocating 28562 entries in 112 pages
Apr  2 12:10:02 ubuntu kernel: [    0.132459] Enabling x2apic
Apr  2 12:10:02 ubuntu kernel: [    0.135299] Enabled x2apic
Apr  2 12:10:02 ubuntu kernel: [    0.136014] Switched APIC routing to physical x2apic.
Apr  2 12:10:02 ubuntu kernel: [    0.141403] ..TIMER: vector=0x30 apic1=0 pin1=2 apic2=-1 pin2=-1
Apr  2 12:10:02 ubuntu kernel: [    0.144004] smpboot: CPU0: Intel Core i7 9xx (Nehalem Class Core i7) (fam: 06, model: 1a, stepping: 03)
Apr  2 12:10:02 ubuntu kernel: [    0.160000] Performance Events: unsupported p6 CPU model 26 no PMU driver, software events only.
Apr  2 12:10:02 ubuntu kernel: [    0.165785] x86: Booted up 1 node, 1 CPUs
Apr  2 12:10:02 ubuntu kernel: [    0.168006] smpboot: Total of 1 processors activated (4800.16 BogoMIPS)
Apr  2 12:10:02 ubuntu kernel: [    0.176089] NMI watchdog: disabled (cpu0): hardware events not enabled
Apr  2 12:10:02 ubuntu kernel: [    0.184141] devtmpfs: initialized
Apr  2 12:10:02 ubuntu kernel: [    0.191108] EVM: security.selinux
Apr  2 12:10:02 ubuntu kernel: [    0.192004] EVM: security.SMACK64
Apr  2 12:10:02 ubuntu kernel: [    0.196004] EVM: security.ima
Apr  2 12:10:02 ubuntu kernel: [    0.200004] EVM: security.capability
Apr  2 12:10:02 ubuntu kernel: [    0.209176] pinctrl core: initialized pinctrl subsystem
Apr  2 12:10:02 ubuntu kernel: [    0.212124] regulator-dummy: no parameters
Apr  2 12:10:02 ubuntu kernel: [    0.216090] RTC time: 12:05:27, date: 04/02/15
Apr  2 12:10:02 ubuntu kernel: [    0.224044] NET: Registered protocol family 16
Apr  2 12:10:02 ubuntu kernel: [    0.228197] cpuidle: using governor ladder
Apr  2 12:10:02 ubuntu kernel: [    0.232005] cpuidle: using governor menu
Apr  2 12:10:02 ubuntu kernel: [    0.236071] ACPI: bus type PCI registered
Apr  2 12:10:02 ubuntu kernel: [    0.240011] acpiphp: ACPI Hot Plug PCI Controller Driver version: 0.5
Apr  2 12:10:02 ubuntu kernel: [    0.244179] PCI: Using configuration type 1 for base access
Apr  2 12:10:02 ubuntu kernel: [    0.252587] bio: create slab <bio-0> at 0
Apr  2 12:10:02 ubuntu kernel: [    0.256321] ACPI: Added _OSI(Module Device)
Apr  2 12:10:02 ubuntu kernel: [    0.260005] ACPI: Added _OSI(Processor Device)
Apr  2 12:10:02 ubuntu kernel: [    0.264413] ACPI: Added _OSI(3.0 _SCP Extensions)
Apr  2 12:10:02 ubuntu kernel: [    0.268005] ACPI: Added _OSI(Processor Aggregator Device)
Apr  2 12:10:02 ubuntu kernel: [    0.276250] ACPI: Interpreter enabled
Apr  2 12:10:02 ubuntu kernel: [    0.279669] ACPI Exception: AE_NOT_FOUND, While evaluating Sleep State [\_S1_] (20131115/hwxface-580)
Apr  2 12:10:02 ubuntu kernel: [    0.285967] ACPI Exception: AE_NOT_FOUND, While evaluating Sleep State [\_S2_] (20131115/hwxface-580)
Apr  2 12:10:02 ubuntu kernel: [    0.296009] ACPI Exception: AE_NOT_FOUND, While evaluating Sleep State [\_S3_] (20131115/hwxface-580)
Apr  2 12:10:02 ubuntu kernel: [    0.306108] ACPI Exception: AE_NOT_FOUND, While evaluating Sleep State [\_S4_] (20131115/hwxface-580)
Apr  2 12:10:02 ubuntu kernel: [    0.314118] ACPI: (supports S0 S5)
Apr  2 12:10:02 ubuntu kernel: [    0.316050] ACPI: Using IOAPIC for interrupt routing
Apr  2 12:10:02 ubuntu kernel: [    0.320358] PCI: Using host bridge windows from ACPI; if necessary, use "pci=nocrs" and report a bug
Apr  2 12:10:02 ubuntu kernel: [    0.324490] ACPI: No dock devices found.
Apr  2 12:10:02 ubuntu kernel: [    0.331451] ACPI: PCI Root Bridge [PCI0] (domain 0000 [bus 00-ff])
Apr  2 12:10:02 ubuntu kernel: [    0.332087] acpi PNP0A03:00: _OSC: OS supports [ASPM ClockPM Segments MSI]
Apr  2 12:10:02 ubuntu kernel: [    0.336018] acpi PNP0A03:00: _OSC failed (AE_NOT_FOUND); disabling ASPM
Apr  2 12:10:02 ubuntu kernel: [    0.340197] acpi PNP0A03:00: fail to add MMCONFIG information, can't access extended PCI configuration space under this bridge.
Apr  2 12:10:02 ubuntu kernel: [    0.344557] acpiphp: Slot [3] registered
Apr  2 12:10:02 ubuntu kernel: [    0.348057] acpiphp: Slot [4] registered
Apr  2 12:10:02 ubuntu kernel: [    0.352056] acpiphp: Slot [6] registered
Apr  2 12:10:02 ubuntu kernel: [    0.356076] acpiphp: Slot [7] registered
Apr  2 12:10:02 ubuntu kernel: [    0.360059] acpiphp: Slot [8] registered
Apr  2 12:10:02 ubuntu kernel: [    0.364034] acpiphp: Slot [9] registered
Apr  2 12:10:02 ubuntu kernel: [    0.368034] acpiphp: Slot [10] registered
Apr  2 12:10:02 ubuntu kernel: [    0.372049] acpiphp: Slot [11] registered
Apr  2 12:10:02 ubuntu kernel: [    0.376050] acpiphp: Slot [12] registered
Apr  2 12:10:02 ubuntu kernel: [    0.380055] acpiphp: Slot [13] registered
Apr  2 12:10:02 ubuntu kernel: [    0.384087] acpiphp: Slot [14] registered
Apr  2 12:10:02 ubuntu kernel: [    0.388039] acpiphp: Slot [15] registered
Apr  2 12:10:02 ubuntu kernel: [    0.391520] acpiphp: Slot [16] registered
Apr  2 12:10:02 ubuntu kernel: [    0.392034] acpiphp: Slot [17] registered
Apr  2 12:10:02 ubuntu kernel: [    0.396034] acpiphp: Slot [18] registered
Apr  2 12:10:02 ubuntu kernel: [    0.400045] acpiphp: Slot [19] registered
Apr  2 12:10:02 ubuntu kernel: [    0.404063] acpiphp: Slot [20] registered
Apr  2 12:10:02 ubuntu kernel: [    0.408044] acpiphp: Slot [21] registered
Apr  2 12:10:02 ubuntu kernel: [    0.412038] acpiphp: Slot [22] registered
Apr  2 12:10:02 ubuntu kernel: [    0.416036] acpiphp: Slot [23] registered
Apr  2 12:10:02 ubuntu kernel: [    0.420033] acpiphp: Slot [24] registered
Apr  2 12:10:02 ubuntu kernel: [    0.423796] acpiphp: Slot [25] registered
Apr  2 12:10:02 ubuntu kernel: [    0.424052] acpiphp: Slot [26] registered
Apr  2 12:10:02 ubuntu kernel: [    0.428095] acpiphp: Slot [27] registered
Apr  2 12:10:02 ubuntu kernel: [    0.432090] acpiphp: Slot [28] registered
Apr  2 12:10:02 ubuntu kernel: [    0.436085] acpiphp: Slot [29] registered
Apr  2 12:10:02 ubuntu kernel: [    0.440033] acpiphp: Slot [30] registered
Apr  2 12:10:02 ubuntu kernel: [    0.444049] acpiphp: Slot [31] registered
Apr  2 12:10:02 ubuntu kernel: [    0.448021] PCI host bridge to bus 0000:00
Apr  2 12:10:02 ubuntu kernel: [    0.452011] pci_bus 0000:00: root bus resource [bus 00-ff]
Apr  2 12:10:02 ubuntu kernel: [    0.456011] pci_bus 0000:00: root bus resource [io  0x0000-0x0cf7]
Apr  2 12:10:02 ubuntu kernel: [    0.460007] pci_bus 0000:00: root bus resource [io  0x0d00-0xadff]
Apr  2 12:10:02 ubuntu kernel: [    0.464006] pci_bus 0000:00: root bus resource [io  0xae0f-0xaeff]
Apr  2 12:10:02 ubuntu kernel: [    0.468007] pci_bus 0000:00: root bus resource [io  0xaf20-0xafdf]
Apr  2 12:10:02 ubuntu kernel: [    0.472021] pci_bus 0000:00: root bus resource [io  0xafe4-0xffff]
Apr  2 12:10:02 ubuntu kernel: [    0.476008] pci_bus 0000:00: root bus resource [mem 0x000a0000-0x000bffff]
Apr  2 12:10:02 ubuntu kernel: [    0.480007] pci_bus 0000:00: root bus resource [mem 0x40000000-0xfebfffff]
Apr  2 12:10:02 ubuntu kernel: [    0.484083] pci 0000:00:00.0: [8086:1237] type 00 class 0x060000
Apr  2 12:10:02 ubuntu kernel: [    0.484612] pci 0000:00:01.0: [8086:7000] type 00 class 0x060100
Apr  2 12:10:02 ubuntu kernel: [    0.488038] pci 0000:00:01.1: [8086:7010] type 00 class 0x010180
Apr  2 12:10:02 ubuntu kernel: [    0.493666] pci 0000:00:01.1: reg 0x20: [io  0xc120-0xc12f]
Apr  2 12:10:02 ubuntu kernel: [    0.496109] pci 0000:00:01.3: [8086:7113] type 00 class 0x068000
Apr  2 12:10:02 ubuntu kernel: [    0.496480] pci 0000:00:01.3: quirk: [io  0xb000-0xb03f] claimed by PIIX4 ACPI
Apr  2 12:10:02 ubuntu kernel: [    0.500021] pci 0000:00:01.3: quirk: [io  0xb100-0xb10f] claimed by PIIX4 SMB
Apr  2 12:10:02 ubuntu kernel: [    0.504276] pci 0000:00:02.0: [1b36:0100] type 00 class 0x030000
Apr  2 12:10:02 ubuntu kernel: [    0.512060] pci 0000:00:02.0: reg 0x10: [mem 0xf4000000-0xf7ffffff]
Apr  2 12:10:02 ubuntu kernel: [    0.516074] pci 0000:00:02.0: reg 0x14: [mem 0xf8000000-0xfbffffff]
Apr  2 12:10:02 ubuntu kernel: [    0.521992] pci 0000:00:02.0: reg 0x18: [mem 0xfc054000-0xfc055fff]
Apr  2 12:10:02 ubuntu kernel: [    0.525983] pci 0000:00:02.0: reg 0x1c: [io  0xc040-0xc05f]
Apr  2 12:10:02 ubuntu kernel: [    0.538041] pci 0000:00:02.0: reg 0x30: [mem 0xfc040000-0xfc04ffff pref]
Apr  2 12:10:02 ubuntu kernel: [    0.538553] pci 0000:00:03.0: [1af4:1000] type 00 class 0x020000
Apr  2 12:10:02 ubuntu kernel: [    0.540871] pci 0000:00:03.0: reg 0x10: [io  0xc060-0xc07f]
Apr  2 12:10:02 ubuntu kernel: [    0.542533] pci 0000:00:03.0: reg 0x14: [mem 0xfc056000-0xfc056fff]
Apr  2 12:10:02 ubuntu kernel: [    0.551287] pci 0000:00:03.0: reg 0x30: [mem 0xfc000000-0xfc03ffff pref]
Apr  2 12:10:02 ubuntu kernel: [    0.551630] pci 0000:00:04.0: [8086:2668] type 00 class 0x040300
Apr  2 12:10:02 ubuntu kernel: [    0.552443] pci 0000:00:04.0: reg 0x10: [mem 0xfc050000-0xfc053fff]
Apr  2 12:10:02 ubuntu kernel: [    0.558103] pci 0000:00:05.0: [8086:2934] type 00 class 0x0c0300
Apr  2 12:10:02 ubuntu kernel: [    0.562596] pci 0000:00:05.0: reg 0x20: [io  0xc080-0xc09f]
Apr  2 12:10:02 ubuntu kernel: [    0.564600] pci 0000:00:05.1: [8086:2935] type 00 class 0x0c0300
Apr  2 12:10:02 ubuntu kernel: [    0.568854] pci 0000:00:05.1: reg 0x20: [io  0xc0a0-0xc0bf]
Apr  2 12:10:02 ubuntu kernel: [    0.570741] pci 0000:00:05.2: [8086:2936] type 00 class 0x0c0300
Apr  2 12:10:02 ubuntu kernel: [    0.575004] pci 0000:00:05.2: reg 0x20: [io  0xc0c0-0xc0df]
Apr  2 12:10:02 ubuntu kernel: [    0.576632] pci 0000:00:05.7: [8086:293a] type 00 class 0x0c0320
Apr  2 12:10:02 ubuntu kernel: [    0.577520] pci 0000:00:05.7: reg 0x10: [mem 0xfc057000-0xfc057fff]
Apr  2 12:10:02 ubuntu kernel: [    0.583160] pci 0000:00:06.0: [1af4:1003] type 00 class 0x078000
Apr  2 12:10:02 ubuntu kernel: [    0.584937] pci 0000:00:06.0: reg 0x10: [io  0xc0e0-0xc0ff]
Apr  2 12:10:02 ubuntu kernel: [    0.586617] pci 0000:00:06.0: reg 0x14: [mem 0xfc058000-0xfc058fff]
Apr  2 12:10:02 ubuntu kernel: [    0.596214] pci 0000:00:07.0: [1af4:1001] type 00 class 0x010000
Apr  2 12:10:02 ubuntu kernel: [    0.598758] pci 0000:00:07.0: reg 0x10: [io  0xc000-0xc03f]
Apr  2 12:10:02 ubuntu kernel: [    0.601234] pci 0000:00:07.0: reg 0x14: [mem 0xfc059000-0xfc059fff]
Apr  2 12:10:02 ubuntu kernel: [    0.609137] pci 0000:00:08.0: [1af4:1002] type 00 class 0x00ff00
Apr  2 12:10:02 ubuntu kernel: [    0.610008] pci 0000:00:08.0: reg 0x10: [io  0xc100-0xc11f]
Apr  2 12:10:02 ubuntu kernel: [    0.616451] ACPI: PCI Interrupt Link [LNKA] (IRQs 5 *10 11)
Apr  2 12:10:02 ubuntu kernel: [    0.621806] ACPI: PCI Interrupt Link [LNKB] (IRQs 5 *10 11)
Apr  2 12:10:02 ubuntu kernel: [    0.625572] ACPI: PCI Interrupt Link [LNKC] (IRQs 5 10 *11)
Apr  2 12:10:02 ubuntu kernel: [    0.632746] ACPI: PCI Interrupt Link [LNKD] (IRQs 5 10 *11)
Apr  2 12:10:02 ubuntu kernel: [    0.637963] ACPI: PCI Interrupt Link [LNKS] (IRQs *9)
Apr  2 12:10:02 ubuntu kernel: [    0.645317] ACPI: Enabled 16 GPEs in block 00 to 0F
Apr  2 12:10:02 ubuntu kernel: [    0.648019] ACPI: \_SB_.PCI0: notify handler is installed
Apr  2 12:10:02 ubuntu kernel: [    0.648044] Found 1 acpi root devices
Apr  2 12:10:02 ubuntu kernel: [    0.648629] vgaarb: setting as boot device: PCI:0000:00:02.0
Apr  2 12:10:02 ubuntu kernel: [    0.652000] vgaarb: device added: PCI:0000:00:02.0,decodes=io+mem,owns=io+mem,locks=none
Apr  2 12:10:02 ubuntu kernel: [    0.652005] vgaarb: loaded
Apr  2 12:10:02 ubuntu kernel: [    0.656004] vgaarb: bridge control possible 0000:00:02.0
Apr  2 12:10:02 ubuntu kernel: [    0.660546] SCSI subsystem initialized
Apr  2 12:10:02 ubuntu kernel: [    0.664337] libata version 3.00 loaded.
Apr  2 12:10:02 ubuntu kernel: [    0.664412] ACPI: bus type USB registered
Apr  2 12:10:02 ubuntu kernel: [    0.668072] usbcore: registered new interface driver usbfs
Apr  2 12:10:02 ubuntu kernel: [    0.672031] usbcore: registered new interface driver hub
Apr  2 12:10:02 ubuntu kernel: [    0.676074] usbcore: registered new device driver usb
Apr  2 12:10:02 ubuntu kernel: [    0.680301] PCI: Using ACPI for IRQ routing
Apr  2 12:10:02 ubuntu kernel: [    0.684016] PCI: pci_cache_line_size set to 64 bytes
Apr  2 12:10:02 ubuntu kernel: [    0.684334] e820: reserve RAM buffer [mem 0x0009fc00-0x0009ffff]
Apr  2 12:10:02 ubuntu kernel: [    0.684342] e820: reserve RAM buffer [mem 0x3fffe000-0x3fffffff]
Apr  2 12:10:02 ubuntu kernel: [    0.684652] NetLabel: Initializing
Apr  2 12:10:02 ubuntu kernel: [    0.688012] NetLabel:  domain hash size = 128
Apr  2 12:10:02 ubuntu kernel: [    0.692004] NetLabel:  protocols = UNLABELED CIPSOv4
Apr  2 12:10:02 ubuntu kernel: [    0.696040] NetLabel:  unlabeled traffic allowed by default
Apr  2 12:10:02 ubuntu kernel: [    0.700316] Switched to clocksource kvm-clock
Apr  2 12:10:02 ubuntu kernel: [    0.801670] AppArmor: AppArmor Filesystem Enabled
Apr  2 12:10:02 ubuntu kernel: [    0.805941] pnp: PnP ACPI init
Apr  2 12:10:02 ubuntu kernel: [    0.808677] ACPI: bus type PNP registered
Apr  2 12:10:02 ubuntu kernel: [    0.812452] pnp 00:00: Plug and Play ACPI device, IDs PNP0b00 (active)
Apr  2 12:10:02 ubuntu kernel: [    0.812519] pnp 00:01: Plug and Play ACPI device, IDs PNP0303 (active)
Apr  2 12:10:02 ubuntu kernel: [    0.812573] pnp 00:02: Plug and Play ACPI device, IDs PNP0f13 (active)
Apr  2 12:10:02 ubuntu kernel: [    0.812619] pnp 00:03: [dma 2]
Apr  2 12:10:02 ubuntu kernel: [    0.812635] pnp 00:03: Plug and Play ACPI device, IDs PNP0700 (active)
Apr  2 12:10:02 ubuntu kernel: [    0.812740] pnp 00:04: Plug and Play ACPI device, IDs PNP0501 (active)
Apr  2 12:10:02 ubuntu kernel: [    0.813010] pnp 00:05: Plug and Play ACPI device, IDs PNP0a06 (active)
Apr  2 12:10:02 ubuntu kernel: [    0.813034] pnp: PnP ACPI: found 6 devices
Apr  2 12:10:02 ubuntu kernel: [    0.816506] ACPI: bus type PNP unregistered
Apr  2 12:10:02 ubuntu kernel: [    0.826522] pci_bus 0000:00: resource 4 [io  0x0000-0x0cf7]
Apr  2 12:10:02 ubuntu kernel: [    0.826525] pci_bus 0000:00: resource 5 [io  0x0d00-0xadff]
Apr  2 12:10:02 ubuntu kernel: [    0.826527] pci_bus 0000:00: resource 6 [io  0xae0f-0xaeff]
Apr  2 12:10:02 ubuntu kernel: [    0.826529] pci_bus 0000:00: resource 7 [io  0xaf20-0xafdf]
Apr  2 12:10:02 ubuntu kernel: [    0.826530] pci_bus 0000:00: resource 8 [io  0xafe4-0xffff]
Apr  2 12:10:02 ubuntu kernel: [    0.826532] pci_bus 0000:00: resource 9 [mem 0x000a0000-0x000bffff]
Apr  2 12:10:02 ubuntu kernel: [    0.826534] pci_bus 0000:00: resource 10 [mem 0x40000000-0xfebfffff]
Apr  2 12:10:02 ubuntu kernel: [    0.826622] NET: Registered protocol family 2
Apr  2 12:10:02 ubuntu kernel: [    0.831157] TCP established hash table entries: 8192 (order: 4, 65536 bytes)
Apr  2 12:10:02 ubuntu kernel: [    0.839160] TCP bind hash table entries: 8192 (order: 5, 131072 bytes)
Apr  2 12:10:02 ubuntu kernel: [    0.844975] TCP: Hash tables configured (established 8192 bind 8192)
Apr  2 12:10:02 ubuntu kernel: [    0.850061] TCP: reno registered
Apr  2 12:10:02 ubuntu kernel: [    0.852694] UDP hash table entries: 512 (order: 2, 16384 bytes)
Apr  2 12:10:02 ubuntu kernel: [    0.857314] UDP-Lite hash table entries: 512 (order: 2, 16384 bytes)
Apr  2 12:10:02 ubuntu kernel: [    0.862722] NET: Registered protocol family 1
Apr  2 12:10:02 ubuntu kernel: [    0.868177] pci 0000:00:00.0: Limiting direct PCI/PCI transfers
Apr  2 12:10:02 ubuntu kernel: [    0.873226] pci 0000:00:01.0: PIIX3: Enabling Passive Release
Apr  2 12:10:02 ubuntu kernel: [    0.878037] pci 0000:00:01.0: Activating ISA DMA hang workarounds
Apr  2 12:10:02 ubuntu kernel: [    0.883046] pci 0000:00:02.0: Video device with shadowed ROM
Apr  2 12:10:02 ubuntu kernel: [    0.883452] ACPI: PCI Interrupt Link [LNKA] enabled at IRQ 10
Apr  2 12:10:02 ubuntu kernel: [    0.889002] ACPI: PCI Interrupt Link [LNKB] enabled at IRQ 11
Apr  2 12:10:02 ubuntu kernel: [    0.894250] ACPI: PCI Interrupt Link [LNKC] enabled at IRQ 11
Apr  2 12:10:02 ubuntu kernel: [    0.901453] ACPI: PCI Interrupt Link [LNKD] enabled at IRQ 10
Apr  2 12:10:02 ubuntu kernel: [    0.907570] PCI: CLS 0 bytes, default 64
Apr  2 12:10:02 ubuntu kernel: [    0.907805] Trying to unpack rootfs image as initramfs...
Apr  2 12:10:02 ubuntu kernel: [    1.073283] Freeing initrd memory: 7096K (ffff880037214000 - ffff880037902000)
Apr  2 12:10:02 ubuntu kernel: [    1.080256] microcode: CPU0 sig=0x106a3, pf=0x1, revision=0x1
Apr  2 12:10:02 ubuntu kernel: [    1.085249] microcode: Microcode Update Driver: v2.00 <tigran@aivazian.fsnet.co.uk>, Peter Oruba
Apr  2 12:10:02 ubuntu kernel: [    1.092966] Scanning for low memory corruption every 60 seconds
Apr  2 12:10:02 ubuntu kernel: [    1.098425] Initialise system trusted keyring
Apr  2 12:10:02 ubuntu kernel: [    1.102455] audit: initializing netlink socket (disabled)
Apr  2 12:10:02 ubuntu kernel: [    1.107242] type=2000 audit(1427976327.616:1): initialized
Apr  2 12:10:02 ubuntu kernel: [    1.144482] HugeTLB registered 2 MB page size, pre-allocated 0 pages
Apr  2 12:10:02 ubuntu kernel: [    1.155771] zbud: loaded
Apr  2 12:10:02 ubuntu kernel: [    1.159324] VFS: Disk quotas dquot_6.5.2
Apr  2 12:10:02 ubuntu kernel: [    1.163627] Dquot-cache hash table entries: 512 (order 0, 4096 bytes)
Apr  2 12:10:02 ubuntu kernel: [    1.171453] fuse init (API version 7.22)
Apr  2 12:10:02 ubuntu kernel: [    1.177590] msgmni has been set to 1982
Apr  2 12:10:02 ubuntu kernel: [    1.182256] Key type big_key registered
Apr  2 12:10:02 ubuntu kernel: [    1.187405] Key type asymmetric registered
Apr  2 12:10:02 ubuntu kernel: [    1.192089] Asymmetric key parser 'x509' registered
Apr  2 12:10:02 ubuntu kernel: [    1.196977] Block layer SCSI generic (bsg) driver version 0.4 loaded (major 252)
Apr  2 12:10:02 ubuntu kernel: [    1.209893] io scheduler noop registered
Apr  2 12:10:02 ubuntu kernel: [    1.215490] io scheduler deadline registered (default)
Apr  2 12:10:02 ubuntu kernel: [    1.222914] io scheduler cfq registered
Apr  2 12:10:02 ubuntu kernel: [    1.228983] pci_hotplug: PCI Hot Plug PCI Core version: 0.5
Apr  2 12:10:02 ubuntu kernel: [    1.237555] pciehp: PCI Express Hot Plug Controller Driver version: 0.4
Apr  2 12:10:02 ubuntu kernel: [    1.249378] intel_idle: does not run on family 6 model 26
Apr  2 12:10:02 ubuntu kernel: [    1.249409] ipmi message handler version 39.2
Apr  2 12:10:02 ubuntu kernel: [    1.256136] input: Power Button as /devices/LNXSYSTM:00/LNXPWRBN:00/input/input0
Apr  2 12:10:02 ubuntu kernel: [    1.267501] ACPI: Power Button [PWRF]
Apr  2 12:10:02 ubuntu kernel: [    1.274841] GHES: HEST is not enabled!
Apr  2 12:10:02 ubuntu kernel: [    1.286334] Serial: 8250/16550 driver, 32 ports, IRQ sharing enabled
Apr  2 12:10:02 ubuntu kernel: [    1.326003] 00:04: ttyS0 at I/O 0x3f8 (irq = 4, base_baud = 115200) is a 16550A
Apr  2 12:10:02 ubuntu kernel: [    1.337136] virtio-pci 0000:00:06.0: irq 40 for MSI/MSI-X
Apr  2 12:10:02 ubuntu kernel: [    1.337162] virtio-pci 0000:00:06.0: irq 41 for MSI/MSI-X
Apr  2 12:10:02 ubuntu kernel: [    1.395146] Linux agpgart interface v0.103
Apr  2 12:10:02 ubuntu kernel: [    1.406385] brd: module loaded
Apr  2 12:10:02 ubuntu kernel: [    1.412397] loop: module loaded
Apr  2 12:10:02 ubuntu kernel: [    1.418762] virtio-pci 0000:00:07.0: irq 42 for MSI/MSI-X
Apr  2 12:10:02 ubuntu kernel: [    1.418791] virtio-pci 0000:00:07.0: irq 43 for MSI/MSI-X
Apr  2 12:10:02 ubuntu kernel: [    1.419080] blk-mq: CPU -> queue map
Apr  2 12:10:02 ubuntu kernel: [    1.426200]   CPU 0 -> Queue 0
Apr  2 12:10:02 ubuntu kernel: [    1.432734]  vda: vda1
Apr  2 12:10:02 ubuntu kernel: [    1.437351] ata_piix 0000:00:01.1: version 2.13
Apr  2 12:10:02 ubuntu kernel: [    1.439494] scsi0 : ata_piix
Apr  2 12:10:02 ubuntu kernel: [    1.443412] scsi1 : ata_piix
Apr  2 12:10:02 ubuntu kernel: [    1.447730] ata1: PATA max MWDMA2 cmd 0x1f0 ctl 0x3f6 bmdma 0xc120 irq 14
Apr  2 12:10:02 ubuntu kernel: [    1.456320] ata2: PATA max MWDMA2 cmd 0x170 ctl 0x376 bmdma 0xc128 irq 15
Apr  2 12:10:02 ubuntu kernel: [    1.466388] libphy: Fixed MDIO Bus: probed
Apr  2 12:10:02 ubuntu kernel: [    1.471433] tun: Universal TUN/TAP device driver, 1.6
Apr  2 12:10:02 ubuntu kernel: [    1.477578] tun: (C) 1999-2004 Max Krasnyansky <maxk@qualcomm.com>
Apr  2 12:10:02 ubuntu kernel: [    1.485479] virtio-pci 0000:00:03.0: irq 44 for MSI/MSI-X
Apr  2 12:10:02 ubuntu kernel: [    1.485508] virtio-pci 0000:00:03.0: irq 45 for MSI/MSI-X
Apr  2 12:10:02 ubuntu kernel: [    1.485561] virtio-pci 0000:00:03.0: irq 46 for MSI/MSI-X
Apr  2 12:10:02 ubuntu kernel: [    1.523383] PPP generic driver version 2.4.2
Apr  2 12:10:02 ubuntu kernel: [    1.529098] ehci_hcd: USB 2.0 'Enhanced' Host Controller (EHCI) Driver
Apr  2 12:10:02 ubuntu kernel: [    1.537347] ehci-pci: EHCI PCI platform driver
Apr  2 12:10:02 ubuntu kernel: [    1.543875] ehci-pci 0000:00:05.7: EHCI Host Controller
Apr  2 12:10:02 ubuntu kernel: [    1.550396] ehci-pci 0000:00:05.7: new USB bus registered, assigned bus number 1
Apr  2 12:10:02 ubuntu kernel: [    1.562918] ehci-pci 0000:00:05.7: irq 10, io mem 0xfc057000
Apr  2 12:10:02 ubuntu kernel: [    1.580060] ehci-pci 0000:00:05.7: USB 2.0 started, EHCI 1.00
Apr  2 12:10:02 ubuntu kernel: [    1.590092] usb usb1: New USB device found, idVendor=1d6b, idProduct=0002
Apr  2 12:10:02 ubuntu kernel: [    1.598458] usb usb1: New USB device strings: Mfr=3, Product=2, SerialNumber=1
Apr  2 12:10:02 ubuntu kernel: [    1.606711] usb usb1: Product: EHCI Host Controller
Apr  2 12:10:02 ubuntu kernel: [    1.612286] usb usb1: Manufacturer: Linux 3.13.0-48-generic ehci_hcd
Apr  2 12:10:02 ubuntu kernel: [    1.620700] usb usb1: SerialNumber: 0000:00:05.7
Apr  2 12:10:02 ubuntu kernel: [    1.626445] hub 1-0:1.0: USB hub found
Apr  2 12:10:02 ubuntu kernel: [    1.630884] hub 1-0:1.0: 6 ports detected
Apr  2 12:10:02 ubuntu kernel: [    1.636191] ehci-platform: EHCI generic platform driver
Apr  2 12:10:02 ubuntu kernel: [    1.642367] ohci_hcd: USB 1.1 'Open' Host Controller (OHCI) Driver
Apr  2 12:10:02 ubuntu kernel: [    1.651380] ohci-pci: OHCI PCI platform driver
Apr  2 12:10:02 ubuntu kernel: [    1.656604] ohci-platform: OHCI generic platform driver
Apr  2 12:10:02 ubuntu kernel: [    1.662863] uhci_hcd: USB Universal Host Controller Interface driver
Apr  2 12:10:02 ubuntu kernel: [    1.672545] uhci_hcd 0000:00:05.0: UHCI Host Controller
Apr  2 12:10:02 ubuntu kernel: [    1.679752] uhci_hcd 0000:00:05.0: new USB bus registered, assigned bus number 2
Apr  2 12:10:02 ubuntu kernel: [    1.687800] uhci_hcd 0000:00:05.0: irq 10, io base 0x0000c080
Apr  2 12:10:02 ubuntu kernel: [    1.694771] usb usb2: New USB device found, idVendor=1d6b, idProduct=0001
Apr  2 12:10:02 ubuntu kernel: [    1.702292] usb usb2: New USB device strings: Mfr=3, Product=2, SerialNumber=1
Apr  2 12:10:02 ubuntu kernel: [    1.712033] usb usb2: Product: UHCI Host Controller
Apr  2 12:10:02 ubuntu kernel: [    1.717452] usb usb2: Manufacturer: Linux 3.13.0-48-generic uhci_hcd
Apr  2 12:10:02 ubuntu kernel: [    1.724653] usb usb2: SerialNumber: 0000:00:05.0
Apr  2 12:10:02 ubuntu kernel: [    1.730073] hub 2-0:1.0: USB hub found
Apr  2 12:10:02 ubuntu kernel: [    1.734451] hub 2-0:1.0: 2 ports detected
Apr  2 12:10:02 ubuntu kernel: [    1.743111] uhci_hcd 0000:00:05.1: UHCI Host Controller
Apr  2 12:10:02 ubuntu kernel: [    1.749192] uhci_hcd 0000:00:05.1: new USB bus registered, assigned bus number 3
Apr  2 12:10:02 ubuntu kernel: [    1.759624] uhci_hcd 0000:00:05.1: irq 11, io base 0x0000c0a0
Apr  2 12:10:02 ubuntu kernel: [    1.766648] usb usb3: New USB device found, idVendor=1d6b, idProduct=0001
Apr  2 12:10:02 ubuntu kernel: [    1.775155] usb usb3: New USB device strings: Mfr=3, Product=2, SerialNumber=1
Apr  2 12:10:02 ubuntu kernel: [    1.784010] usb usb3: Product: UHCI Host Controller
Apr  2 12:10:02 ubuntu kernel: [    1.789417] usb usb3: Manufacturer: Linux 3.13.0-48-generic uhci_hcd
Apr  2 12:10:02 ubuntu kernel: [    1.796412] usb usb3: SerialNumber: 0000:00:05.1
Apr  2 12:10:02 ubuntu kernel: [    1.801506] hub 3-0:1.0: USB hub found
Apr  2 12:10:02 ubuntu kernel: [    1.807452] hub 3-0:1.0: 2 ports detected
Apr  2 12:10:02 ubuntu kernel: [    1.814198] uhci_hcd 0000:00:05.2: UHCI Host Controller
Apr  2 12:10:02 ubuntu kernel: [    1.820015] uhci_hcd 0000:00:05.2: new USB bus registered, assigned bus number 4
Apr  2 12:10:02 ubuntu kernel: [    1.828210] uhci_hcd 0000:00:05.2: irq 11, io base 0x0000c0c0
Apr  2 12:10:02 ubuntu kernel: [    1.835751] usb usb4: New USB device found, idVendor=1d6b, idProduct=0001
Apr  2 12:10:02 ubuntu kernel: [    1.843438] usb usb4: New USB device strings: Mfr=3, Product=2, SerialNumber=1
Apr  2 12:10:02 ubuntu kernel: [    1.851645] usb usb4: Product: UHCI Host Controller
Apr  2 12:10:02 ubuntu kernel: [    1.857007] usb usb4: Manufacturer: Linux 3.13.0-48-generic uhci_hcd
Apr  2 12:10:02 ubuntu kernel: [    1.865171] usb usb4: SerialNumber: 0000:00:05.2
Apr  2 12:10:02 ubuntu kernel: [    1.870700] hub 4-0:1.0: USB hub found
Apr  2 12:10:02 ubuntu kernel: [    1.874982] hub 4-0:1.0: 2 ports detected
Apr  2 12:10:02 ubuntu kernel: [    1.879700] i8042: PNP: PS/2 Controller [PNP0303:KBD,PNP0f13:MOU] at 0x60,0x64 irq 1,12
Apr  2 12:10:02 ubuntu kernel: [    1.890396] serio: i8042 KBD port at 0x60,0x64 irq 1
Apr  2 12:10:02 ubuntu kernel: [    1.898389] serio: i8042 AUX port at 0x60,0x64 irq 12
Apr  2 12:10:02 ubuntu kernel: [    1.907569] mousedev: PS/2 mouse device common for all mice
Apr  2 12:10:02 ubuntu kernel: [    1.916023] input: AT Translated Set 2 keyboard as /devices/platform/i8042/serio0/input/input1
Apr  2 12:10:02 ubuntu kernel: [    1.928657] rtc_cmos 00:00: RTC can wake from S4
Apr  2 12:10:02 ubuntu kernel: [    1.935350] rtc_cmos 00:00: rtc core: registered rtc_cmos as rtc0
Apr  2 12:10:02 ubuntu kernel: [    1.943013] rtc_cmos 00:00: alarms up to one day, 114 bytes nvram
Apr  2 12:10:02 ubuntu kernel: [    1.950273] device-mapper: uevent: version 1.0.3
Apr  2 12:10:02 ubuntu kernel: [    1.955764] device-mapper: ioctl: 4.27.0-ioctl (2013-10-30) initialised: dm-devel@redhat.com
Apr  2 12:10:02 ubuntu kernel: [    1.966914] ledtrig-cpu: registered to indicate activity on CPUs
Apr  2 12:10:02 ubuntu kernel: [    1.973284] TCP: cubic registered
Apr  2 12:10:02 ubuntu kernel: [    1.977346] NET: Registered protocol family 10
Apr  2 12:10:02 ubuntu kernel: [    1.983500] NET: Registered protocol family 17
Apr  2 12:10:02 ubuntu kernel: [    1.990684] Key type dns_resolver registered
Apr  2 12:10:02 ubuntu kernel: [    1.996518] Loading compiled-in X.509 certificates
Apr  2 12:10:02 ubuntu kernel: [    2.004954] Loaded X.509 cert 'Magrathea: Glacier signing key: 4eb2de249917cbf39cb85692e54cebade594d680'
Apr  2 12:10:02 ubuntu kernel: [    2.016550] registered taskstats version 1
Apr  2 12:10:02 ubuntu kernel: [    2.026356] Key type trusted registered
Apr  2 12:10:02 ubuntu kernel: [    2.034728] Key type encrypted registered
Apr  2 12:10:02 ubuntu kernel: [    2.039508] AppArmor: AppArmor sha1 policy hashing enabled
Apr  2 12:10:02 ubuntu kernel: [    2.045664] IMA: No TPM chip found, activating TPM-bypass!
Apr  2 12:10:02 ubuntu kernel: [    2.053848] regulator-dummy: disabling
Apr  2 12:10:02 ubuntu kernel: [    2.058165]   Magic number: 11:919:75
Apr  2 12:10:02 ubuntu kernel: [    2.062532] rtc_cmos 00:00: setting system clock to 2015-04-02 12:05:29 UTC (1427976329)
Apr  2 12:10:02 ubuntu kernel: [    2.072223] BIOS EDD facility v0.16 2004-Jun-25, 0 devices found
Apr  2 12:10:02 ubuntu kernel: [    2.079585] EDD information not available.
Apr  2 12:10:02 ubuntu kernel: [    2.086326] tsc: Refined TSC clocksource calibration: 2400.121 MHz
Apr  2 12:10:02 ubuntu kernel: [    2.094015] PM: Hibernation image not present or could not be loaded.
Apr  2 12:10:02 ubuntu kernel: [    2.097163] Freeing unused kernel memory: 1336K (ffffffff81d20000 - ffffffff81e6e000)
Apr  2 12:10:02 ubuntu kernel: [    2.106857] Write protecting the kernel read-only data: 12288k
Apr  2 12:10:02 ubuntu kernel: [    2.119201] Freeing unused kernel memory: 796K (ffff880001739000 - ffff880001800000)
Apr  2 12:10:02 ubuntu kernel: [    2.133199] Freeing unused kernel memory: 688K (ffff880001b54000 - ffff880001c00000)
Apr  2 12:10:02 ubuntu kernel: [    2.220491] FDC 0 is a S82078B
Apr  2 12:10:02 ubuntu kernel: [    3.264634] input: ImExPS/2 Generic Explorer Mouse as /devices/platform/i8042/serio1/input/input3
Apr  2 12:10:02 ubuntu kernel: [    3.652907] EXT4-fs (vda1): mounted filesystem with ordered data mode. Opts: (null)
Apr  2 12:10:02 ubuntu kernel: [    3.865519] random: init urandom read with 11 bits of entropy available
Apr  2 12:10:02 ubuntu kernel: [    4.131570] EXT4-fs (vda1): re-mounted. Opts: (null)
Apr  2 12:10:02 ubuntu kernel: [    5.396431] IPv6: ADDRCONF(NETDEV_UP): eth0: link is not ready
Apr  2 12:10:02 ubuntu kernel: [    5.401264] IPv6: ADDRCONF(NETDEV_UP): lo: link is not ready
Apr  2 12:10:02 ubuntu kernel: [    5.401268] IPv6: ADDRCONF(NETDEV_UP): eth0: link is not ready
Apr  2 12:10:02 ubuntu kernel: [    5.741363] type=1400 audit(1427976333.175:2): apparmor="STATUS" operation="profile_load" profile="unconfined" name="/sbin/dhclient" pid=431 comm="apparmor_parser"
Apr  2 12:10:02 ubuntu kernel: [    5.741382] type=1400 audit(1427976333.175:3): apparmor="STATUS" operation="profile_load" profile="unconfined" name="/usr/lib/NetworkManager/nm-dhcp-client.action" pid=431 comm="apparmor_parser"
Apr  2 12:10:02 ubuntu kernel: [    5.741387] type=1400 audit(1427976333.175:4): apparmor="STATUS" operation="profile_load" profile="unconfined" name="/usr/lib/connman/scripts/dhclient-script" pid=431 comm="apparmor_parser"
Apr  2 12:10:02 ubuntu kernel: [    5.741858] type=1400 audit(1427976333.175:5): apparmor="STATUS" operation="profile_replace" profile="unconfined" name="/usr/lib/NetworkManager/nm-dhcp-client.action" pid=431 comm="apparmor_parser"
Apr  2 12:10:02 ubuntu kernel: [    5.741863] type=1400 audit(1427976333.175:6): apparmor="STATUS" operation="profile_replace" profile="unconfined" name="/usr/lib/connman/scripts/dhclient-script" pid=431 comm="apparmor_parser"
Apr  2 12:10:02 ubuntu kernel: [    5.742090] type=1400 audit(1427976333.175:7): apparmor="STATUS" operation="profile_replace" profile="unconfined" name="/usr/lib/connman/scripts/dhclient-script" pid=431 comm="apparmor_parser"
Apr  2 12:10:02 ubuntu kernel: [   50.139413] random: nonblocking pool is initialized
Apr  2 12:10:02 ubuntu kernel: [  275.206007] type=1400 audit(1427976602.640:8): apparmor="STATUS" operation="profile_replace" profile="unconfined" name="/sbin/dhclient" pid=889 comm="apparmor_parser"
Apr  2 12:10:02 ubuntu kernel: [  275.206022] type=1400 audit(1427976602.640:9): apparmor="STATUS" operation="profile_replace" profile="unconfined" name="/usr/lib/NetworkManager/nm-dhcp-client.action" pid=889 comm="apparmor_parser"
Apr  2 12:10:02 ubuntu kernel: [  275.206033] type=1400 audit(1427976602.640:10): apparmor="STATUS" operation="profile_replace" profile="unconfined" name="/usr/lib/connman/scripts/dhclient-script" pid=889 comm="apparmor_parser"
Apr  2 12:10:02 ubuntu kernel: [  275.206522] type=1400 audit(1427976602.640:11): apparmor="STATUS" operation="profile_replace" profile="unconfined" name="/usr/lib/NetworkManager/nm-dhcp-client.action" pid=889 comm="apparmor_parser"
Apr  2 12:10:02 ubuntu kernel: [  275.206528] type=1400 audit(1427976602.640:12): apparmor="STATUS" operation="profile_replace" profile="unconfined" name="/usr/lib/connman/scripts/dhclient-script" pid=889 comm="apparmor_parser"
Apr  2 12:10:02 ubuntu kernel: [  275.206761] type=1400 audit(1427976602.640:13): apparmor="STATUS" operation="profile_replace" profile="unconfined" name="/usr/lib/connman/scripts/dhclient-script" pid=889 comm="apparmor_parser"
Apr  2 12:10:02 ubuntu kernel: [  275.229490] type=1400 audit(1427976602.664:14): apparmor="STATUS" operation="profile_load" profile="unconfined" name="/usr/sbin/tcpdump" pid=891 comm="apparmor_parser"
Apr  2 12:29:49 ubuntu kernel: [ 1461.844019] ip_tables: (C) 2000-2006 Netfilter Core Team
Apr  2 12:41:38 ubuntu kernel: [    0.000000] Initializing cgroup subsys cpuset
Apr  2 12:41:38 ubuntu kernel: [    0.000000] Initializing cgroup subsys cpu
Apr  2 12:41:38 ubuntu kernel: [    0.000000] Initializing cgroup subsys cpuacct
Apr  2 12:41:38 ubuntu kernel: [    0.000000] Linux version 3.13.0-48-generic (buildd@orlo) (gcc version 4.8.2 (Ubuntu 4.8.2-19ubuntu1) ) #80-Ubuntu SMP Thu Mar 12 11:16:15 UTC 2015 (Ubuntu 3.13.0-48.80-generic 3.13.11-ckt16)
Apr  2 12:41:38 ubuntu kernel: [    0.000000] Command line: BOOT_IMAGE=/boot/vmlinuz-3.13.0-48-generic root=LABEL=cloudimg-rootfs ro console=tty1 console=ttyS0
Apr  2 12:41:38 ubuntu kernel: [    0.000000] KERNEL supported cpus:
Apr  2 12:41:38 ubuntu kernel: [    0.000000]   Intel GenuineIntel
Apr  2 12:41:38 ubuntu kernel: [    0.000000]   AMD AuthenticAMD
Apr  2 12:41:38 ubuntu kernel: [    0.000000]   Centaur CentaurHauls
Apr  2 12:41:38 ubuntu kernel: [    0.000000] e820: BIOS-provided physical RAM map:
Apr  2 12:41:38 ubuntu kernel: [    0.000000] BIOS-e820: [mem 0x0000000000000000-0x000000000009fbff] usable
Apr  2 12:41:38 ubuntu kernel: [    0.000000] BIOS-e820: [mem 0x000000000009fc00-0x000000000009ffff] reserved
Apr  2 12:41:38 ubuntu kernel: [    0.000000] BIOS-e820: [mem 0x00000000000f0000-0x00000000000fffff] reserved
Apr  2 12:41:38 ubuntu kernel: [    0.000000] BIOS-e820: [mem 0x0000000000100000-0x000000003fffdfff] usable
Apr  2 12:41:38 ubuntu kernel: [    0.000000] BIOS-e820: [mem 0x000000003fffe000-0x000000003fffffff] reserved
Apr  2 12:41:38 ubuntu kernel: [    0.000000] BIOS-e820: [mem 0x00000000feffc000-0x00000000feffffff] reserved
Apr  2 12:41:38 ubuntu kernel: [    0.000000] BIOS-e820: [mem 0x00000000fffc0000-0x00000000ffffffff] reserved
Apr  2 12:41:38 ubuntu kernel: [    0.000000] NX (Execute Disable) protection: active
Apr  2 12:41:38 ubuntu kernel: [    0.000000] SMBIOS 2.4 present.
Apr  2 12:41:38 ubuntu kernel: [    0.000000] DMI: QEMU Standard PC (i440FX + PIIX, 1996), BIOS Bochs 01/01/2011
Apr  2 12:41:38 ubuntu kernel: [    0.000000] Hypervisor detected: KVM
Apr  2 12:41:38 ubuntu kernel: [    0.000000] e820: update [mem 0x00000000-0x00000fff] usable ==> reserved
Apr  2 12:41:38 ubuntu kernel: [    0.000000] e820: remove [mem 0x000a0000-0x000fffff] usable
Apr  2 12:41:38 ubuntu kernel: [    0.000000] No AGP bridge found
Apr  2 12:41:38 ubuntu kernel: [    0.000000] e820: last_pfn = 0x3fffe max_arch_pfn = 0x400000000
Apr  2 12:41:38 ubuntu kernel: [    0.000000] MTRR default type: write-back
Apr  2 12:41:38 ubuntu kernel: [    0.000000] MTRR fixed ranges enabled:
Apr  2 12:41:38 ubuntu kernel: [    0.000000]   00000-9FFFF write-back
Apr  2 12:41:38 ubuntu kernel: [    0.000000]   A0000-BFFFF uncachable
Apr  2 12:41:38 ubuntu kernel: [    0.000000]   C0000-FFFFF write-protect
Apr  2 12:41:38 ubuntu kernel: [    0.000000] MTRR variable ranges enabled:
Apr  2 12:41:38 ubuntu kernel: [    0.000000]   0 base 0080000000 mask FF80000000 uncachable
Apr  2 12:41:38 ubuntu kernel: [    0.000000]   1 disabled
Apr  2 12:41:38 ubuntu kernel: [    0.000000]   2 disabled
Apr  2 12:41:38 ubuntu kernel: [    0.000000]   3 disabled
Apr  2 12:41:38 ubuntu kernel: [    0.000000]   4 disabled
Apr  2 12:41:38 ubuntu kernel: [    0.000000]   5 disabled
Apr  2 12:41:38 ubuntu kernel: [    0.000000]   6 disabled
Apr  2 12:41:38 ubuntu kernel: [    0.000000]   7 disabled
Apr  2 12:41:38 ubuntu kernel: [    0.000000] x86 PAT enabled: cpu 0, old 0x7040600070406, new 0x7010600070106
Apr  2 12:41:38 ubuntu kernel: [    0.000000] found SMP MP-table at [mem 0x000f0b20-0x000f0b2f] mapped at [ffff8800000f0b20]
Apr  2 12:41:38 ubuntu kernel: [    0.000000] Scanning 1 areas for low memory corruption
Apr  2 12:41:38 ubuntu kernel: [    0.000000] Base memory trampoline at [ffff880000099000] 99000 size 24576
Apr  2 12:41:38 ubuntu kernel: [    0.000000] init_memory_mapping: [mem 0x00000000-0x000fffff]
Apr  2 12:41:38 ubuntu kernel: [    0.000000]  [mem 0x00000000-0x000fffff] page 4k
Apr  2 12:41:38 ubuntu kernel: [    0.000000] BRK [0x01fe1000, 0x01fe1fff] PGTABLE
Apr  2 12:41:38 ubuntu kernel: [    0.000000] BRK [0x01fe2000, 0x01fe2fff] PGTABLE
Apr  2 12:41:38 ubuntu kernel: [    0.000000] BRK [0x01fe3000, 0x01fe3fff] PGTABLE
Apr  2 12:41:38 ubuntu kernel: [    0.000000] init_memory_mapping: [mem 0x3fc00000-0x3fdfffff]
Apr  2 12:41:38 ubuntu kernel: [    0.000000]  [mem 0x3fc00000-0x3fdfffff] page 2M
Apr  2 12:41:38 ubuntu kernel: [    0.000000] init_memory_mapping: [mem 0x3c000000-0x3fbfffff]
Apr  2 12:41:38 ubuntu kernel: [    0.000000]  [mem 0x3c000000-0x3fbfffff] page 2M
Apr  2 12:41:38 ubuntu kernel: [    0.000000] init_memory_mapping: [mem 0x00100000-0x3bffffff]
Apr  2 12:41:38 ubuntu kernel: [    0.000000]  [mem 0x00100000-0x001fffff] page 4k
Apr  2 12:41:38 ubuntu kernel: [    0.000000]  [mem 0x00200000-0x3bffffff] page 2M
Apr  2 12:41:38 ubuntu kernel: [    0.000000] init_memory_mapping: [mem 0x3fe00000-0x3fffdfff]
Apr  2 12:41:38 ubuntu kernel: [    0.000000]  [mem 0x3fe00000-0x3fffdfff] page 4k
Apr  2 12:41:38 ubuntu kernel: [    0.000000] BRK [0x01fe4000, 0x01fe4fff] PGTABLE
